<html>
<body>
<pre>
<h1>µVision Build Log</h1>
<h2>Tool Versions:</h2>
IDE-Version: µVision V5.28.0.0
Copyright (C) 2019 ARM Ltd and ARM Germany GmbH. All rights reserved.
License Information: Murray kornelsen, McGill University, LIC=----
 
Tool Versions:
Toolchain:       MDK-Lite  Version: 5.28.0.0
Toolchain Path:  C:\Keil_v5\ARM\ARMCC\Bin
C Compiler:      Armcc.exe V5.06 update 6 (build 750)
Assembler:       Armasm.exe V5.06 update 6 (build 750)
Linker/Locator:  ArmLink.exe V5.06 update 6 (build 750)
Library Manager: ArmAr.exe V5.06 update 6 (build 750)
Hex Converter:   FromElf.exe V5.06 update 6 (build 750)
CPU DLL:         SARMCM3.DLL V5.28.0.0
Dialog DLL:      DCM.DLL V1.17.3.0
Target DLL:      STLink\ST-LINKIII-KEIL_SWO.dll V3.0.6.0
Dialog DLL:      TCM.DLL V1.36.2.0
 
<h2>Project:</h2>
C:\Users\murra\Documents\ECSE444\ecse444\GXX_Lab7\MDK-ARM\GXX_Lab7.uvprojx
Project File Date:  11/05/2019

<h2>Output:</h2>
*** Using Compiler 'V5.06 update 6 (build 750)', folder: 'C:\Keil_v5\ARM\ARMCC\Bin'
Build target 'GXX_Lab7'
assembling startup_stm32l475xx.s...
compiling stm32l475e_iot01_accelero.c...
compiling stm32l475e_iot01_gyro.c...
compiling stm32l475e_iot01.c...
compiling stm32l475e_iot01_psensor.c...
compiling stm32l475e_iot01_hsensor.c...
compiling stm32l475e_iot01_magneto.c...
compiling hts221.c...
compiling lis3mdl.c...
compiling lps22hb.c...
compiling lsm6dsl.c...
compiling stm32l475e_iot01_tsensor.c...
compiling stm32l475e_iot01_qspi.c...
compiling freertos.c...
compiling main.c...
compiling stm32l4xx_hal_timebase_TIM.c...
compiling stm32l4xx_hal_msp.c...
compiling stm32l4xx_it.c...
compiling stm32l4xx_hal.c...
compiling stm32l4xx_hal_tim_ex.c...
compiling stm32l4xx_hal_tim.c...
compiling stm32l4xx_hal_i2c_ex.c...
compiling stm32l4xx_hal_rcc.c...
compiling stm32l4xx_hal_i2c.c...
compiling stm32l4xx_hal_flash.c...
compiling stm32l4xx_hal_flash_ex.c...
compiling stm32l4xx_hal_rcc_ex.c...
compiling stm32l4xx_hal_flash_ramfunc.c...
compiling stm32l4xx_hal_gpio.c...
compiling stm32l4xx_hal_dma.c...
compiling stm32l4xx_hal_dma_ex.c...
compiling stm32l4xx_hal_pwr.c...
compiling stm32l4xx_hal_pwr_ex.c...
compiling stm32l4xx_hal_cortex.c...
compiling stm32l4xx_hal_uart_ex.c...
compiling stm32l4xx_hal_uart.c...
compiling system_stm32l4xx.c...
compiling heap_4.c...
compiling stm32l4xx_hal_qspi.c...
compiling port.c...
compiling croutine.c...
compiling stm32l4xx_hal_dfsdm.c...
compiling event_groups.c...
compiling list.c...
compiling timers.c...
compiling queue.c...
compiling tasks.c...
compiling cmsis_os.c...
linking...
Program Size: Code=17856 RO-data=592 RW-data=356 ZI-data=4540  
FromELF: creating hex file...
"GXX_Lab7\GXX_Lab7.axf" - 0 Error(s), 0 Warning(s).

<h2>Software Packages used:</h2>

Package Vendor: Keil
                http://www.keil.com/pack/Keil.STM32L4xx_DFP.2.2.0.pack
                Keil.STM32L4xx_DFP.2.2.0
                STMicroelectronics STM32L4 Series Device Support, Drivers and Examples

<h2>Collection of Component include folders:</h2>
  .\RTE\_GXX_Lab7
  C:\Users\murra\AppData\Local\Arm\Packs\Keil\STM32L4xx_DFP\2.2.0\Drivers\CMSIS\Device\ST\STM32L4xx\Include

<h2>Collection of Component Files used:</h2>
Build Time Elapsed:  00:01:16
</pre>
</body>
</html>
