Component: ARM Compiler 6.12 Tool: armlink [5d624300]

==============================================================================

Section Cross References

    startup_stm32l475xx.o(RESET) refers to startup_stm32l475xx.o(STACK) for __initial_sp
    startup_stm32l475xx.o(RESET) refers to startup_stm32l475xx.o(.text) for Reset_Handler
    startup_stm32l475xx.o(RESET) refers to stm32l4xx_it.o(.text.NMI_Handler) for NMI_Handler
    startup_stm32l475xx.o(RESET) refers to stm32l4xx_it.o(.text.HardFault_Handler) for HardFault_Handler
    startup_stm32l475xx.o(RESET) refers to stm32l4xx_it.o(.text.MemManage_Handler) for MemManage_Handler
    startup_stm32l475xx.o(RESET) refers to stm32l4xx_it.o(.text.BusFault_Handler) for BusFault_Handler
    startup_stm32l475xx.o(RESET) refers to stm32l4xx_it.o(.text.UsageFault_Handler) for UsageFault_Handler
    startup_stm32l475xx.o(RESET) refers to stm32l4xx_it.o(.text.SVC_Handler) for SVC_Handler
    startup_stm32l475xx.o(RESET) refers to stm32l4xx_it.o(.text.DebugMon_Handler) for DebugMon_Handler
    startup_stm32l475xx.o(RESET) refers to stm32l4xx_it.o(.text.PendSV_Handler) for PendSV_Handler
    startup_stm32l475xx.o(RESET) refers to stm32l4xx_it.o(.text.SysTick_Handler) for SysTick_Handler
    startup_stm32l475xx.o(RESET) refers to stm32l4xx_it.o(.text.TIM2_IRQHandler) for TIM2_IRQHandler
    startup_stm32l475xx.o(.text) refers to system_stm32l4xx.o(.text.SystemInit) for SystemInit
    startup_stm32l475xx.o(.text) refers to entry.o(.ARM.Collect$$$$00000000) for __main
    generatesine.o(.text.writeSineFloat) refers to arm_sin_f32.o(.text.arm_sin_f32) for arm_sin_f32
    generatesine.o(.text.writeSineFloat) refers to stm32l475e_iot01_qspi.o(.text.BSP_QSPI_Write) for BSP_QSPI_Write
    generatesine.o(.ARM.exidx.text.writeSineFloat) refers to generatesine.o(.text.writeSineFloat) for [Anonymous Symbol]
    generatesine.o(.text.writeSineInt) refers to arm_sin_f32.o(.text.arm_sin_f32) for arm_sin_f32
    generatesine.o(.text.writeSineInt) refers to stm32l475e_iot01_qspi.o(.text.BSP_QSPI_Write) for BSP_QSPI_Write
    generatesine.o(.ARM.exidx.text.writeSineInt) refers to generatesine.o(.text.writeSineInt) for [Anonymous Symbol]
    generatesine.o(.text.printSine) refers to stm32l475e_iot01_qspi.o(.text.BSP_QSPI_Read) for BSP_QSPI_Read
    generatesine.o(.text.printSine) refers to f2d.o(.text) for __aeabi_f2d
    generatesine.o(.text.printSine) refers to printfa.o(i.__0printf) for __2printf
    generatesine.o(.ARM.exidx.text.printSine) refers to generatesine.o(.text.printSine) for [Anonymous Symbol]
    main.o(.text.fputc) refers to main.o(.bss.huart1) for huart1
    main.o(.text.fputc) refers to stm32l4xx_hal_uart.o(.text.HAL_UART_Transmit) for HAL_UART_Transmit
    main.o(.ARM.exidx.text.fputc) refers to main.o(.text.fputc) for [Anonymous Symbol]
    main.o(.text.fgetc) refers to main.o(.bss.huart1) for huart1
    main.o(.text.fgetc) refers to stm32l4xx_hal_uart.o(.text.HAL_UART_Receive) for HAL_UART_Receive
    main.o(.ARM.exidx.text.fgetc) refers to main.o(.text.fgetc) for [Anonymous Symbol]
    main.o(.text.main) refers to stm32l4xx_hal.o(.text.HAL_Init) for HAL_Init
    main.o(.text.main) refers to memseta.o(.text) for __aeabi_memclr4
    main.o(.text.main) refers to stm32l4xx_hal_rcc.o(.text.HAL_RCC_OscConfig) for HAL_RCC_OscConfig
    main.o(.text.main) refers to stm32l4xx_hal_rcc.o(.text.HAL_RCC_ClockConfig) for HAL_RCC_ClockConfig
    main.o(.text.main) refers to stm32l4xx_hal_rcc_ex.o(.text.HAL_RCCEx_PeriphCLKConfig) for HAL_RCCEx_PeriphCLKConfig
    main.o(.text.main) refers to stm32l4xx_hal_pwr_ex.o(.text.HAL_PWREx_ControlVoltageScaling) for HAL_PWREx_ControlVoltageScaling
    main.o(.text.main) refers to main.o(.bss.huart1) for huart1
    main.o(.text.main) refers to stm32l4xx_hal_uart.o(.text.HAL_UART_Init) for HAL_UART_Init
    main.o(.text.main) refers to main.o(.bss..L_MergedGlobals) for .L_MergedGlobals
    main.o(.text.main) refers to stm32l4xx_hal_dac.o(.text.HAL_DAC_Init) for HAL_DAC_Init
    main.o(.text.main) refers to stm32l4xx_hal_dac.o(.text.HAL_DAC_ConfigChannel) for HAL_DAC_ConfigChannel
    main.o(.text.main) refers to stm32l4xx_hal_tim.o(.text.HAL_TIM_Base_Init) for HAL_TIM_Base_Init
    main.o(.text.main) refers to stm32l4xx_hal_tim.o(.text.HAL_TIM_ConfigClockSource) for HAL_TIM_ConfigClockSource
    main.o(.text.main) refers to stm32l4xx_hal_tim_ex.o(.text.HAL_TIMEx_MasterConfigSynchronization) for HAL_TIMEx_MasterConfigSynchronization
    main.o(.text.main) refers to stm32l4xx_hal_tim.o(.text.HAL_TIM_Base_Start_IT) for HAL_TIM_Base_Start_IT
    main.o(.text.main) refers to stm32l4xx_hal_dac.o(.text.HAL_DAC_Start) for HAL_DAC_Start
    main.o(.text.main) refers to stm32l475e_iot01_qspi.o(.text.BSP_QSPI_Init) for BSP_QSPI_Init
    main.o(.text.main) refers to puts.o(i.puts) for puts
    main.o(.text.main) refers to generatesine.o(.text.printSine) for printSine
[...]
    Removing stm32l4xx_hal_uart.o(.text.HAL_UART_Abort_IT), (182 bytes).
    Removing stm32l4xx_hal_uart.o(.ARM.exidx.text.HAL_UART_Abort_IT), (8 bytes).
    Removing stm32l4xx_hal_uart.o(.text.UART_DMATxAbortCallback), (46 bytes).
    Removing stm32l4xx_hal_uart.o(.ARM.exidx.text.UART_DMATxAbortCallback), (8 bytes).
    Removing stm32l4xx_hal_uart.o(.text.UART_DMARxAbortCallback), (54 bytes).
    Removing stm32l4xx_hal_uart.o(.ARM.exidx.text.UART_DMARxAbortCallback), (8 bytes).
    Removing stm32l4xx_hal_uart.o(.text.HAL_UART_AbortCpltCallback), (2 bytes).
    Removing stm32l4xx_hal_uart.o(.ARM.exidx.text.HAL_UART_AbortCpltCallback), (8 bytes).
    Removing stm32l4xx_hal_uart.o(.text.HAL_UART_AbortTransmit_IT), (104 bytes).
    Removing stm32l4xx_hal_uart.o(.ARM.exidx.text.HAL_UART_AbortTransmit_IT), (8 bytes).
    Removing stm32l4xx_hal_uart.o(.text.UART_DMATxOnlyAbortCallback), (16 bytes).
    Removing stm32l4xx_hal_uart.o(.ARM.exidx.text.UART_DMATxOnlyAbortCallback), (8 bytes).
    Removing stm32l4xx_hal_uart.o(.text.HAL_UART_AbortTransmitCpltCallback), (2 bytes).
    Removing stm32l4xx_hal_uart.o(.ARM.exidx.text.HAL_UART_AbortTransmitCpltCallback), (8 bytes).
    Removing stm32l4xx_hal_uart.o(.text.HAL_UART_AbortReceive_IT), (128 bytes).
    Removing stm32l4xx_hal_uart.o(.ARM.exidx.text.HAL_UART_AbortReceive_IT), (8 bytes).
    Removing stm32l4xx_hal_uart.o(.text.UART_DMARxOnlyAbortCallback), (30 bytes).
    Removing stm32l4xx_hal_uart.o(.ARM.exidx.text.UART_DMARxOnlyAbortCallback), (8 bytes).
    Removing stm32l4xx_hal_uart.o(.text.HAL_UART_AbortReceiveCpltCallback), (2 bytes).
    Removing stm32l4xx_hal_uart.o(.ARM.exidx.text.HAL_UART_AbortReceiveCpltCallback), (8 bytes).
    Removing stm32l4xx_hal_uart.o(.text.HAL_UART_IRQHandler), (354 bytes).
    Removing stm32l4xx_hal_uart.o(.ARM.exidx.text.HAL_UART_IRQHandler), (8 bytes).
    Removing stm32l4xx_hal_uart.o(.text.UART_DMAAbortOnError), (16 bytes).
    Removing stm32l4xx_hal_uart.o(.ARM.exidx.text.UART_DMAAbortOnError), (8 bytes).
    Removing stm32l4xx_hal_uart.o(.text.HAL_UART_ErrorCallback), (2 bytes).
    Removing stm32l4xx_hal_uart.o(.ARM.exidx.text.HAL_UART_ErrorCallback), (8 bytes).
    Removing stm32l4xx_hal_uart.o(.text.HAL_UART_TxCpltCallback), (2 bytes).
    Removing stm32l4xx_hal_uart.o(.ARM.exidx.text.HAL_UART_TxCpltCallback), (8 bytes).
    Removing stm32l4xx_hal_uart.o(.text.HAL_UART_TxHalfCpltCallback), (2 bytes).
    Removing stm32l4xx_hal_uart.o(.ARM.exidx.text.HAL_UART_TxHalfCpltCallback), (8 bytes).
    Removing stm32l4xx_hal_uart.o(.text.HAL_UART_RxCpltCallback), (2 bytes).
    Removing stm32l4xx_hal_uart.o(.ARM.exidx.text.HAL_UART_RxCpltCallback), (8 bytes).
    Removing stm32l4xx_hal_uart.o(.text.HAL_UART_RxHalfCpltCallback), (2 bytes).
    Removing stm32l4xx_hal_uart.o(.ARM.exidx.text.HAL_UART_RxHalfCpltCallback), (8 bytes).
    Removing stm32l4xx_hal_uart.o(.text.HAL_MultiProcessor_EnableMuteMode), (40 bytes).
    Removing stm32l4xx_hal_uart.o(.ARM.exidx.text.HAL_MultiProcessor_EnableMuteMode), (8 bytes).
    Removing stm32l4xx_hal_uart.o(.text.HAL_MultiProcessor_DisableMuteMode), (40 bytes).
    Removing stm32l4xx_hal_uart.o(.ARM.exidx.text.HAL_MultiProcessor_DisableMuteMode), (8 bytes).
    Removing stm32l4xx_hal_uart.o(.text.HAL_MultiProcessor_EnterMuteMode), (12 bytes).
    Removing stm32l4xx_hal_uart.o(.ARM.exidx.text.HAL_MultiProcessor_EnterMuteMode), (8 bytes).
    Removing stm32l4xx_hal_uart.o(.text.HAL_HalfDuplex_EnableTransmitter), (50 bytes).
    Removing stm32l4xx_hal_uart.o(.ARM.exidx.text.HAL_HalfDuplex_EnableTransmitter), (8 bytes).
    Removing stm32l4xx_hal_uart.o(.text.HAL_HalfDuplex_EnableReceiver), (50 bytes).
    Removing stm32l4xx_hal_uart.o(.ARM.exidx.text.HAL_HalfDuplex_EnableReceiver), (8 bytes).
    Removing stm32l4xx_hal_uart.o(.text.HAL_LIN_SendBreak), (42 bytes).
    Removing stm32l4xx_hal_uart.o(.ARM.exidx.text.HAL_LIN_SendBreak), (8 bytes).
    Removing stm32l4xx_hal_uart.o(.text.HAL_UART_GetState), (8 bytes).
    Removing stm32l4xx_hal_uart.o(.ARM.exidx.text.HAL_UART_GetState), (8 bytes).
    Removing stm32l4xx_hal_uart.o(.text.HAL_UART_GetError), (4 bytes).
    Removing stm32l4xx_hal_uart.o(.ARM.exidx.text.HAL_UART_GetError), (8 bytes).
    Removing stm32l4xx_hal_uart_ex.o(.text), (0 bytes).
    Removing stm32l4xx_hal_uart_ex.o(.text.HAL_RS485Ex_Init), (126 bytes).
    Removing stm32l4xx_hal_uart_ex.o(.ARM.exidx.text.HAL_RS485Ex_Init), (8 bytes).
    Removing stm32l4xx_hal_uart_ex.o(.text.HAL_UARTEx_WakeupCallback), (2 bytes).
    Removing stm32l4xx_hal_uart_ex.o(.ARM.exidx.text.HAL_UARTEx_WakeupCallback), (8 bytes).
    Removing stm32l4xx_hal_uart_ex.o(.text.HAL_UARTEx_EnableClockStopMode), (34 bytes).
    Removing stm32l4xx_hal_uart_ex.o(.ARM.exidx.text.HAL_UARTEx_EnableClockStopMode), (8 bytes).
    Removing stm32l4xx_hal_uart_ex.o(.text.HAL_UARTEx_DisableClockStopMode), (34 bytes).
    Removing stm32l4xx_hal_uart_ex.o(.ARM.exidx.text.HAL_UARTEx_DisableClockStopMode), (8 bytes).
    Removing stm32l4xx_hal_uart_ex.o(.text.HAL_MultiProcessorEx_AddressLength_Set), (44 bytes).
    Removing stm32l4xx_hal_uart_ex.o(.ARM.exidx.text.HAL_MultiProcessorEx_AddressLength_Set), (8 bytes).
    Removing stm32l4xx_hal_uart_ex.o(.text.HAL_UARTEx_StopModeWakeUpSourceConfig), (142 bytes).
    Removing stm32l4xx_hal_uart_ex.o(.ARM.exidx.text.HAL_UARTEx_StopModeWakeUpSourceConfig), (8 bytes).
    Removing stm32l4xx_hal_uart_ex.o(.text.HAL_UARTEx_EnableStopMode), (34 bytes).
    Removing stm32l4xx_hal_uart_ex.o(.ARM.exidx.text.HAL_UARTEx_EnableStopMode), (8 bytes).
    Removing stm32l4xx_hal_uart_ex.o(.text.HAL_UARTEx_DisableStopMode), (34 bytes).
    Removing stm32l4xx_hal_uart_ex.o(.ARM.exidx.text.HAL_UARTEx_DisableStopMode), (8 bytes).
    Removing stm32l4xx_hal_qspi.o(.text), (0 bytes).
    Removing stm32l4xx_hal_qspi.o(.ARM.exidx.text.HAL_QSPI_Init), (8 bytes).
    Removing stm32l4xx_hal_qspi.o(.ARM.exidx.text.HAL_QSPI_MspInit), (8 bytes).
    Removing stm32l4xx_hal_qspi.o(.text.HAL_QSPI_SetTimeout), (4 bytes).
    Removing stm32l4xx_hal_qspi.o(.ARM.exidx.text.HAL_QSPI_SetTimeout), (8 bytes).
    Removing stm32l4xx_hal_qspi.o(.ARM.exidx.text.HAL_QSPI_DeInit), (8 bytes).
    Removing stm32l4xx_hal_qspi.o(.ARM.exidx.text.HAL_QSPI_MspDeInit), (8 bytes).
    Removing stm32l4xx_hal_qspi.o(.text.HAL_QSPI_IRQHandler), (798 bytes).
    Removing stm32l4xx_hal_qspi.o(.ARM.exidx.text.HAL_QSPI_IRQHandler), (8 bytes).
    Removing stm32l4xx_hal_qspi.o(.text.HAL_QSPI_FifoThresholdCallback), (2 bytes).
    Removing stm32l4xx_hal_qspi.o(.ARM.exidx.text.HAL_QSPI_FifoThresholdCallback), (8 bytes).
    Removing stm32l4xx_hal_qspi.o(.text.HAL_QSPI_Abort_IT), (108 bytes).
    Removing stm32l4xx_hal_qspi.o(.ARM.exidx.text.HAL_QSPI_Abort_IT), (8 bytes).
    Removing stm32l4xx_hal_qspi.o(.text.HAL_QSPI_TxCpltCallback), (2 bytes).
    Removing stm32l4xx_hal_qspi.o(.ARM.exidx.text.HAL_QSPI_TxCpltCallback), (8 bytes).
    Removing stm32l4xx_hal_qspi.o(.text.HAL_QSPI_RxCpltCallback), (2 bytes).
    Removing stm32l4xx_hal_qspi.o(.ARM.exidx.text.HAL_QSPI_RxCpltCallback), (8 bytes).
    Removing stm32l4xx_hal_qspi.o(.text.HAL_QSPI_CmdCpltCallback), (2 bytes).
    Removing stm32l4xx_hal_qspi.o(.ARM.exidx.text.HAL_QSPI_CmdCpltCallback), (8 bytes).
    Removing stm32l4xx_hal_qspi.o(.text.HAL_QSPI_AbortCpltCallback), (2 bytes).
    Removing stm32l4xx_hal_qspi.o(.ARM.exidx.text.HAL_QSPI_AbortCpltCallback), (8 bytes).
    Removing stm32l4xx_hal_qspi.o(.text.HAL_QSPI_ErrorCallback), (2 bytes).
    Removing stm32l4xx_hal_qspi.o(.ARM.exidx.text.HAL_QSPI_ErrorCallback), (8 bytes).
    Removing stm32l4xx_hal_qspi.o(.text.HAL_QSPI_StatusMatchCallback), (2 bytes).
    Removing stm32l4xx_hal_qspi.o(.ARM.exidx.text.HAL_QSPI_StatusMatchCallback), (8 bytes).
    Removing stm32l4xx_hal_qspi.o(.text.QSPI_DMAAbortCplt), (50 bytes).
    Removing stm32l4xx_hal_qspi.o(.ARM.exidx.text.QSPI_DMAAbortCplt), (8 bytes).
    Removing stm32l4xx_hal_qspi.o(.text.HAL_QSPI_TimeOutCallback), (2 bytes).
    Removing stm32l4xx_hal_qspi.o(.ARM.exidx.text.HAL_QSPI_TimeOutCallback), (8 bytes).
    Removing stm32l4xx_hal_qspi.o(.ARM.exidx.text.HAL_QSPI_Command), (8 bytes).
    Removing stm32l4xx_hal_qspi.o(.ARM.exidx.text.QSPI_Config), (8 bytes).
    Removing stm32l4xx_hal_qspi.o(.text.HAL_QSPI_Command_IT), (226 bytes).
    Removing stm32l4xx_hal_qspi.o(.ARM.exidx.text.HAL_QSPI_Command_IT), (8 bytes).
    Removing stm32l4xx_hal_qspi.o(.ARM.exidx.text.HAL_QSPI_Transmit), (8 bytes).
    Removing stm32l4xx_hal_qspi.o(.ARM.exidx.text.HAL_QSPI_Abort), (8 bytes).
    Removing stm32l4xx_hal_qspi.o(.ARM.exidx.text.HAL_QSPI_Receive), (8 bytes).
    Removing stm32l4xx_hal_qspi.o(.text.HAL_QSPI_Transmit_IT), (122 bytes).
    Removing stm32l4xx_hal_qspi.o(.ARM.exidx.text.HAL_QSPI_Transmit_IT), (8 bytes).
    Removing stm32l4xx_hal_qspi.o(.text.HAL_QSPI_Receive_IT), (134 bytes).
    Removing stm32l4xx_hal_qspi.o(.ARM.exidx.text.HAL_QSPI_Receive_IT), (8 bytes).
    Removing stm32l4xx_hal_qspi.o(.text.HAL_QSPI_Transmit_DMA), (278 bytes).
    Removing stm32l4xx_hal_qspi.o(.ARM.exidx.text.HAL_QSPI_Transmit_DMA), (8 bytes).
    Removing stm32l4xx_hal_qspi.o(.text.QSPI_DMATxCplt), (18 bytes).
    Removing stm32l4xx_hal_qspi.o(.ARM.exidx.text.QSPI_DMATxCplt), (8 bytes).
    Removing stm32l4xx_hal_qspi.o(.text.QSPI_DMATxHalfCplt), (6 bytes).
    Removing stm32l4xx_hal_qspi.o(.ARM.exidx.text.QSPI_DMATxHalfCplt), (8 bytes).
    Removing stm32l4xx_hal_qspi.o(.text.QSPI_DMAError), (128 bytes).
    Removing stm32l4xx_hal_qspi.o(.ARM.exidx.text.QSPI_DMAError), (8 bytes).
    Removing stm32l4xx_hal_qspi.o(.text.HAL_QSPI_Receive_DMA), (320 bytes).
    Removing stm32l4xx_hal_qspi.o(.ARM.exidx.text.HAL_QSPI_Receive_DMA), (8 bytes).
    Removing stm32l4xx_hal_qspi.o(.text.QSPI_DMARxCplt), (18 bytes).
    Removing stm32l4xx_hal_qspi.o(.ARM.exidx.text.QSPI_DMARxCplt), (8 bytes).
    Removing stm32l4xx_hal_qspi.o(.text.QSPI_DMARxHalfCplt), (6 bytes).
    Removing stm32l4xx_hal_qspi.o(.ARM.exidx.text.QSPI_DMARxHalfCplt), (8 bytes).
    Removing stm32l4xx_hal_qspi.o(.ARM.exidx.text.HAL_QSPI_AutoPolling), (8 bytes).
    Removing stm32l4xx_hal_qspi.o(.text.HAL_QSPI_AutoPolling_IT), (256 bytes).
    Removing stm32l4xx_hal_qspi.o(.ARM.exidx.text.HAL_QSPI_AutoPolling_IT), (8 bytes).
    Removing stm32l4xx_hal_qspi.o(.text.HAL_QSPI_MemoryMapped), (218 bytes).
    Removing stm32l4xx_hal_qspi.o(.ARM.exidx.text.HAL_QSPI_MemoryMapped), (8 bytes).
    Removing stm32l4xx_hal_qspi.o(.text.HAL_QSPI_RxHalfCpltCallback), (2 bytes).
    Removing stm32l4xx_hal_qspi.o(.ARM.exidx.text.HAL_QSPI_RxHalfCpltCallback), (8 bytes).
    Removing stm32l4xx_hal_qspi.o(.text.HAL_QSPI_TxHalfCpltCallback), (2 bytes).
    Removing stm32l4xx_hal_qspi.o(.ARM.exidx.text.HAL_QSPI_TxHalfCpltCallback), (8 bytes).
    Removing stm32l4xx_hal_qspi.o(.text.HAL_QSPI_GetState), (6 bytes).
    Removing stm32l4xx_hal_qspi.o(.ARM.exidx.text.HAL_QSPI_GetState), (8 bytes).
    Removing stm32l4xx_hal_qspi.o(.text.HAL_QSPI_GetError), (4 bytes).
    Removing stm32l4xx_hal_qspi.o(.ARM.exidx.text.HAL_QSPI_GetError), (8 bytes).
    Removing stm32l4xx_hal_qspi.o(.text.HAL_QSPI_SetFifoThreshold), (74 bytes).
    Removing stm32l4xx_hal_qspi.o(.ARM.exidx.text.HAL_QSPI_SetFifoThreshold), (8 bytes).
    Removing stm32l4xx_hal_qspi.o(.text.HAL_QSPI_GetFifoThreshold), (12 bytes).
    Removing stm32l4xx_hal_qspi.o(.ARM.exidx.text.HAL_QSPI_GetFifoThreshold), (8 bytes).
    Removing system_stm32l4xx.o(.text), (0 bytes).
    Removing system_stm32l4xx.o(.ARM.exidx.text.SystemInit), (8 bytes).
    Removing system_stm32l4xx.o(.text.SystemCoreClockUpdate), (190 bytes).
    Removing system_stm32l4xx.o(.ARM.exidx.text.SystemCoreClockUpdate), (8 bytes).
    Removing stm32l475e_iot01_qspi.o(.text), (0 bytes).
    Removing stm32l475e_iot01_qspi.o(.ARM.exidx.text.BSP_QSPI_Init), (8 bytes).
    Removing stm32l475e_iot01_qspi.o(.ARM.exidx.text.BSP_QSPI_MspInit), (8 bytes).
    Removing stm32l475e_iot01_qspi.o(.text.BSP_QSPI_DeInit), (40 bytes).
    Removing stm32l475e_iot01_qspi.o(.ARM.exidx.text.BSP_QSPI_DeInit), (8 bytes).
    Removing stm32l475e_iot01_qspi.o(.text.BSP_QSPI_MspDeInit), (74 bytes).
    Removing stm32l475e_iot01_qspi.o(.ARM.exidx.text.BSP_QSPI_MspDeInit), (8 bytes).
    Removing stm32l475e_iot01_qspi.o(.ARM.exidx.text.BSP_QSPI_Read), (8 bytes).
    Removing stm32l475e_iot01_qspi.o(.ARM.exidx.text.BSP_QSPI_Write), (8 bytes).
    Removing stm32l475e_iot01_qspi.o(.ARM.exidx.text.BSP_QSPI_Erase_Block), (8 bytes).
    Removing stm32l475e_iot01_qspi.o(.text.BSP_QSPI_Erase_Sector), (200 bytes).
    Removing stm32l475e_iot01_qspi.o(.ARM.exidx.text.BSP_QSPI_Erase_Sector), (8 bytes).
    Removing stm32l475e_iot01_qspi.o(.text.BSP_QSPI_Erase_Chip), (246 bytes).
    Removing stm32l475e_iot01_qspi.o(.ARM.exidx.text.BSP_QSPI_Erase_Chip), (8 bytes).
    Removing stm32l475e_iot01_qspi.o(.text.BSP_QSPI_GetStatus), (204 bytes).
    Removing stm32l475e_iot01_qspi.o(.ARM.exidx.text.BSP_QSPI_GetStatus), (8 bytes).
    Removing stm32l475e_iot01_qspi.o(.text.BSP_QSPI_GetInfo), (38 bytes).
    Removing stm32l475e_iot01_qspi.o(.ARM.exidx.text.BSP_QSPI_GetInfo), (8 bytes).
    Removing stm32l475e_iot01_qspi.o(.text.BSP_QSPI_EnableMemoryMappedMode), (84 bytes).
    Removing stm32l475e_iot01_qspi.o(.ARM.exidx.text.BSP_QSPI_EnableMemoryMappedMode), (8 bytes).
    Removing stm32l475e_iot01_qspi.o(.text.BSP_QSPI_SuspendErase), (82 bytes).
    Removing stm32l475e_iot01_qspi.o(.ARM.exidx.text.BSP_QSPI_SuspendErase), (8 bytes).
    Removing stm32l475e_iot01_qspi.o(.text.BSP_QSPI_ResumeErase), (82 bytes).
    Removing stm32l475e_iot01_qspi.o(.ARM.exidx.text.BSP_QSPI_ResumeErase), (8 bytes).
    Removing stm32l475e_iot01_qspi.o(.text.BSP_QSPI_EnterDeepPowerDown), (58 bytes).
    Removing stm32l475e_iot01_qspi.o(.ARM.exidx.text.BSP_QSPI_EnterDeepPowerDown), (8 bytes).
    Removing stm32l475e_iot01_qspi.o(.text.BSP_QSPI_LeaveDeepPowerDown), (56 bytes).
    Removing stm32l475e_iot01_qspi.o(.ARM.exidx.text.BSP_QSPI_LeaveDeepPowerDown), (8 bytes).
    Removing arm_sin_f32.o(.text), (0 bytes).
    Removing arm_sin_f32.o(.ARM.exidx.text.arm_sin_f32), (8 bytes).
    Removing arm_common_tables.o(.text), (0 bytes).
    Removing arm_common_tables.o(.rodata.armBitRevTable), (2048 bytes).
    Removing arm_common_tables.o(.rodata.twiddleCoef_16), (128 bytes).
    Removing arm_common_tables.o(.rodata.twiddleCoef_32), (256 bytes).
    Removing arm_common_tables.o(.rodata.twiddleCoef_64), (512 bytes).
    Removing arm_common_tables.o(.rodata.twiddleCoef_128), (1024 bytes).
    Removing arm_common_tables.o(.rodata.twiddleCoef_256), (2048 bytes).
    Removing arm_common_tables.o(.rodata.twiddleCoef_512), (4096 bytes).
    Removing arm_common_tables.o(.rodata.twiddleCoef_1024), (8192 bytes).
    Removing arm_common_tables.o(.rodata.twiddleCoef_2048), (16384 bytes).
    Removing arm_common_tables.o(.rodata.twiddleCoef_4096), (32768 bytes).
    Removing arm_common_tables.o(.rodata.twiddleCoef_16_q31), (96 bytes).
    Removing arm_common_tables.o(.rodata.twiddleCoef_32_q31), (192 bytes).
    Removing arm_common_tables.o(.rodata.twiddleCoef_64_q31), (384 bytes).
    Removing arm_common_tables.o(.rodata.twiddleCoef_128_q31), (768 bytes).
    Removing arm_common_tables.o(.rodata.twiddleCoef_256_q31), (1536 bytes).
    Removing arm_common_tables.o(.rodata.twiddleCoef_512_q31), (3072 bytes).
    Removing arm_common_tables.o(.rodata.twiddleCoef_1024_q31), (6144 bytes).
    Removing arm_common_tables.o(.rodata.twiddleCoef_2048_q31), (12288 bytes).
    Removing arm_common_tables.o(.rodata.twiddleCoef_4096_q31), (24576 bytes).
    Removing arm_common_tables.o(.rodata.twiddleCoef_16_q15), (48 bytes).
    Removing arm_common_tables.o(.rodata.twiddleCoef_32_q15), (96 bytes).
    Removing arm_common_tables.o(.rodata.twiddleCoef_64_q15), (192 bytes).
    Removing arm_common_tables.o(.rodata.twiddleCoef_128_q15), (384 bytes).
    Removing arm_common_tables.o(.rodata.twiddleCoef_256_q15), (768 bytes).
    Removing arm_common_tables.o(.rodata.twiddleCoef_512_q15), (1536 bytes).
    Removing arm_common_tables.o(.rodata.twiddleCoef_1024_q15), (3072 bytes).
    Removing arm_common_tables.o(.rodata.twiddleCoef_2048_q15), (6144 bytes).
    Removing arm_common_tables.o(.rodata.twiddleCoef_4096_q15), (12288 bytes).
    Removing arm_common_tables.o(.rodata.armBitRevIndexTable16), (40 bytes).
    Removing arm_common_tables.o(.rodata.armBitRevIndexTable32), (96 bytes).
    Removing arm_common_tables.o(.rodata.armBitRevIndexTable64), (112 bytes).
    Removing arm_common_tables.o(.rodata.armBitRevIndexTable128), (416 bytes).
    Removing arm_common_tables.o(.rodata.armBitRevIndexTable256), (880 bytes).
    Removing arm_common_tables.o(.rodata.armBitRevIndexTable512), (896 bytes).
    Removing arm_common_tables.o(.rodata.armBitRevIndexTable1024), (3600 bytes).
    Removing arm_common_tables.o(.rodata.armBitRevIndexTable2048), (7616 bytes).
    Removing arm_common_tables.o(.rodata.armBitRevIndexTable4096), (8064 bytes).
    Removing arm_common_tables.o(.rodata.armBitRevIndexTable_fixed_16), (24 bytes).
    Removing arm_common_tables.o(.rodata.armBitRevIndexTable_fixed_32), (48 bytes).
    Removing arm_common_tables.o(.rodata.armBitRevIndexTable_fixed_64), (112 bytes).
    Removing arm_common_tables.o(.rodata.armBitRevIndexTable_fixed_128), (224 bytes).
    Removing arm_common_tables.o(.rodata.armBitRevIndexTable_fixed_256), (480 bytes).
    Removing arm_common_tables.o(.rodata.armBitRevIndexTable_fixed_512), (960 bytes).
    Removing arm_common_tables.o(.rodata.armBitRevIndexTable_fixed_1024), (1984 bytes).
    Removing arm_common_tables.o(.rodata.armBitRevIndexTable_fixed_2048), (3968 bytes).
    Removing arm_common_tables.o(.rodata.armBitRevIndexTable_fixed_4096), (8064 bytes).
    Removing arm_common_tables.o(.rodata.twiddleCoef_rfft_32), (128 bytes).
    Removing arm_common_tables.o(.rodata.twiddleCoef_rfft_64), (256 bytes).
    Removing arm_common_tables.o(.rodata.twiddleCoef_rfft_128), (512 bytes).
    Removing arm_common_tables.o(.rodata.twiddleCoef_rfft_256), (1024 bytes).
    Removing arm_common_tables.o(.rodata.twiddleCoef_rfft_512), (2048 bytes).
    Removing arm_common_tables.o(.rodata.twiddleCoef_rfft_1024), (4096 bytes).
    Removing arm_common_tables.o(.rodata.twiddleCoef_rfft_2048), (8192 bytes).
    Removing arm_common_tables.o(.rodata.twiddleCoef_rfft_4096), (16384 bytes).
    Removing arm_common_tables.o(.rodata.realCoefA), (32768 bytes).
    Removing arm_common_tables.o(.rodata.realCoefB), (32768 bytes).
    Removing arm_common_tables.o(.rodata.realCoefAQ31), (32768 bytes).
    Removing arm_common_tables.o(.rodata.realCoefBQ31), (32768 bytes).
    Removing arm_common_tables.o(.rodata.realCoefAQ15), (16384 bytes).
    Removing arm_common_tables.o(.rodata.realCoefBQ15), (16384 bytes).
    Removing arm_common_tables.o(.rodata.Weights_128), (1024 bytes).
    Removing arm_common_tables.o(.rodata.cos_factors_128), (512 bytes).
    Removing arm_common_tables.o(.rodata.Weights_512), (4096 bytes).
    Removing arm_common_tables.o(.rodata.cos_factors_512), (2048 bytes).
    Removing arm_common_tables.o(.rodata.Weights_2048), (16384 bytes).
    Removing arm_common_tables.o(.rodata.cos_factors_2048), (8192 bytes).
    Removing arm_common_tables.o(.rodata.Weights_8192), (65536 bytes).
    Removing arm_common_tables.o(.rodata.cos_factors_8192), (32768 bytes).
    Removing arm_common_tables.o(.rodata.WeightsQ15_128), (512 bytes).
    Removing arm_common_tables.o(.rodata.cos_factorsQ15_128), (256 bytes).
    Removing arm_common_tables.o(.rodata.WeightsQ15_512), (2048 bytes).
    Removing arm_common_tables.o(.rodata.cos_factorsQ15_512), (1024 bytes).
    Removing arm_common_tables.o(.rodata.WeightsQ15_2048), (8192 bytes).
    Removing arm_common_tables.o(.rodata.cos_factorsQ15_2048), (4096 bytes).
    Removing arm_common_tables.o(.rodata.WeightsQ15_8192), (32768 bytes).
    Removing arm_common_tables.o(.rodata.cos_factorsQ15_8192), (16384 bytes).
    Removing arm_common_tables.o(.rodata.WeightsQ31_128), (1024 bytes).
    Removing arm_common_tables.o(.rodata.cos_factorsQ31_128), (512 bytes).
    Removing arm_common_tables.o(.rodata.WeightsQ31_512), (4096 bytes).
    Removing arm_common_tables.o(.rodata.cos_factorsQ31_512), (2048 bytes).
    Removing arm_common_tables.o(.rodata.WeightsQ31_2048), (16384 bytes).
    Removing arm_common_tables.o(.rodata.cos_factorsQ31_2048), (8192 bytes).
    Removing arm_common_tables.o(.rodata.WeightsQ31_8192), (65536 bytes).
    Removing arm_common_tables.o(.rodata.cos_factorsQ31_8192), (32768 bytes).
    Removing arm_common_tables.o(.rodata.armRecipTableQ15), (128 bytes).
    Removing arm_common_tables.o(.rodata.armRecipTableQ31), (256 bytes).
    Removing arm_common_tables.o(.rodata.sinTable_q31), (2052 bytes).
    Removing arm_common_tables.o(.rodata.sinTable_q15), (1026 bytes).

1234 unused section(s) (total 766512 bytes) removed from the image.

==============================================================================

Image Symbol Table

    Local Symbols

    Symbol Name                              Value     Ov Type        Size  Object(Section)

    ../clib/microlib/division.c              0x00000000   Number         0  uldiv.o ABSOLUTE
    ../clib/microlib/division.c              0x00000000   Number         0  uidiv.o ABSOLUTE
    ../clib/microlib/init/entry.s            0x00000000   Number         0  entry.o ABSOLUTE
    ../clib/microlib/init/entry.s            0x00000000   Number         0  entry2.o ABSOLUTE
    ../clib/microlib/init/entry.s            0x00000000   Number         0  entry5.o ABSOLUTE
    ../clib/microlib/init/entry.s            0x00000000   Number         0  entry7a.o ABSOLUTE
    ../clib/microlib/init/entry.s            0x00000000   Number         0  entry7b.o ABSOLUTE
    ../clib/microlib/init/entry.s            0x00000000   Number         0  entry8a.o ABSOLUTE
    ../clib/microlib/init/entry.s            0x00000000   Number         0  entry8b.o ABSOLUTE
    ../clib/microlib/init/entry.s            0x00000000   Number         0  entry9a.o ABSOLUTE
    ../clib/microlib/init/entry.s            0x00000000   Number         0  entry9b.o ABSOLUTE
    ../clib/microlib/init/entry.s            0x00000000   Number         0  entry10a.o ABSOLUTE
    ../clib/microlib/init/entry.s            0x00000000   Number         0  entry10b.o ABSOLUTE
    ../clib/microlib/init/entry.s            0x00000000   Number         0  entry11a.o ABSOLUTE
    ../clib/microlib/init/entry.s            0x00000000   Number         0  entry11b.o ABSOLUTE
    ../clib/microlib/longlong.c              0x00000000   Number         0  llshl.o ABSOLUTE
    ../clib/microlib/longlong.c              0x00000000   Number         0  llushr.o ABSOLUTE
    ../clib/microlib/longlong.c              0x00000000   Number         0  llsshr.o ABSOLUTE
    ../clib/microlib/printf/printf.c         0x00000000   Number         0  printfb.o ABSOLUTE
    ../clib/microlib/printf/printf.c         0x00000000   Number         0  printf0.o ABSOLUTE
    ../clib/microlib/printf/printf.c         0x00000000   Number         0  printf1.o ABSOLUTE
    ../clib/microlib/printf/printf.c         0x00000000   Number         0  printf2.o ABSOLUTE
    ../clib/microlib/printf/printf.c         0x00000000   Number         0  printf3.o ABSOLUTE
    ../clib/microlib/printf/printf.c         0x00000000   Number         0  printf4.o ABSOLUTE
    ../clib/microlib/printf/printf.c         0x00000000   Number         0  printf5.o ABSOLUTE
    ../clib/microlib/printf/printf.c         0x00000000   Number         0  printf6.o ABSOLUTE
    ../clib/microlib/printf/printf.c         0x00000000   Number         0  printf7.o ABSOLUTE
    ../clib/microlib/printf/printf.c         0x00000000   Number         0  printf8.o ABSOLUTE
    ../clib/microlib/printf/printf.c         0x00000000   Number         0  printfa.o ABSOLUTE
    ../clib/microlib/printf/stubs.s          0x00000000   Number         0  stubs.o ABSOLUTE
    ../clib/microlib/stdio/puts.c            0x00000000   Number         0  puts.o ABSOLUTE
    ../clib/microlib/stdio/puts.c            0x00000000   Number         0  puts_e.o ABSOLUTE
    ../clib/microlib/stdio/streams.c         0x00000000   Number         0  stdout.o ABSOLUTE
    ../clib/microlib/string/memset.c         0x00000000   Number         0  memseta.o ABSOLUTE
    ../clib/microlib/stubs.s                 0x00000000   Number         0  iusefp.o ABSOLUTE
    ../fplib/microlib/f2d.c                  0x00000000   Number         0  f2d.o ABSOLUTE
    ../fplib/microlib/fpadd.c                0x00000000   Number         0  dadd.o ABSOLUTE
    ../fplib/microlib/fpdiv.c                0x00000000   Number         0  ddiv.o ABSOLUTE
    ../fplib/microlib/fpepilogue.c           0x00000000   Number         0  depilogue.o ABSOLUTE
    ../fplib/microlib/fpfix.c                0x00000000   Number         0  dfixul.o ABSOLUTE
    ../fplib/microlib/fpmul.c                0x00000000   Number         0  dmul.o ABSOLUTE
    arm_common_tables.c                      0x00000000   Number         0  arm_common_tables.o ABSOLUTE
    arm_sin_f32.c                            0x00000000   Number         0  arm_sin_f32.o ABSOLUTE
    cdrcmple.s                               0x00000000   Number         0  cdrcmple.o ABSOLUTE
    dc.s                                     0x00000000   Number         0  dc.o ABSOLUTE
    generatesine.c                           0x00000000   Number         0  generatesine.o ABSOLUTE
    handlers.s                               0x00000000   Number         0  handlers.o ABSOLUTE
    init.s                                   0x00000000   Number         0  init.o ABSOLUTE
    main.c                                   0x00000000   Number         0  main.o ABSOLUTE
    startup_stm32l475xx.s                    0x00000000   Number         0  startup_stm32l475xx.o ABSOLUTE
    stm32l475e_iot01_qspi.c                  0x00000000   Number         0  stm32l475e_iot01_qspi.o ABSOLUTE
    stm32l4xx_hal.c                          0x00000000   Number         0  stm32l4xx_hal.o ABSOLUTE
    stm32l4xx_hal_cortex.c                   0x00000000   Number         0  stm32l4xx_hal_cortex.o ABSOLUTE
    stm32l4xx_hal_dac.c                      0x00000000   Number         0  stm32l4xx_hal_dac.o ABSOLUTE
    stm32l4xx_hal_dac_ex.c                   0x00000000   Number         0  stm32l4xx_hal_dac_ex.o ABSOLUTE
    stm32l4xx_hal_dma.c                      0x00000000   Number         0  stm32l4xx_hal_dma.o ABSOLUTE
    stm32l4xx_hal_dma_ex.c                   0x00000000   Number         0  stm32l4xx_hal_dma_ex.o ABSOLUTE
    stm32l4xx_hal_exti.c                     0x00000000   Number         0  stm32l4xx_hal_exti.o ABSOLUTE
    stm32l4xx_hal_flash.c                    0x00000000   Number         0  stm32l4xx_hal_flash.o ABSOLUTE
    stm32l4xx_hal_flash_ex.c                 0x00000000   Number         0  stm32l4xx_hal_flash_ex.o ABSOLUTE
    stm32l4xx_hal_flash_ramfunc.c            0x00000000   Number         0  stm32l4xx_hal_flash_ramfunc.o ABSOLUTE
    stm32l4xx_hal_gpio.c                     0x00000000   Number         0  stm32l4xx_hal_gpio.o ABSOLUTE
    stm32l4xx_hal_i2c.c                      0x00000000   Number         0  stm32l4xx_hal_i2c.o ABSOLUTE
    stm32l4xx_hal_i2c_ex.c                   0x00000000   Number         0  stm32l4xx_hal_i2c_ex.o ABSOLUTE
    stm32l4xx_hal_msp.c                      0x00000000   Number         0  stm32l4xx_hal_msp.o ABSOLUTE
    stm32l4xx_hal_pwr.c                      0x00000000   Number         0  stm32l4xx_hal_pwr.o ABSOLUTE
    stm32l4xx_hal_pwr_ex.c                   0x00000000   Number         0  stm32l4xx_hal_pwr_ex.o ABSOLUTE
    stm32l4xx_hal_qspi.c                     0x00000000   Number         0  stm32l4xx_hal_qspi.o ABSOLUTE
    stm32l4xx_hal_rcc.c                      0x00000000   Number         0  stm32l4xx_hal_rcc.o ABSOLUTE
    stm32l4xx_hal_rcc_ex.c                   0x00000000   Number         0  stm32l4xx_hal_rcc_ex.o ABSOLUTE
    stm32l4xx_hal_tim.c                      0x00000000   Number         0  stm32l4xx_hal_tim.o ABSOLUTE
    stm32l4xx_hal_tim_ex.c                   0x00000000   Number         0  stm32l4xx_hal_tim_ex.o ABSOLUTE
    stm32l4xx_hal_uart.c                     0x00000000   Number         0  stm32l4xx_hal_uart.o ABSOLUTE
    stm32l4xx_hal_uart_ex.c                  0x00000000   Number         0  stm32l4xx_hal_uart_ex.o ABSOLUTE
    stm32l4xx_it.c                           0x00000000   Number         0  stm32l4xx_it.o ABSOLUTE
    system_stm32l4xx.c                       0x00000000   Number         0  system_stm32l4xx.o ABSOLUTE
    RESET                                    0x08000000   Section      392  startup_stm32l475xx.o(RESET)
    .ARM.Collect$$$$00000000                 0x08000188   Section        0  entry.o(.ARM.Collect$$$$00000000)
    .ARM.Collect$$$$00000001                 0x08000188   Section        4  entry2.o(.ARM.Collect$$$$00000001)
    .ARM.Collect$$$$00000004                 0x0800018c   Section        4  entry5.o(.ARM.Collect$$$$00000004)
    .ARM.Collect$$$$00000008                 0x08000190   Section        0  entry7b.o(.ARM.Collect$$$$00000008)
    .ARM.Collect$$$$0000000A                 0x08000190   Section        0  entry8b.o(.ARM.Collect$$$$0000000A)
    .ARM.Collect$$$$0000000B                 0x08000190   Section        8  entry9a.o(.ARM.Collect$$$$0000000B)
    __lit__00000000                          0x08000198   Data           4  entry2.o(.ARM.Collect$$$$00002712)
    .ARM.Collect$$$$0000000D                 0x08000198   Section        0  entry10a.o(.ARM.Collect$$$$0000000D)
    .ARM.Collect$$$$0000000F                 0x08000198   Section        0  entry11a.o(.ARM.Collect$$$$0000000F)
    .ARM.Collect$$$$00002712                 0x08000198   Section        4  entry2.o(.ARM.Collect$$$$00002712)
    $v0                                      0x0800019c   Number         0  startup_stm32l475xx.o(.text)
    .text                                    0x0800019c   Section       36  startup_stm32l475xx.o(.text)
    .text                                    0x080001c0   Section        0  uldiv.o(.text)
    .text                                    0x08000228   Section        0  memseta.o(.text)
    .text                                    0x0800024c   Section        0  f2d.o(.text)
    .text                                    0x08000272   Section        0  uidiv.o(.text)
    .text                                    0x0800029e   Section        0  llshl.o(.text)
    .text                                    0x080002bc   Section        0  llushr.o(.text)
    .text                                    0x080002dc   Section        0  iusefp.o(.text)
    .text                                    0x080002dc   Section        0  dadd.o(.text)
    .text                                    0x0800043a   Section        0  dmul.o(.text)
    .text                                    0x08000524   Section        0  ddiv.o(.text)
    .text                                    0x08000602   Section        0  dfixul.o(.text)
    .text                                    0x08000634   Section       48  cdrcmple.o(.text)
    .text                                    0x08000664   Section       36  init.o(.text)
    .text                                    0x08000688   Section        0  llsshr.o(.text)
    .text                                    0x080006ac   Section        0  depilogue.o(.text)
    [Anonymous Symbol]                       0x08000768   Section        0  stm32l475e_iot01_qspi.o(.text.BSP_QSPI_Erase_Block)
    [Anonymous Symbol]                       0x08000868   Section        0  stm32l475e_iot01_qspi.o(.text.BSP_QSPI_Init)
    [Anonymous Symbol]                       0x08000cac   Section        0  stm32l475e_iot01_qspi.o(.text.BSP_QSPI_MspInit)
    [Anonymous Symbol]                       0x08000d14   Section        0  stm32l475e_iot01_qspi.o(.text.BSP_QSPI_Read)
    [Anonymous Symbol]                       0x08000d8c   Section        0  stm32l475e_iot01_qspi.o(.text.BSP_QSPI_Write)
    [Anonymous Symbol]                       0x08000ee4   Section        0  stm32l4xx_it.o(.text.BusFault_Handler)
    [Anonymous Symbol]                       0x08000ee8   Section        0  stm32l4xx_it.o(.text.DebugMon_Handler)
    [Anonymous Symbol]                       0x08000eec   Section        0  stm32l4xx_hal_dac.o(.text.HAL_DAC_ConfigChannel)
    [Anonymous Symbol]                       0x08001010   Section        0  stm32l4xx_hal_dac.o(.text.HAL_DAC_Init)
    [Anonymous Symbol]                       0x08001038   Section        0  stm32l4xx_hal_msp.o(.text.HAL_DAC_MspInit)
    [Anonymous Symbol]                       0x080010a0   Section        0  stm32l4xx_hal_dac.o(.text.HAL_DAC_Start)
    [Anonymous Symbol]                       0x080010f4   Section        0  stm32l4xx_hal_dma.o(.text.HAL_DMA_Abort)
    [Anonymous Symbol]                       0x08001140   Section        0  stm32l4xx_hal.o(.text.HAL_Delay)
    [Anonymous Symbol]                       0x08001168   Section        0  stm32l4xx_hal_gpio.o(.text.HAL_GPIO_Init)
    [Anonymous Symbol]                       0x08001320   Section        0  stm32l4xx_hal.o(.text.HAL_GetTick)
    [Anonymous Symbol]                       0x0800132c   Section        0  stm32l4xx_hal.o(.text.HAL_IncTick)
    [Anonymous Symbol]                       0x08001348   Section        0  stm32l4xx_hal.o(.text.HAL_Init)
    [Anonymous Symbol]                       0x08001368   Section        0  stm32l4xx_hal.o(.text.HAL_InitTick)
    [Anonymous Symbol]                       0x080013b4   Section        0  stm32l4xx_hal_msp.o(.text.HAL_MspInit)
    [Anonymous Symbol]                       0x080013e8   Section        0  stm32l4xx_hal_cortex.o(.text.HAL_NVIC_EnableIRQ)
    [Anonymous Symbol]                       0x08001408   Section        0  stm32l4xx_hal_cortex.o(.text.HAL_NVIC_SetPriority)
    [Anonymous Symbol]                       0x08001464   Section        0  stm32l4xx_hal_cortex.o(.text.HAL_NVIC_SetPriorityGrouping)
    [Anonymous Symbol]                       0x08001484   Section        0  stm32l4xx_hal_pwr_ex.o(.text.HAL_PWREx_ControlVoltageScaling)
    [Anonymous Symbol]                       0x08001518   Section        0  stm32l4xx_hal_pwr_ex.o(.text.HAL_PWREx_GetVoltageRange)
    [Anonymous Symbol]                       0x08001528   Section        0  stm32l4xx_hal_qspi.o(.text.HAL_QSPI_Abort)
    [Anonymous Symbol]                       0x08001634   Section        0  stm32l4xx_hal_qspi.o(.text.HAL_QSPI_AutoPolling)
    [Anonymous Symbol]                       0x08001758   Section        0  stm32l4xx_hal_qspi.o(.text.HAL_QSPI_Command)
    [Anonymous Symbol]                       0x08001850   Section        0  stm32l4xx_hal_qspi.o(.text.HAL_QSPI_DeInit)
    [Anonymous Symbol]                       0x0800188c   Section        0  stm32l4xx_hal_qspi.o(.text.HAL_QSPI_Init)
    [Anonymous Symbol]                       0x080019a8   Section        0  stm32l4xx_hal_qspi.o(.text.HAL_QSPI_MspDeInit)
    [Anonymous Symbol]                       0x080019ac   Section        0  stm32l4xx_hal_qspi.o(.text.HAL_QSPI_MspInit)
    [Anonymous Symbol]                       0x080019b0   Section        0  stm32l4xx_hal_qspi.o(.text.HAL_QSPI_Receive)
    [Anonymous Symbol]                       0x08001b70   Section        0  stm32l4xx_hal_qspi.o(.text.HAL_QSPI_Transmit)
    [Anonymous Symbol]                       0x08001d18   Section        0  stm32l4xx_hal_rcc_ex.o(.text.HAL_RCCEx_PeriphCLKConfig)
    [Anonymous Symbol]                       0x080020f4   Section        0  stm32l4xx_hal_rcc.o(.text.HAL_RCC_ClockConfig)
    [Anonymous Symbol]                       0x08002318   Section        0  stm32l4xx_hal_rcc.o(.text.HAL_RCC_GetPCLK1Freq)
    [Anonymous Symbol]                       0x08002344   Section        0  stm32l4xx_hal_rcc.o(.text.HAL_RCC_GetPCLK2Freq)
    [Anonymous Symbol]                       0x08002370   Section        0  stm32l4xx_hal_rcc.o(.text.HAL_RCC_GetSysClockFreq)
    [Anonymous Symbol]                       0x0800242c   Section        0  stm32l4xx_hal_rcc.o(.text.HAL_RCC_OscConfig)
    [Anonymous Symbol]                       0x08002b10   Section        0  stm32l4xx_hal_cortex.o(.text.HAL_SYSTICK_Config)
    [Anonymous Symbol]                       0x08002b3c   Section        0  stm32l4xx_hal_tim_ex.o(.text.HAL_TIMEx_Break2Callback)
    [Anonymous Symbol]                       0x08002b40   Section        0  stm32l4xx_hal_tim_ex.o(.text.HAL_TIMEx_BreakCallback)
    [Anonymous Symbol]                       0x08002b44   Section        0  stm32l4xx_hal_tim_ex.o(.text.HAL_TIMEx_CommutCallback)
    [Anonymous Symbol]                       0x08002b48   Section        0  stm32l4xx_hal_tim_ex.o(.text.HAL_TIMEx_MasterConfigSynchronization)
    [Anonymous Symbol]                       0x08002bb4   Section        0  stm32l4xx_hal_tim.o(.text.HAL_TIM_Base_Init)
    [Anonymous Symbol]                       0x08002cf4   Section        0  stm32l4xx_hal_msp.o(.text.HAL_TIM_Base_MspInit)
    [Anonymous Symbol]                       0x08002d34   Section        0  stm32l4xx_hal_tim.o(.text.HAL_TIM_Base_Start_IT)
    [Anonymous Symbol]                       0x08002d64   Section        0  stm32l4xx_hal_tim.o(.text.HAL_TIM_ConfigClockSource)
    [Anonymous Symbol]                       0x08002ef4   Section        0  stm32l4xx_hal_tim.o(.text.HAL_TIM_IC_CaptureCallback)
    [Anonymous Symbol]                       0x08002ef8   Section        0  stm32l4xx_hal_tim.o(.text.HAL_TIM_IRQHandler)
    [Anonymous Symbol]                       0x080030e8   Section        0  stm32l4xx_hal_tim.o(.text.HAL_TIM_OC_DelayElapsedCallback)
    [Anonymous Symbol]                       0x080030ec   Section        0  stm32l4xx_hal_tim.o(.text.HAL_TIM_PWM_PulseFinishedCallback)
    [Anonymous Symbol]                       0x080030f0   Section        0  stm32l4xx_hal_tim.o(.text.HAL_TIM_PeriodElapsedCallback)
    [Anonymous Symbol]                       0x080030f4   Section        0  stm32l4xx_hal_tim.o(.text.HAL_TIM_TriggerCallback)
    [Anonymous Symbol]                       0x080030f8   Section        0  stm32l4xx_hal_uart.o(.text.HAL_UART_Init)
    [Anonymous Symbol]                       0x08003158   Section        0  stm32l4xx_hal_msp.o(.text.HAL_UART_MspInit)
    [Anonymous Symbol]                       0x080031cc   Section        0  stm32l4xx_hal_uart.o(.text.HAL_UART_Transmit)
    [Anonymous Symbol]                       0x080033ac   Section        0  stm32l4xx_it.o(.text.HardFault_Handler)
    [Anonymous Symbol]                       0x080033b0   Section        0  stm32l4xx_it.o(.text.MemManage_Handler)
    [Anonymous Symbol]                       0x080033b4   Section        0  stm32l4xx_it.o(.text.NMI_Handler)
    [Anonymous Symbol]                       0x080033b8   Section        0  stm32l4xx_it.o(.text.PendSV_Handler)
    QSPI_Config                              0x080033bd   Thumb Code   462  stm32l4xx_hal_qspi.o(.text.QSPI_Config)
    [Anonymous Symbol]                       0x080033bc   Section        0  stm32l4xx_hal_qspi.o(.text.QSPI_Config)
    RCCEx_PLLSAI1_Config                     0x0800358d   Thumb Code   316  stm32l4xx_hal_rcc_ex.o(.text.RCCEx_PLLSAI1_Config)
    [Anonymous Symbol]                       0x0800358c   Section        0  stm32l4xx_hal_rcc_ex.o(.text.RCCEx_PLLSAI1_Config)
    RCCEx_PLLSAI2_Config                     0x080036c9   Thumb Code   276  stm32l4xx_hal_rcc_ex.o(.text.RCCEx_PLLSAI2_Config)
    [Anonymous Symbol]                       0x080036c8   Section        0  stm32l4xx_hal_rcc_ex.o(.text.RCCEx_PLLSAI2_Config)
    [Anonymous Symbol]                       0x080037dc   Section        0  stm32l4xx_it.o(.text.SVC_Handler)
    [Anonymous Symbol]                       0x080037e0   Section        0  stm32l4xx_it.o(.text.SysTick_Handler)
    [Anonymous Symbol]                       0x080037e4   Section        0  system_stm32l4xx.o(.text.SystemInit)
    [Anonymous Symbol]                       0x08003838   Section        0  stm32l4xx_it.o(.text.TIM2_IRQHandler)
    [Anonymous Symbol]                       0x08003844   Section        0  stm32l4xx_hal_uart.o(.text.UART_AdvFeatureConfig)
    [Anonymous Symbol]                       0x08003934   Section        0  stm32l4xx_hal_uart.o(.text.UART_CheckIdleState)
    [Anonymous Symbol]                       0x080039cc   Section        0  stm32l4xx_hal_uart.o(.text.UART_SetConfig)
    [Anonymous Symbol]                       0x08003c58   Section        0  stm32l4xx_it.o(.text.UsageFault_Handler)
    [Anonymous Symbol]                       0x08003c5c   Section        0  arm_sin_f32.o(.text.arm_sin_f32)
    [Anonymous Symbol]                       0x08003cf4   Section        0  main.o(.text.fputc)
    [Anonymous Symbol]                       0x08003d1c   Section        0  main.o(.text.main)
    [Anonymous Symbol]                       0x08003f08   Section        0  generatesine.o(.text.printSine)
    [Anonymous Symbol]                       0x08003f94   Section        0  generatesine.o(.text.writeSineFloat)
    i.__0printf                              0x08004000   Section        0  printfa.o(i.__0printf)
    i.__scatterload_copy                     0x08004020   Section       14  handlers.o(i.__scatterload_copy)
    i.__scatterload_null                     0x0800402e   Section        2  handlers.o(i.__scatterload_null)
    i.__scatterload_zeroinit                 0x08004030   Section       14  handlers.o(i.__scatterload_zeroinit)
    _fp_digits                               0x08004041   Thumb Code   366  printfa.o(i._fp_digits)
    i._fp_digits                             0x08004040   Section        0  printfa.o(i._fp_digits)
    _printf_core                             0x080041cd   Thumb Code  1744  printfa.o(i._printf_core)
    i._printf_core                           0x080041cc   Section        0  printfa.o(i._printf_core)
    _printf_post_padding                     0x080048af   Thumb Code    36  printfa.o(i._printf_post_padding)
    i._printf_post_padding                   0x080048ae   Section        0  printfa.o(i._printf_post_padding)
    _printf_pre_padding                      0x080048d3   Thumb Code    46  printfa.o(i._printf_pre_padding)
    i._printf_pre_padding                    0x080048d2   Section        0  printfa.o(i._printf_pre_padding)
    i.puts                                   0x08004900   Section        0  puts.o(i.puts)
    .data                                    0x20000000   Section        4  stdout.o(.data)
    .L_MergedGlobals                         0x20000004   Data           8  stm32l4xx_hal.o(.data..L_MergedGlobals)
    [Anonymous Symbol]                       0x20000004   Section        0  stm32l4xx_hal.o(.data..L_MergedGlobals)
    .L_MergedGlobals                         0x20000010   Data          84  main.o(.bss..L_MergedGlobals)
    [Anonymous Symbol]                       0x20000010   Section        0  main.o(.bss..L_MergedGlobals)
    STACK                                    0x20000130   Section     1024  startup_stm32l475xx.o(STACK)

    Global Symbols

    Symbol Name                              Value     Ov Type        Size  Object(Section)

    BuildAttributes$$THM_ISAv4$E$P$D$K$B$S$7EM$VFPi3$EXTD16$VFPS$VFMA$PE$A:L22UL41UL21$X:L11$S22US41US21$IEEE1$IW$~IW$USESV6$~STKCKD$USESV7$~SHL$OTIME$ROPI$EBA8$MICROLIB$REQ8$PRES8$EABIv2 0x00000000   Number         0  anon$$obj.o ABSOLUTE
    _printf_a                                0x00000000   Number         0  stubs.o ABSOLUTE
    _printf_c                                0x00000000   Number         0  stubs.o ABSOLUTE
    _printf_charcount                        0x00000000   Number         0  stubs.o ABSOLUTE
    _printf_d                                0x00000000   Number         0  stubs.o ABSOLUTE
    _printf_e                                0x00000000   Number         0  stubs.o ABSOLUTE
    _printf_f                                0x00000000   Number         0  stubs.o ABSOLUTE
    _printf_flags                            0x00000000   Number         0  stubs.o ABSOLUTE
    _printf_fp_dec                           0x00000000   Number         0  stubs.o ABSOLUTE
    _printf_fp_hex                           0x00000000   Number         0  stubs.o ABSOLUTE
    _printf_g                                0x00000000   Number         0  stubs.o ABSOLUTE
    _printf_i                                0x00000000   Number         0  stubs.o ABSOLUTE
    _printf_int_dec                          0x00000000   Number         0  stubs.o ABSOLUTE
    _printf_l                                0x00000000   Number         0  stubs.o ABSOLUTE
    _printf_lc                               0x00000000   Number         0  stubs.o ABSOLUTE
    _printf_ll                               0x00000000   Number         0  stubs.o ABSOLUTE
    _printf_lld                              0x00000000   Number         0  stubs.o ABSOLUTE
    _printf_lli                              0x00000000   Number         0  stubs.o ABSOLUTE
    _printf_llo                              0x00000000   Number         0  stubs.o ABSOLUTE
    _printf_llu                              0x00000000   Number         0  stubs.o ABSOLUTE
    _printf_llx                              0x00000000   Number         0  stubs.o ABSOLUTE
    _printf_longlong_dec                     0x00000000   Number         0  stubs.o ABSOLUTE
    _printf_longlong_hex                     0x00000000   Number         0  stubs.o ABSOLUTE
    _printf_longlong_oct                     0x00000000   Number         0  stubs.o ABSOLUTE
    _printf_ls                               0x00000000   Number         0  stubs.o ABSOLUTE
    _printf_mbtowc                           0x00000000   Number         0  stubs.o ABSOLUTE
    _printf_n                                0x00000000   Number         0  stubs.o ABSOLUTE
    _printf_o                                0x00000000   Number         0  stubs.o ABSOLUTE
    _printf_p                                0x00000000   Number         0  stubs.o ABSOLUTE
    _printf_percent                          0x00000000   Number         0  stubs.o ABSOLUTE
    _printf_pre_padding                      0x00000000   Number         0  stubs.o ABSOLUTE
    _printf_return_value                     0x00000000   Number         0  stubs.o ABSOLUTE
    _printf_s                                0x00000000   Number         0  stubs.o ABSOLUTE
    _printf_sizespec                         0x00000000   Number         0  stubs.o ABSOLUTE
    _printf_str                              0x00000000   Number         0  stubs.o ABSOLUTE
    _printf_truncate_signed                  0x00000000   Number         0  stubs.o ABSOLUTE
    _printf_truncate_unsigned                0x00000000   Number         0  stubs.o ABSOLUTE
    _printf_u                                0x00000000   Number         0  stubs.o ABSOLUTE
    _printf_wc                               0x00000000   Number         0  stubs.o ABSOLUTE
    _printf_wctomb                           0x00000000   Number         0  stubs.o ABSOLUTE
    _printf_widthprec                        0x00000000   Number         0  stubs.o ABSOLUTE
    _printf_x                                0x00000000   Number         0  stubs.o ABSOLUTE
    __cpp_initialize__aeabi_                  - Undefined Weak Reference
    __cxa_finalize                            - Undefined Weak Reference
    __decompress                              - Undefined Weak Reference
    _clock_init                               - Undefined Weak Reference
    _microlib_exit                            - Undefined Weak Reference
    __Vectors_Size                           0x00000188   Number         0  startup_stm32l475xx.o ABSOLUTE
    __Vectors                                0x08000000   Data           4  startup_stm32l475xx.o(RESET)
    __Vectors_End                            0x08000188   Data           0  startup_stm32l475xx.o(RESET)
    __main                                   0x08000189   Thumb Code     0  entry.o(.ARM.Collect$$$$00000000)
    _main_stk                                0x08000189   Thumb Code     0  entry2.o(.ARM.Collect$$$$00000001)
    _main_scatterload                        0x0800018d   Thumb Code     0  entry5.o(.ARM.Collect$$$$00000004)
    __main_after_scatterload                 0x08000191   Thumb Code     0  entry5.o(.ARM.Collect$$$$00000004)
    _main_clock                              0x08000191   Thumb Code     0  entry7b.o(.ARM.Collect$$$$00000008)
    _main_cpp_init                           0x08000191   Thumb Code     0  entry8b.o(.ARM.Collect$$$$0000000A)
    _main_init                               0x08000191   Thumb Code     0  entry9a.o(.ARM.Collect$$$$0000000B)
    __rt_final_cpp                           0x08000199   Thumb Code     0  entry10a.o(.ARM.Collect$$$$0000000D)
    __rt_final_exit                          0x08000199   Thumb Code     0  entry11a.o(.ARM.Collect$$$$0000000F)
    Reset_Handler                            0x0800019d   Thumb Code     8  startup_stm32l475xx.o(.text)
    ADC1_2_IRQHandler                        0x080001b7   Thumb Code     0  startup_stm32l475xx.o(.text)
    ADC3_IRQHandler                          0x080001b7   Thumb Code     0  startup_stm32l475xx.o(.text)
    CAN1_RX0_IRQHandler                      0x080001b7   Thumb Code     0  startup_stm32l475xx.o(.text)
    CAN1_RX1_IRQHandler                      0x080001b7   Thumb Code     0  startup_stm32l475xx.o(.text)
    CAN1_SCE_IRQHandler                      0x080001b7   Thumb Code     0  startup_stm32l475xx.o(.text)
    CAN1_TX_IRQHandler                       0x080001b7   Thumb Code     0  startup_stm32l475xx.o(.text)
    COMP_IRQHandler                          0x080001b7   Thumb Code     0  startup_stm32l475xx.o(.text)
    DFSDM1_FLT0_IRQHandler                   0x080001b7   Thumb Code     0  startup_stm32l475xx.o(.text)
    DFSDM1_FLT1_IRQHandler                   0x080001b7   Thumb Code     0  startup_stm32l475xx.o(.text)
    DFSDM1_FLT2_IRQHandler                   0x080001b7   Thumb Code     0  startup_stm32l475xx.o(.text)
    DFSDM1_FLT3_IRQHandler                   0x080001b7   Thumb Code     0  startup_stm32l475xx.o(.text)
    DMA1_Channel1_IRQHandler                 0x080001b7   Thumb Code     0  startup_stm32l475xx.o(.text)
    DMA1_Channel2_IRQHandler                 0x080001b7   Thumb Code     0  startup_stm32l475xx.o(.text)
    DMA1_Channel3_IRQHandler                 0x080001b7   Thumb Code     0  startup_stm32l475xx.o(.text)
    DMA1_Channel4_IRQHandler                 0x080001b7   Thumb Code     0  startup_stm32l475xx.o(.text)
    DMA1_Channel5_IRQHandler                 0x080001b7   Thumb Code     0  startup_stm32l475xx.o(.text)
    DMA1_Channel6_IRQHandler                 0x080001b7   Thumb Code     0  startup_stm32l475xx.o(.text)
    DMA1_Channel7_IRQHandler                 0x080001b7   Thumb Code     0  startup_stm32l475xx.o(.text)
    DMA2_Channel1_IRQHandler                 0x080001b7   Thumb Code     0  startup_stm32l475xx.o(.text)
    DMA2_Channel2_IRQHandler                 0x080001b7   Thumb Code     0  startup_stm32l475xx.o(.text)
    DMA2_Channel3_IRQHandler                 0x080001b7   Thumb Code     0  startup_stm32l475xx.o(.text)
    DMA2_Channel4_IRQHandler                 0x080001b7   Thumb Code     0  startup_stm32l475xx.o(.text)
    DMA2_Channel5_IRQHandler                 0x080001b7   Thumb Code     0  startup_stm32l475xx.o(.text)
    DMA2_Channel6_IRQHandler                 0x080001b7   Thumb Code     0  startup_stm32l475xx.o(.text)
    DMA2_Channel7_IRQHandler                 0x080001b7   Thumb Code     0  startup_stm32l475xx.o(.text)
    EXTI0_IRQHandler                         0x080001b7   Thumb Code     0  startup_stm32l475xx.o(.text)
    EXTI15_10_IRQHandler                     0x080001b7   Thumb Code     0  startup_stm32l475xx.o(.text)
    EXTI1_IRQHandler                         0x080001b7   Thumb Code     0  startup_stm32l475xx.o(.text)
    EXTI2_IRQHandler                         0x080001b7   Thumb Code     0  startup_stm32l475xx.o(.text)
    EXTI3_IRQHandler                         0x080001b7   Thumb Code     0  startup_stm32l475xx.o(.text)
    EXTI4_IRQHandler                         0x080001b7   Thumb Code     0  startup_stm32l475xx.o(.text)
    EXTI9_5_IRQHandler                       0x080001b7   Thumb Code     0  startup_stm32l475xx.o(.text)
    FLASH_IRQHandler                         0x080001b7   Thumb Code     0  startup_stm32l475xx.o(.text)
    FMC_IRQHandler                           0x080001b7   Thumb Code     0  startup_stm32l475xx.o(.text)
    FPU_IRQHandler                           0x080001b7   Thumb Code     0  startup_stm32l475xx.o(.text)
    I2C1_ER_IRQHandler                       0x080001b7   Thumb Code     0  startup_stm32l475xx.o(.text)
    I2C1_EV_IRQHandler                       0x080001b7   Thumb Code     0  startup_stm32l475xx.o(.text)
    I2C2_ER_IRQHandler                       0x080001b7   Thumb Code     0  startup_stm32l475xx.o(.text)
    I2C2_EV_IRQHandler                       0x080001b7   Thumb Code     0  startup_stm32l475xx.o(.text)
    I2C3_ER_IRQHandler                       0x080001b7   Thumb Code     0  startup_stm32l475xx.o(.text)
    I2C3_EV_IRQHandler                       0x080001b7   Thumb Code     0  startup_stm32l475xx.o(.text)
    LPTIM1_IRQHandler                        0x080001b7   Thumb Code     0  startup_stm32l475xx.o(.text)
    LPTIM2_IRQHandler                        0x080001b7   Thumb Code     0  startup_stm32l475xx.o(.text)
    LPUART1_IRQHandler                       0x080001b7   Thumb Code     0  startup_stm32l475xx.o(.text)
    OTG_FS_IRQHandler                        0x080001b7   Thumb Code     0  startup_stm32l475xx.o(.text)
    PVD_PVM_IRQHandler                       0x080001b7   Thumb Code     0  startup_stm32l475xx.o(.text)
    QUADSPI_IRQHandler                       0x080001b7   Thumb Code     0  startup_stm32l475xx.o(.text)
    RCC_IRQHandler                           0x080001b7   Thumb Code     0  startup_stm32l475xx.o(.text)
    RNG_IRQHandler                           0x080001b7   Thumb Code     0  startup_stm32l475xx.o(.text)
    RTC_Alarm_IRQHandler                     0x080001b7   Thumb Code     0  startup_stm32l475xx.o(.text)
    RTC_WKUP_IRQHandler                      0x080001b7   Thumb Code     0  startup_stm32l475xx.o(.text)
    SAI1_IRQHandler                          0x080001b7   Thumb Code     0  startup_stm32l475xx.o(.text)
    SAI2_IRQHandler                          0x080001b7   Thumb Code     0  startup_stm32l475xx.o(.text)
    SDMMC1_IRQHandler                        0x080001b7   Thumb Code     0  startup_stm32l475xx.o(.text)
    SPI1_IRQHandler                          0x080001b7   Thumb Code     0  startup_stm32l475xx.o(.text)
    SPI2_IRQHandler                          0x080001b7   Thumb Code     0  startup_stm32l475xx.o(.text)
    SPI3_IRQHandler                          0x080001b7   Thumb Code     0  startup_stm32l475xx.o(.text)
    SWPMI1_IRQHandler                        0x080001b7   Thumb Code     0  startup_stm32l475xx.o(.text)
    TAMP_STAMP_IRQHandler                    0x080001b7   Thumb Code     0  startup_stm32l475xx.o(.text)
    TIM1_BRK_TIM15_IRQHandler                0x080001b7   Thumb Code     0  startup_stm32l475xx.o(.text)
    TIM1_CC_IRQHandler                       0x080001b7   Thumb Code     0  startup_stm32l475xx.o(.text)
    TIM1_TRG_COM_TIM17_IRQHandler            0x080001b7   Thumb Code     0  startup_stm32l475xx.o(.text)
    TIM1_UP_TIM16_IRQHandler                 0x080001b7   Thumb Code     0  startup_stm32l475xx.o(.text)
    TIM3_IRQHandler                          0x080001b7   Thumb Code     0  startup_stm32l475xx.o(.text)
    TIM4_IRQHandler                          0x080001b7   Thumb Code     0  startup_stm32l475xx.o(.text)
    TIM5_IRQHandler                          0x080001b7   Thumb Code     0  startup_stm32l475xx.o(.text)
    TIM6_DAC_IRQHandler                      0x080001b7   Thumb Code     0  startup_stm32l475xx.o(.text)
    TIM7_IRQHandler                          0x080001b7   Thumb Code     0  startup_stm32l475xx.o(.text)
    TIM8_BRK_IRQHandler                      0x080001b7   Thumb Code     0  startup_stm32l475xx.o(.text)
    TIM8_CC_IRQHandler                       0x080001b7   Thumb Code     0  startup_stm32l475xx.o(.text)
    TIM8_TRG_COM_IRQHandler                  0x080001b7   Thumb Code     0  startup_stm32l475xx.o(.text)
    TIM8_UP_IRQHandler                       0x080001b7   Thumb Code     0  startup_stm32l475xx.o(.text)
    TSC_IRQHandler                           0x080001b7   Thumb Code     0  startup_stm32l475xx.o(.text)
    UART4_IRQHandler                         0x080001b7   Thumb Code     0  startup_stm32l475xx.o(.text)
    UART5_IRQHandler                         0x080001b7   Thumb Code     0  startup_stm32l475xx.o(.text)
    USART1_IRQHandler                        0x080001b7   Thumb Code     0  startup_stm32l475xx.o(.text)
    USART2_IRQHandler                        0x080001b7   Thumb Code     0  startup_stm32l475xx.o(.text)
    USART3_IRQHandler                        0x080001b7   Thumb Code     0  startup_stm32l475xx.o(.text)
    WWDG_IRQHandler                          0x080001b7   Thumb Code     0  startup_stm32l475xx.o(.text)
    __aeabi_uldivmod                         0x080001c1   Thumb Code    98  uldiv.o(.text)
    __aeabi_memset                           0x08000229   Thumb Code    14  memseta.o(.text)
    __aeabi_memset4                          0x08000229   Thumb Code     0  memseta.o(.text)
    __aeabi_memset8                          0x08000229   Thumb Code     0  memseta.o(.text)
    __aeabi_memclr                           0x08000237   Thumb Code     4  memseta.o(.text)
    __aeabi_memclr4                          0x08000237   Thumb Code     0  memseta.o(.text)
    __aeabi_memclr8                          0x08000237   Thumb Code     0  memseta.o(.text)
    _memset$wrapper                          0x0800023b   Thumb Code    18  memseta.o(.text)
    __aeabi_f2d                              0x0800024d   Thumb Code    38  f2d.o(.text)
    __aeabi_uidiv                            0x08000273   Thumb Code     0  uidiv.o(.text)
    __aeabi_uidivmod                         0x08000273   Thumb Code    44  uidiv.o(.text)
    __aeabi_llsl                             0x0800029f   Thumb Code    30  llshl.o(.text)
    _ll_shift_l                              0x0800029f   Thumb Code     0  llshl.o(.text)
    __aeabi_llsr                             0x080002bd   Thumb Code    32  llushr.o(.text)
    _ll_ushift_r                             0x080002bd   Thumb Code     0  llushr.o(.text)
    __I$use$fp                               0x080002dd   Thumb Code     0  iusefp.o(.text)
    __aeabi_dadd                             0x080002dd   Thumb Code   322  dadd.o(.text)
    __aeabi_dsub                             0x0800041f   Thumb Code     6  dadd.o(.text)
    __aeabi_drsub                            0x08000425   Thumb Code     6  dadd.o(.text)
    __aeabi_dmul                             0x0800043b   Thumb Code   228  dmul.o(.text)
    __aeabi_ddiv                             0x08000525   Thumb Code   222  ddiv.o(.text)
    __aeabi_d2ulz                            0x08000603   Thumb Code    48  dfixul.o(.text)
    __aeabi_cdrcmple                         0x08000635   Thumb Code    48  cdrcmple.o(.text)
    __scatterload                            0x08000665   Thumb Code    28  init.o(.text)
    __scatterload_rt2                        0x08000665   Thumb Code     0  init.o(.text)
    __aeabi_lasr                             0x08000689   Thumb Code    36  llsshr.o(.text)
    _ll_sshift_r                             0x08000689   Thumb Code     0  llsshr.o(.text)
    _double_round                            0x080006ad   Thumb Code    30  depilogue.o(.text)
    _double_epilogue                         0x080006cb   Thumb Code   156  depilogue.o(.text)
    BSP_QSPI_Erase_Block                     0x08000769   Thumb Code   254  stm32l475e_iot01_qspi.o(.text.BSP_QSPI_Erase_Block)
    BSP_QSPI_Init                            0x08000869   Thumb Code  1092  stm32l475e_iot01_qspi.o(.text.BSP_QSPI_Init)
    BSP_QSPI_MspInit                         0x08000cad   Thumb Code   104  stm32l475e_iot01_qspi.o(.text.BSP_QSPI_MspInit)
    BSP_QSPI_Read                            0x08000d15   Thumb Code   118  stm32l475e_iot01_qspi.o(.text.BSP_QSPI_Read)
    BSP_QSPI_Write                           0x08000d8d   Thumb Code   338  stm32l475e_iot01_qspi.o(.text.BSP_QSPI_Write)
    BusFault_Handler                         0x08000ee5   Thumb Code     2  stm32l4xx_it.o(.text.BusFault_Handler)
    DebugMon_Handler                         0x08000ee9   Thumb Code     2  stm32l4xx_it.o(.text.DebugMon_Handler)
    HAL_DAC_ConfigChannel                    0x08000eed   Thumb Code   290  stm32l4xx_hal_dac.o(.text.HAL_DAC_ConfigChannel)
    HAL_DAC_Init                             0x08001011   Thumb Code    40  stm32l4xx_hal_dac.o(.text.HAL_DAC_Init)
    HAL_DAC_MspInit                          0x08001039   Thumb Code   102  stm32l4xx_hal_msp.o(.text.HAL_DAC_MspInit)
    HAL_DAC_Start                            0x080010a1   Thumb Code    84  stm32l4xx_hal_dac.o(.text.HAL_DAC_Start)
    HAL_DMA_Abort                            0x080010f5   Thumb Code    74  stm32l4xx_hal_dma.o(.text.HAL_DMA_Abort)
    HAL_Delay                                0x08001141   Thumb Code    40  stm32l4xx_hal.o(.text.HAL_Delay)
    HAL_GPIO_Init                            0x08001169   Thumb Code   432  stm32l4xx_hal_gpio.o(.text.HAL_GPIO_Init)
    HAL_GetTick                              0x08001321   Thumb Code    12  stm32l4xx_hal.o(.text.HAL_GetTick)
    HAL_IncTick                              0x0800132d   Thumb Code    26  stm32l4xx_hal.o(.text.HAL_IncTick)
    HAL_Init                                 0x08001349   Thumb Code    30  stm32l4xx_hal.o(.text.HAL_Init)
    HAL_InitTick                             0x08001369   Thumb Code    76  stm32l4xx_hal.o(.text.HAL_InitTick)
    HAL_MspInit                              0x080013b5   Thumb Code    50  stm32l4xx_hal_msp.o(.text.HAL_MspInit)
    HAL_NVIC_EnableIRQ                       0x080013e9   Thumb Code    32  stm32l4xx_hal_cortex.o(.text.HAL_NVIC_EnableIRQ)
    HAL_NVIC_SetPriority                     0x08001409   Thumb Code    92  stm32l4xx_hal_cortex.o(.text.HAL_NVIC_SetPriority)
    HAL_NVIC_SetPriorityGrouping             0x08001465   Thumb Code    32  stm32l4xx_hal_cortex.o(.text.HAL_NVIC_SetPriorityGrouping)
    HAL_PWREx_ControlVoltageScaling          0x08001485   Thumb Code   148  stm32l4xx_hal_pwr_ex.o(.text.HAL_PWREx_ControlVoltageScaling)
    HAL_PWREx_GetVoltageRange                0x08001519   Thumb Code    16  stm32l4xx_hal_pwr_ex.o(.text.HAL_PWREx_GetVoltageRange)
    HAL_QSPI_Abort                           0x08001529   Thumb Code   268  stm32l4xx_hal_qspi.o(.text.HAL_QSPI_Abort)
    HAL_QSPI_AutoPolling                     0x08001635   Thumb Code   290  stm32l4xx_hal_qspi.o(.text.HAL_QSPI_AutoPolling)
    HAL_QSPI_Command                         0x08001759   Thumb Code   246  stm32l4xx_hal_qspi.o(.text.HAL_QSPI_Command)
    HAL_QSPI_DeInit                          0x08001851   Thumb Code    60  stm32l4xx_hal_qspi.o(.text.HAL_QSPI_DeInit)
    HAL_QSPI_Init                            0x0800188d   Thumb Code   282  stm32l4xx_hal_qspi.o(.text.HAL_QSPI_Init)
    HAL_QSPI_MspDeInit                       0x080019a9   Thumb Code     2  stm32l4xx_hal_qspi.o(.text.HAL_QSPI_MspDeInit)
    HAL_QSPI_MspInit                         0x080019ad   Thumb Code     2  stm32l4xx_hal_qspi.o(.text.HAL_QSPI_MspInit)
    HAL_QSPI_Receive                         0x080019b1   Thumb Code   448  stm32l4xx_hal_qspi.o(.text.HAL_QSPI_Receive)
    HAL_QSPI_Transmit                        0x08001b71   Thumb Code   422  stm32l4xx_hal_qspi.o(.text.HAL_QSPI_Transmit)
    HAL_RCCEx_PeriphCLKConfig                0x08001d19   Thumb Code   988  stm32l4xx_hal_rcc_ex.o(.text.HAL_RCCEx_PeriphCLKConfig)
    HAL_RCC_ClockConfig                      0x080020f5   Thumb Code   548  stm32l4xx_hal_rcc.o(.text.HAL_RCC_ClockConfig)
    HAL_RCC_GetPCLK1Freq                     0x08002319   Thumb Code    42  stm32l4xx_hal_rcc.o(.text.HAL_RCC_GetPCLK1Freq)
    HAL_RCC_GetPCLK2Freq                     0x08002345   Thumb Code    42  stm32l4xx_hal_rcc.o(.text.HAL_RCC_GetPCLK2Freq)
    HAL_RCC_GetSysClockFreq                  0x08002371   Thumb Code   186  stm32l4xx_hal_rcc.o(.text.HAL_RCC_GetSysClockFreq)
    HAL_RCC_OscConfig                        0x0800242d   Thumb Code  1764  stm32l4xx_hal_rcc.o(.text.HAL_RCC_OscConfig)
    HAL_SYSTICK_Config                       0x08002b11   Thumb Code    44  stm32l4xx_hal_cortex.o(.text.HAL_SYSTICK_Config)
    HAL_TIMEx_Break2Callback                 0x08002b3d   Thumb Code     2  stm32l4xx_hal_tim_ex.o(.text.HAL_TIMEx_Break2Callback)
    HAL_TIMEx_BreakCallback                  0x08002b41   Thumb Code     2  stm32l4xx_hal_tim_ex.o(.text.HAL_TIMEx_BreakCallback)
    HAL_TIMEx_CommutCallback                 0x08002b45   Thumb Code     2  stm32l4xx_hal_tim_ex.o(.text.HAL_TIMEx_CommutCallback)
    HAL_TIMEx_MasterConfigSynchronization    0x08002b49   Thumb Code   106  stm32l4xx_hal_tim_ex.o(.text.HAL_TIMEx_MasterConfigSynchronization)
    HAL_TIM_Base_Init                        0x08002bb5   Thumb Code   320  stm32l4xx_hal_tim.o(.text.HAL_TIM_Base_Init)
    HAL_TIM_Base_MspInit                     0x08002cf5   Thumb Code    62  stm32l4xx_hal_msp.o(.text.HAL_TIM_Base_MspInit)
    HAL_TIM_Base_Start_IT                    0x08002d35   Thumb Code    46  stm32l4xx_hal_tim.o(.text.HAL_TIM_Base_Start_IT)
    HAL_TIM_ConfigClockSource                0x08002d65   Thumb Code   398  stm32l4xx_hal_tim.o(.text.HAL_TIM_ConfigClockSource)
    HAL_TIM_IC_CaptureCallback               0x08002ef5   Thumb Code     2  stm32l4xx_hal_tim.o(.text.HAL_TIM_IC_CaptureCallback)
    HAL_TIM_IRQHandler                       0x08002ef9   Thumb Code   496  stm32l4xx_hal_tim.o(.text.HAL_TIM_IRQHandler)
    HAL_TIM_OC_DelayElapsedCallback          0x080030e9   Thumb Code     2  stm32l4xx_hal_tim.o(.text.HAL_TIM_OC_DelayElapsedCallback)
    HAL_TIM_PWM_PulseFinishedCallback        0x080030ed   Thumb Code     2  stm32l4xx_hal_tim.o(.text.HAL_TIM_PWM_PulseFinishedCallback)
    HAL_TIM_PeriodElapsedCallback            0x080030f1   Thumb Code     2  stm32l4xx_hal_tim.o(.text.HAL_TIM_PeriodElapsedCallback)
    HAL_TIM_TriggerCallback                  0x080030f5   Thumb Code     2  stm32l4xx_hal_tim.o(.text.HAL_TIM_TriggerCallback)
    HAL_UART_Init                            0x080030f9   Thumb Code    96  stm32l4xx_hal_uart.o(.text.HAL_UART_Init)
    HAL_UART_MspInit                         0x08003159   Thumb Code   114  stm32l4xx_hal_msp.o(.text.HAL_UART_MspInit)
    HAL_UART_Transmit                        0x080031cd   Thumb Code   478  stm32l4xx_hal_uart.o(.text.HAL_UART_Transmit)
    HardFault_Handler                        0x080033ad   Thumb Code     2  stm32l4xx_it.o(.text.HardFault_Handler)
    MemManage_Handler                        0x080033b1   Thumb Code     2  stm32l4xx_it.o(.text.MemManage_Handler)
    NMI_Handler                              0x080033b5   Thumb Code     2  stm32l4xx_it.o(.text.NMI_Handler)
    PendSV_Handler                           0x080033b9   Thumb Code     2  stm32l4xx_it.o(.text.PendSV_Handler)
    SVC_Handler                              0x080037dd   Thumb Code     2  stm32l4xx_it.o(.text.SVC_Handler)
    SysTick_Handler                          0x080037e1   Thumb Code     4  stm32l4xx_it.o(.text.SysTick_Handler)
    SystemInit                               0x080037e5   Thumb Code    82  system_stm32l4xx.o(.text.SystemInit)
    TIM2_IRQHandler                          0x08003839   Thumb Code    12  stm32l4xx_it.o(.text.TIM2_IRQHandler)
    UART_AdvFeatureConfig                    0x08003845   Thumb Code   238  stm32l4xx_hal_uart.o(.text.UART_AdvFeatureConfig)
    UART_CheckIdleState                      0x08003935   Thumb Code   150  stm32l4xx_hal_uart.o(.text.UART_CheckIdleState)
    UART_SetConfig                           0x080039cd   Thumb Code   652  stm32l4xx_hal_uart.o(.text.UART_SetConfig)
    UsageFault_Handler                       0x08003c59   Thumb Code     2  stm32l4xx_it.o(.text.UsageFault_Handler)
    arm_sin_f32                              0x08003c5d   Thumb Code   152  arm_sin_f32.o(.text.arm_sin_f32)
    fputc                                    0x08003cf5   Thumb Code    40  main.o(.text.fputc)
    main                                     0x08003d1d   Thumb Code   492  main.o(.text.main)
    printSine                                0x08003f09   Thumb Code   140  generatesine.o(.text.printSine)
    writeSineFloat                           0x08003f95   Thumb Code   108  generatesine.o(.text.writeSineFloat)
    __0printf                                0x08004001   Thumb Code    22  printfa.o(i.__0printf)
    __1printf                                0x08004001   Thumb Code     0  printfa.o(i.__0printf)
    __2printf                                0x08004001   Thumb Code     0  printfa.o(i.__0printf)
    __c89printf                              0x08004001   Thumb Code     0  printfa.o(i.__0printf)
    printf                                   0x08004001   Thumb Code     0  printfa.o(i.__0printf)
    __scatterload_copy                       0x08004021   Thumb Code    14  handlers.o(i.__scatterload_copy)
    __scatterload_null                       0x0800402f   Thumb Code     2  handlers.o(i.__scatterload_null)
    __scatterload_zeroinit                   0x08004031   Thumb Code    14  handlers.o(i.__scatterload_zeroinit)
    puts                                     0x08004901   Thumb Code    30  puts.o(i.puts)
    AHBPrescTable                            0x08004924   Data          16  system_stm32l4xx.o(.rodata.AHBPrescTable)
    APBPrescTable                            0x08004934   Data           8  system_stm32l4xx.o(.rodata.APBPrescTable)
    MSIRangeTable                            0x0800493c   Data          48  system_stm32l4xx.o(.rodata.MSIRangeTable)
    sinTable_f32                             0x0800496c   Data        2052  arm_common_tables.o(.rodata.sinTable_f32)
    Region$$Table$$Base                      0x08005170   Number         0  anon$$obj.o(Region$$Table)
    Region$$Table$$Limit                     0x08005190   Number         0  anon$$obj.o(Region$$Table)
    __stdout                                 0x20000000   Data           4  stdout.o(.data)
    uwTickPrio                               0x20000004   Data           4  stm32l4xx_hal.o(.data..L_MergedGlobals)
    uwTickFreq                               0x20000008   Data           4  stm32l4xx_hal.o(.data..L_MergedGlobals)
    SystemCoreClock                          0x2000000c   Data           4  system_stm32l4xx.o(.data.SystemCoreClock)
    hdac1                                    0x20000010   Data          20  main.o(.bss..L_MergedGlobals)
    htim2                                    0x20000024   Data          64  main.o(.bss..L_MergedGlobals)
    QSPIHandle                               0x20000064   Data          68  stm32l475e_iot01_qspi.o(.bss.QSPIHandle)
    huart1                                   0x200000a8   Data         128  main.o(.bss.huart1)
    uwTick                                   0x20000128   Data           4  stm32l4xx_hal.o(.bss.uwTick)
    __initial_sp                             0x20000530   Data           0  startup_stm32l475xx.o(STACK)



==============================================================================

Memory Map of the image

  Image Entry point : 0x08000189

  Load Region LR_IROM1 (Base: 0x08000000, Size: 0x000051a0, Max: 0x00100000, ABSOLUTE)

    Execution Region ER_IROM1 (Exec base: 0x08000000, Load base: 0x08000000, Size: 0x00005190, Max: 0x00100000, ABSOLUTE)

    Exec Addr    Load Addr    Size         Type   Attr      Idx    E Section Name        Object

    0x08000000   0x08000000   0x00000188   Data   RO            3    RESET               startup_stm32l475xx.o
    0x08000188   0x08000188   0x00000000   Code   RO         1555  * .ARM.Collect$$$$00000000  mc_w.l(entry.o)
    0x08000188   0x08000188   0x00000004   Code   RO         1829    .ARM.Collect$$$$00000001  mc_w.l(entry2.o)
    0x0800018c   0x0800018c   0x00000004   Code   RO         1832    .ARM.Collect$$$$00000004  mc_w.l(entry5.o)
    0x08000190   0x08000190   0x00000000   Code   RO         1834    .ARM.Collect$$$$00000008  mc_w.l(entry7b.o)
    0x08000190   0x08000190   0x00000000   Code   RO         1836    .ARM.Collect$$$$0000000A  mc_w.l(entry8b.o)
    0x08000190   0x08000190   0x00000008   Code   RO         1837    .ARM.Collect$$$$0000000B  mc_w.l(entry9a.o)
    0x08000198   0x08000198   0x00000000   Code   RO         1839    .ARM.Collect$$$$0000000D  mc_w.l(entry10a.o)
    0x08000198   0x08000198   0x00000000   Code   RO         1841    .ARM.Collect$$$$0000000F  mc_w.l(entry11a.o)
    0x08000198   0x08000198   0x00000004   Code   RO         1830    .ARM.Collect$$$$00002712  mc_w.l(entry2.o)
    0x0800019c   0x0800019c   0x00000024   Code   RO            4    .text               startup_stm32l475xx.o
    0x080001c0   0x080001c0   0x00000068   Code   RO         1562    .text               mc_w.l(uldiv.o)
    0x08000228   0x08000228   0x00000024   Code   RO         1564    .text               mc_w.l(memseta.o)
    0x0800024c   0x0800024c   0x00000026   Code   RO         1827    .text               mf_w.l(f2d.o)
    0x08000272   0x08000272   0x0000002c   Code   RO         1844    .text               mc_w.l(uidiv.o)
    0x0800029e   0x0800029e   0x0000001e   Code   RO         1846    .text               mc_w.l(llshl.o)
    0x080002bc   0x080002bc   0x00000020   Code   RO         1848    .text               mc_w.l(llushr.o)
    0x080002dc   0x080002dc   0x00000000   Code   RO         1850    .text               mc_w.l(iusefp.o)
    0x080002dc   0x080002dc   0x0000015e   Code   RO         1851    .text               mf_w.l(dadd.o)
    0x0800043a   0x0800043a   0x000000ea   Code   RO         1853    .text               mf_w.l(dmul.o)
    0x08000524   0x08000524   0x000000de   Code   RO         1855    .text               mf_w.l(ddiv.o)
    0x08000602   0x08000602   0x00000030   Code   RO         1857    .text               mf_w.l(dfixul.o)
    0x08000632   0x08000632   0x00000002   PAD
    0x08000634   0x08000634   0x00000030   Code   RO         1859    .text               mf_w.l(cdrcmple.o)
    0x08000664   0x08000664   0x00000024   Code   RO         1861    .text               mc_w.l(init.o)
    0x08000688   0x08000688   0x00000024   Code   RO         1863    .text               mc_w.l(llsshr.o)
    0x080006ac   0x080006ac   0x000000ba   Code   RO         1865    .text               mf_w.l(depilogue.o)
    0x08000766   0x08000766   0x00000002   PAD
    0x08000768   0x08000768   0x000000fe   Code   RO         1421    .text.BSP_QSPI_Erase_Block  stm32l475e_iot01_qspi.o
    0x08000866   0x08000866   0x00000002   PAD
    0x08000868   0x08000868   0x00000444   Code   RO         1409    .text.BSP_QSPI_Init  stm32l475e_iot01_qspi.o
    0x08000cac   0x08000cac   0x00000068   Code   RO         1411    .text.BSP_QSPI_MspInit  stm32l475e_iot01_qspi.o
    0x08000d14   0x08000d14   0x00000076   Code   RO         1417    .text.BSP_QSPI_Read  stm32l475e_iot01_qspi.o
    0x08000d8a   0x08000d8a   0x00000002   PAD
    0x08000d8c   0x08000d8c   0x00000158   Code   RO         1419    .text.BSP_QSPI_Write  stm32l475e_iot01_qspi.o
    0x08000ee4   0x08000ee4   0x00000002   Code   RO           55    .text.BusFault_Handler  stm32l4xx_it.o
    0x08000ee6   0x08000ee6   0x00000002   PAD
    0x08000ee8   0x08000ee8   0x00000002   Code   RO           61    .text.DebugMon_Handler  stm32l4xx_it.o
    0x08000eea   0x08000eea   0x00000002   PAD
    0x08000eec   0x08000eec   0x00000122   Code   RO          137    .text.HAL_DAC_ConfigChannel  stm32l4xx_hal_dac.o
    0x0800100e   0x0800100e   0x00000002   PAD
    0x08001010   0x08001010   0x00000028   Code   RO          101    .text.HAL_DAC_Init  stm32l4xx_hal_dac.o
    0x08001038   0x08001038   0x00000066   Code   RO           80    .text.HAL_DAC_MspInit  stm32l4xx_hal_msp.o
    0x0800109e   0x0800109e   0x00000002   PAD
    0x080010a0   0x080010a0   0x00000054   Code   RO          109    .text.HAL_DAC_Start  stm32l4xx_hal_dac.o
    0x080010f4   0x080010f4   0x0000004a   Code   RO          619    .text.HAL_DMA_Abort  stm32l4xx_hal_dma.o
    0x0800113e   0x0800113e   0x00000002   PAD
    0x08001140   0x08001140   0x00000028   Code   RO          209    .text.HAL_Delay     stm32l4xx_hal.o
    0x08001168   0x08001168   0x000001b6   Code   RO          586    .text.HAL_GPIO_Init  stm32l4xx_hal_gpio.o
    0x0800131e   0x0800131e   0x00000002   PAD
    0x08001320   0x08001320   0x0000000c   Code   RO          201    .text.HAL_GetTick   stm32l4xx_hal.o
    0x0800132c   0x0800132c   0x0000001a   Code   RO          199    .text.HAL_IncTick   stm32l4xx_hal.o
    0x08001346   0x08001346   0x00000002   PAD
    0x08001348   0x08001348   0x0000001e   Code   RO          189    .text.HAL_Init      stm32l4xx_hal.o
    0x08001366   0x08001366   0x00000002   PAD
    0x08001368   0x08001368   0x0000004c   Code   RO          191    .text.HAL_InitTick  stm32l4xx_hal.o
    0x080013b4   0x080013b4   0x00000032   Code   RO           78    .text.HAL_MspInit   stm32l4xx_hal_msp.o
    0x080013e6   0x080013e6   0x00000002   PAD
    0x080013e8   0x080013e8   0x00000020   Code   RO          775    .text.HAL_NVIC_EnableIRQ  stm32l4xx_hal_cortex.o
    0x08001408   0x08001408   0x0000005c   Code   RO          773    .text.HAL_NVIC_SetPriority  stm32l4xx_hal_cortex.o
    0x08001464   0x08001464   0x00000020   Code   RO          771    .text.HAL_NVIC_SetPriorityGrouping  stm32l4xx_hal_cortex.o
    0x08001484   0x08001484   0x00000094   Code   RO          688    .text.HAL_PWREx_ControlVoltageScaling  stm32l4xx_hal_pwr_ex.o
    0x08001518   0x08001518   0x00000010   Code   RO          686    .text.HAL_PWREx_GetVoltageRange  stm32l4xx_hal_pwr_ex.o
    0x08001528   0x08001528   0x0000010c   Code   RO         1343    .text.HAL_QSPI_Abort  stm32l4xx_hal_qspi.o
    0x08001634   0x08001634   0x00000122   Code   RO         1365    .text.HAL_QSPI_AutoPolling  stm32l4xx_hal_qspi.o
    0x08001756   0x08001756   0x00000002   PAD
    0x08001758   0x08001758   0x000000f6   Code   RO         1335    .text.HAL_QSPI_Command  stm32l4xx_hal_qspi.o
    0x0800184e   0x0800184e   0x00000002   PAD
    0x08001850   0x08001850   0x0000003c   Code   RO         1309    .text.HAL_QSPI_DeInit  stm32l4xx_hal_qspi.o
    0x0800188c   0x0800188c   0x0000011a   Code   RO         1303    .text.HAL_QSPI_Init  stm32l4xx_hal_qspi.o
    0x080019a6   0x080019a6   0x00000002   PAD
    0x080019a8   0x080019a8   0x00000002   Code   RO         1311    .text.HAL_QSPI_MspDeInit  stm32l4xx_hal_qspi.o
    0x080019aa   0x080019aa   0x00000002   PAD
    0x080019ac   0x080019ac   0x00000002   Code   RO         1305    .text.HAL_QSPI_MspInit  stm32l4xx_hal_qspi.o
    0x080019ae   0x080019ae   0x00000002   PAD
    0x080019b0   0x080019b0   0x000001c0   Code   RO         1345    .text.HAL_QSPI_Receive  stm32l4xx_hal_qspi.o
    0x08001b70   0x08001b70   0x000001a6   Code   RO         1341    .text.HAL_QSPI_Transmit  stm32l4xx_hal_qspi.o
    0x08001d16   0x08001d16   0x00000002   PAD
    0x08001d18   0x08001d18   0x000003dc   Code   RO          471    .text.HAL_RCCEx_PeriphCLKConfig  stm32l4xx_hal_rcc_ex.o
    0x080020f4   0x080020f4   0x00000224   Code   RO          442    .text.HAL_RCC_ClockConfig  stm32l4xx_hal_rcc.o
    0x08002318   0x08002318   0x0000002a   Code   RO          448    .text.HAL_RCC_GetPCLK1Freq  stm32l4xx_hal_rcc.o
    0x08002342   0x08002342   0x00000002   PAD
    0x08002344   0x08002344   0x0000002a   Code   RO          450    .text.HAL_RCC_GetPCLK2Freq  stm32l4xx_hal_rcc.o
    0x0800236e   0x0800236e   0x00000002   PAD
    0x08002370   0x08002370   0x000000ba   Code   RO          440    .text.HAL_RCC_GetSysClockFreq  stm32l4xx_hal_rcc.o
    0x0800242a   0x0800242a   0x00000002   PAD
    0x0800242c   0x0800242c   0x000006e4   Code   RO          438    .text.HAL_RCC_OscConfig  stm32l4xx_hal_rcc.o
    0x08002b10   0x08002b10   0x0000002c   Code   RO          783    .text.HAL_SYSTICK_Config  stm32l4xx_hal_cortex.o
    0x08002b3c   0x08002b3c   0x00000002   Code   RO         1142    .text.HAL_TIMEx_Break2Callback  stm32l4xx_hal_tim_ex.o
    0x08002b3e   0x08002b3e   0x00000002   PAD
    0x08002b40   0x08002b40   0x00000002   Code   RO         1140    .text.HAL_TIMEx_BreakCallback  stm32l4xx_hal_tim_ex.o
    0x08002b42   0x08002b42   0x00000002   PAD
    0x08002b44   0x08002b44   0x00000002   Code   RO         1136    .text.HAL_TIMEx_CommutCallback  stm32l4xx_hal_tim_ex.o
    0x08002b46   0x08002b46   0x00000002   PAD
    0x08002b48   0x08002b48   0x0000006a   Code   RO         1126    .text.HAL_TIMEx_MasterConfigSynchronization  stm32l4xx_hal_tim_ex.o
    0x08002bb2   0x08002bb2   0x00000002   PAD
    0x08002bb4   0x08002bb4   0x00000140   Code   RO          845    .text.HAL_TIM_Base_Init  stm32l4xx_hal_tim.o
    0x08002cf4   0x08002cf4   0x0000003e   Code   RO           84    .text.HAL_TIM_Base_MspInit  stm32l4xx_hal_msp.o
    0x08002d32   0x08002d32   0x00000002   PAD
    0x08002d34   0x08002d34   0x0000002e   Code   RO          859    .text.HAL_TIM_Base_Start_IT  stm32l4xx_hal_tim.o
    0x08002d62   0x08002d62   0x00000002   PAD
    0x08002d64   0x08002d64   0x0000018e   Code   RO         1021    .text.HAL_TIM_ConfigClockSource  stm32l4xx_hal_tim.o
    0x08002ef2   0x08002ef2   0x00000002   PAD
    0x08002ef4   0x08002ef4   0x00000002   Code   RO          981    .text.HAL_TIM_IC_CaptureCallback  stm32l4xx_hal_tim.o
    0x08002ef6   0x08002ef6   0x00000002   PAD
    0x08002ef8   0x08002ef8   0x000001f0   Code   RO          979    .text.HAL_TIM_IRQHandler  stm32l4xx_hal_tim.o
    0x080030e8   0x080030e8   0x00000002   Code   RO          983    .text.HAL_TIM_OC_DelayElapsedCallback  stm32l4xx_hal_tim.o
    0x080030ea   0x080030ea   0x00000002   PAD
    0x080030ec   0x080030ec   0x00000002   Code   RO          985    .text.HAL_TIM_PWM_PulseFinishedCallback  stm32l4xx_hal_tim.o
    0x080030ee   0x080030ee   0x00000002   PAD
    0x080030f0   0x080030f0   0x00000002   Code   RO          987    .text.HAL_TIM_PeriodElapsedCallback  stm32l4xx_hal_tim.o
    0x080030f2   0x080030f2   0x00000002   PAD
    0x080030f4   0x080030f4   0x00000002   Code   RO          989    .text.HAL_TIM_TriggerCallback  stm32l4xx_hal_tim.o
    0x080030f6   0x080030f6   0x00000002   PAD
    0x080030f8   0x080030f8   0x00000060   Code   RO         1155    .text.HAL_UART_Init  stm32l4xx_hal_uart.o
    0x08003158   0x08003158   0x00000072   Code   RO           88    .text.HAL_UART_MspInit  stm32l4xx_hal_msp.o
    0x080031ca   0x080031ca   0x00000002   PAD
    0x080031cc   0x080031cc   0x000001de   Code   RO         1175    .text.HAL_UART_Transmit  stm32l4xx_hal_uart.o
    0x080033aa   0x080033aa   0x00000002   PAD
    0x080033ac   0x080033ac   0x00000002   Code   RO           51    .text.HardFault_Handler  stm32l4xx_it.o
    0x080033ae   0x080033ae   0x00000002   PAD
    0x080033b0   0x080033b0   0x00000002   Code   RO           53    .text.MemManage_Handler  stm32l4xx_it.o
    0x080033b2   0x080033b2   0x00000002   PAD
    0x080033b4   0x080033b4   0x00000002   Code   RO           49    .text.NMI_Handler   stm32l4xx_it.o
    0x080033b6   0x080033b6   0x00000002   PAD
    0x080033b8   0x080033b8   0x00000002   Code   RO           63    .text.PendSV_Handler  stm32l4xx_it.o
    0x080033ba   0x080033ba   0x00000002   PAD
    0x080033bc   0x080033bc   0x000001ce   Code   RO         1337    .text.QSPI_Config   stm32l4xx_hal_qspi.o
    0x0800358a   0x0800358a   0x00000002   PAD
    0x0800358c   0x0800358c   0x0000013c   Code   RO          473    .text.RCCEx_PLLSAI1_Config  stm32l4xx_hal_rcc_ex.o
    0x080036c8   0x080036c8   0x00000114   Code   RO          475    .text.RCCEx_PLLSAI2_Config  stm32l4xx_hal_rcc_ex.o
    0x080037dc   0x080037dc   0x00000002   Code   RO           59    .text.SVC_Handler   stm32l4xx_it.o
    0x080037de   0x080037de   0x00000002   PAD
    0x080037e0   0x080037e0   0x00000004   Code   RO           65    .text.SysTick_Handler  stm32l4xx_it.o
    0x080037e4   0x080037e4   0x00000052   Code   RO         1392    .text.SystemInit    system_stm32l4xx.o
    0x08003836   0x08003836   0x00000002   PAD
    0x08003838   0x08003838   0x0000000c   Code   RO           67    .text.TIM2_IRQHandler  stm32l4xx_it.o
    0x08003844   0x08003844   0x000000ee   Code   RO         1161    .text.UART_AdvFeatureConfig  stm32l4xx_hal_uart.o
    0x08003932   0x08003932   0x00000002   PAD
    0x08003934   0x08003934   0x00000096   Code   RO         1163    .text.UART_CheckIdleState  stm32l4xx_hal_uart.o
    0x080039ca   0x080039ca   0x00000002   PAD
    0x080039cc   0x080039cc   0x0000028c   Code   RO         1159    .text.UART_SetConfig  stm32l4xx_hal_uart.o
    0x08003c58   0x08003c58   0x00000002   Code   RO           57    .text.UsageFault_Handler  stm32l4xx_it.o
    0x08003c5a   0x08003c5a   0x00000002   PAD
    0x08003c5c   0x08003c5c   0x00000098   Code   RO         1451    .text.arm_sin_f32   arm_cortexM4lf_math.lib(arm_sin_f32.o)
    0x08003cf4   0x08003cf4   0x00000028   Code   RO           26    .text.fputc         main.o
    0x08003d1c   0x08003d1c   0x000001ec   Code   RO           30    .text.main          main.o
    0x08003f08   0x08003f08   0x0000008c   Code   RO           15    .text.printSine     generatesine.o
    0x08003f94   0x08003f94   0x0000006c   Code   RO           11    .text.writeSineFloat  generatesine.o
    0x08004000   0x08004000   0x00000020   Code   RO         1799    i.__0printf         mc_w.l(printfa.o)
    0x08004020   0x08004020   0x0000000e   Code   RO         1869    i.__scatterload_copy  mc_w.l(handlers.o)
    0x0800402e   0x0800402e   0x00000002   Code   RO         1870    i.__scatterload_null  mc_w.l(handlers.o)
    0x08004030   0x08004030   0x0000000e   Code   RO         1871    i.__scatterload_zeroinit  mc_w.l(handlers.o)
    0x0800403e   0x0800403e   0x00000002   PAD
    0x08004040   0x08004040   0x0000018a   Code   RO         1806    i._fp_digits        mc_w.l(printfa.o)
    0x080041ca   0x080041ca   0x00000002   PAD
    0x080041cc   0x080041cc   0x000006e2   Code   RO         1807    i._printf_core      mc_w.l(printfa.o)
    0x080048ae   0x080048ae   0x00000024   Code   RO         1808    i._printf_post_padding  mc_w.l(printfa.o)
    0x080048d2   0x080048d2   0x0000002e   Code   RO         1809    i._printf_pre_padding  mc_w.l(printfa.o)
    0x08004900   0x08004900   0x00000024   Code   RO         1558    i.puts              mc_w.l(puts.o)
    0x08004924   0x08004924   0x00000010   Data   RO         1397    .rodata.AHBPrescTable  system_stm32l4xx.o
    0x08004934   0x08004934   0x00000008   Data   RO         1398    .rodata.APBPrescTable  system_stm32l4xx.o
    0x0800493c   0x0800493c   0x00000030   Data   RO         1399    .rodata.MSIRangeTable  system_stm32l4xx.o
    0x0800496c   0x0800496c   0x00000804   Data   RO         1547    .rodata.sinTable_f32  arm_cortexM4lf_math.lib(arm_common_tables.o)
    0x08005170   0x08005170   0x00000020   Data   RO         1868    Region$$Table       anon$$obj.o


    Execution Region RW_IRAM1 (Exec base: 0x20000000, Load base: 0x08005190, Size: 0x00000530, Max: 0x00018000, ABSOLUTE)

    Exec Addr    Load Addr    Size         Type   Attr      Idx    E Section Name        Object

    0x20000000   0x08005190   0x00000004   Data   RW         1843    .data               mc_w.l(stdout.o)
    0x20000004   0x08005194   0x00000008   Data   RW          260    .data..L_MergedGlobals  stm32l4xx_hal.o
    0x2000000c   0x0800519c   0x00000004   Data   RW         1396    .data.SystemCoreClock  system_stm32l4xx.o
    0x20000010        -       0x00000054   Zero   RW           39    .bss..L_MergedGlobals  main.o
    0x20000064        -       0x00000044   Zero   RW         1441    .bss.QSPIHandle     stm32l475e_iot01_qspi.o
    0x200000a8        -       0x00000080   Zero   RW           36    .bss.huart1         main.o
    0x20000128        -       0x00000004   Zero   RW          259    .bss.uwTick         stm32l4xx_hal.o
    0x2000012c   0x080051a0   0x00000004   PAD
    0x20000130        -       0x00000400   Zero   RW            1    STACK               startup_stm32l475xx.o


==============================================================================

Image component sizes


      Code (inc. data)   RO Data    RW Data    ZI Data      Debug   Object Name

       248         28          0          0          0       2054   generatesine.o
       532         48          0          0        212      10871   main.o
        36          8        392          0       1024        840   startup_stm32l475xx.o
      1912          0          0          0         68      11962   stm32l475e_iot01_qspi.o
       184          0          0          8          4       8464   stm32l4xx_hal.o
       200          0          0          0          0       9847   stm32l4xx_hal_cortex.o
       414          0          0          0          0       7631   stm32l4xx_hal_dac.o
        74          0          0          0          0       6958   stm32l4xx_hal_dma.o
       438          0          0          0          0       5168   stm32l4xx_hal_gpio.o
       328          0          0          0          0       9612   stm32l4xx_hal_msp.o
       164          0          0          0          0       8693   stm32l4xx_hal_pwr_ex.o
      2482          0          0          0          0      19687   stm32l4xx_hal_qspi.o
      2582          0          0          0          0      10897   stm32l4xx_hal_rcc.o
      1580          8          0          0          0      12766   stm32l4xx_hal_rcc_ex.o
      1270          0          0          0          0      47622   stm32l4xx_hal_tim.o
       112          0          0          0          0      17782   stm32l4xx_hal_tim_ex.o
      1614         64          0          0          0      21700   stm32l4xx_hal_uart.o
        32          0          0          0          0       1164   stm32l4xx_it.o
        82          0         72          4          0       3018   system_stm32l4xx.o

    ----------------------------------------------------------------------
     14372        156        496         12       1312     216736   Object Totals
         0          0         32          0          0          0   (incl. Generated)
        88          0          0          0          4          0   (incl. Padding)

    ----------------------------------------------------------------------

      Code (inc. data)   RO Data    RW Data    ZI Data      Debug   Library Member Name

         0          0       2052          0          0       4961   arm_common_tables.o
       152         12          0          0          0       1098   arm_sin_f32.o
         0          0          0          0          0          0   entry.o
         0          0          0          0          0          0   entry10a.o
         0          0          0          0          0          0   entry11a.o
         8          4          0          0          0          0   entry2.o
         4          0          0          0          0          0   entry5.o
         0          0          0          0          0          0   entry7b.o
         0          0          0          0          0          0   entry8b.o
         8          4          0          0          0          0   entry9a.o
        30          0          0          0          0          0   handlers.o
        36          8          0          0          0         68   init.o
         0          0          0          0          0          0   iusefp.o
        30          0          0          0          0         68   llshl.o
        36          0          0          0          0         68   llsshr.o
        32          0          0          0          0         68   llushr.o
        36          0          0          0          0        108   memseta.o
      2270         90          0          0          0        452   printfa.o
        36          6          0          0          0         80   puts.o
         0          0          0          4          0          0   stdout.o
        44          0          0          0          0         80   uidiv.o
       104          0          0          0          0         92   uldiv.o
        48          0          0          0          0         68   cdrcmple.o
       350          0          0          0          0        148   dadd.o
       222          0          0          0          0        100   ddiv.o
       186          0          0          0          0        176   depilogue.o
        48          0          0          0          0         68   dfixul.o
       234          0          0          0          0         96   dmul.o
        38          0          0          0          0         68   f2d.o

    ----------------------------------------------------------------------
      3960        124       2052          4          0       7867   Library Totals
         8          0          0          0          0          0   (incl. Padding)

    ----------------------------------------------------------------------

      Code (inc. data)   RO Data    RW Data    ZI Data      Debug   Library Name

       152         12       2052          0          0       6059   arm_cortexM4lf_math.lib
      2674        112          0          4          0       1084   mc_w.l
      1126          0          0          0          0        724   mf_w.l

    ----------------------------------------------------------------------
      3960        124       2052          4          0       7867   Library Totals

    ----------------------------------------------------------------------

==============================================================================


      Code (inc. data)   RO Data    RW Data    ZI Data      Debug   

     18332        280       2548         16       1312     223635   Grand Totals
     18332        280       2548         16       1312     223635   ELF Image Totals
     18332        280       2548         16          0          0   ROM Totals

==============================================================================

    Total RO  Size (Code + RO Data)                20880 (  20.39kB)
    Total RW  Size (RW Data + ZI Data)              1328 (   1.30kB)
    Total ROM Size (Code + RO Data + RW Data)      20896 (  20.41kB)

==============================================================================

