Archive member included to satisfy reference by file (symbol)

/usr/lib/gcc/arm-none-eabi/6.3.1/../../../arm-none-eabi/lib/thumb/v7e-m/fpv4-sp/hard/libc_nano.a(lib_a-atexit.o)
                              /usr/lib/gcc/arm-none-eabi/6.3.1/../../../arm-none-eabi/lib/thumb/v7e-m/fpv4-sp/hard/crt0.o (atexit)
/usr/lib/gcc/arm-none-eabi/6.3.1/../../../arm-none-eabi/lib/thumb/v7e-m/fpv4-sp/hard/libc_nano.a(lib_a-exit.o)
                              /usr/lib/gcc/arm-none-eabi/6.3.1/../../../arm-none-eabi/lib/thumb/v7e-m/fpv4-sp/hard/crt0.o (exit)
/usr/lib/gcc/arm-none-eabi/6.3.1/../../../arm-none-eabi/lib/thumb/v7e-m/fpv4-sp/hard/libc_nano.a(lib_a-fini.o)
                              /usr/lib/gcc/arm-none-eabi/6.3.1/../../../arm-none-eabi/lib/thumb/v7e-m/fpv4-sp/hard/crt0.o (__libc_fini_array)
/usr/lib/gcc/arm-none-eabi/6.3.1/../../../arm-none-eabi/lib/thumb/v7e-m/fpv4-sp/hard/libc_nano.a(lib_a-impure.o)
                              /usr/lib/gcc/arm-none-eabi/6.3.1/../../../arm-none-eabi/lib/thumb/v7e-m/fpv4-sp/hard/libc_nano.a(lib_a-exit.o) (_global_impure_ptr)
/usr/lib/gcc/arm-none-eabi/6.3.1/../../../arm-none-eabi/lib/thumb/v7e-m/fpv4-sp/hard/libc_nano.a(lib_a-init.o)
                              /usr/lib/gcc/arm-none-eabi/6.3.1/../../../arm-none-eabi/lib/thumb/v7e-m/fpv4-sp/hard/crt0.o (__libc_init_array)
/usr/lib/gcc/arm-none-eabi/6.3.1/../../../arm-none-eabi/lib/thumb/v7e-m/fpv4-sp/hard/libc_nano.a(lib_a-memset.o)
                              /usr/lib/gcc/arm-none-eabi/6.3.1/../../../arm-none-eabi/lib/thumb/v7e-m/fpv4-sp/hard/crt0.o (memset)
/usr/lib/gcc/arm-none-eabi/6.3.1/../../../arm-none-eabi/lib/thumb/v7e-m/fpv4-sp/hard/libc_nano.a(lib_a-printf.o)
                              build/main.o (printf)
/usr/lib/gcc/arm-none-eabi/6.3.1/../../../arm-none-eabi/lib/thumb/v7e-m/fpv4-sp/hard/libc_nano.a(lib_a-puts.o)
                              build/main.o (puts)
/usr/lib/gcc/arm-none-eabi/6.3.1/../../../arm-none-eabi/lib/thumb/v7e-m/fpv4-sp/hard/libc_nano.a(lib_a-wbuf.o)
                              /usr/lib/gcc/arm-none-eabi/6.3.1/../../../arm-none-eabi/lib/thumb/v7e-m/fpv4-sp/hard/libc_nano.a(lib_a-puts.o) (__swbuf_r)
/usr/lib/gcc/arm-none-eabi/6.3.1/../../../arm-none-eabi/lib/thumb/v7e-m/fpv4-sp/hard/libc_nano.a(lib_a-wsetup.o)
                              /usr/lib/gcc/arm-none-eabi/6.3.1/../../../arm-none-eabi/lib/thumb/v7e-m/fpv4-sp/hard/libc_nano.a(lib_a-puts.o) (__swsetup_r)
/usr/lib/gcc/arm-none-eabi/6.3.1/../../../arm-none-eabi/lib/thumb/v7e-m/fpv4-sp/hard/libc_nano.a(lib_a-__atexit.o)
                              /usr/lib/gcc/arm-none-eabi/6.3.1/../../../arm-none-eabi/lib/thumb/v7e-m/fpv4-sp/hard/libc_nano.a(lib_a-atexit.o) (__register_exitproc)
/usr/lib/gcc/arm-none-eabi/6.3.1/../../../arm-none-eabi/lib/thumb/v7e-m/fpv4-sp/hard/libc_nano.a(lib_a-__call_atexit.o)
                              /usr/lib/gcc/arm-none-eabi/6.3.1/../../../arm-none-eabi/lib/thumb/v7e-m/fpv4-sp/hard/libc_nano.a(lib_a-__atexit.o) (__call_exitprocs)
/usr/lib/gcc/arm-none-eabi/6.3.1/../../../arm-none-eabi/lib/thumb/v7e-m/fpv4-sp/hard/libc_nano.a(lib_a-fflush.o)
                              /usr/lib/gcc/arm-none-eabi/6.3.1/../../../arm-none-eabi/lib/thumb/v7e-m/fpv4-sp/hard/libc_nano.a(lib_a-wbuf.o) (_fflush_r)
/usr/lib/gcc/arm-none-eabi/6.3.1/../../../arm-none-eabi/lib/thumb/v7e-m/fpv4-sp/hard/libc_nano.a(lib_a-findfp.o)
                              /usr/lib/gcc/arm-none-eabi/6.3.1/../../../arm-none-eabi/lib/thumb/v7e-m/fpv4-sp/hard/libc_nano.a(lib_a-printf.o) (__sinit)
/usr/lib/gcc/arm-none-eabi/6.3.1/../../../arm-none-eabi/lib/thumb/v7e-m/fpv4-sp/hard/libc_nano.a(lib_a-fwalk.o)
                              /usr/lib/gcc/arm-none-eabi/6.3.1/../../../arm-none-eabi/lib/thumb/v7e-m/fpv4-sp/hard/libc_nano.a(lib_a-findfp.o) (_fwalk)
/usr/lib/gcc/arm-none-eabi/6.3.1/../../../arm-none-eabi/lib/thumb/v7e-m/fpv4-sp/hard/libc_nano.a(lib_a-makebuf.o)
                              /usr/lib/gcc/arm-none-eabi/6.3.1/../../../arm-none-eabi/lib/thumb/v7e-m/fpv4-sp/hard/libc_nano.a(lib_a-wsetup.o) (__smakebuf_r)
/usr/lib/gcc/arm-none-eabi/6.3.1/../../../arm-none-eabi/lib/thumb/v7e-m/fpv4-sp/hard/libc_nano.a(lib_a-nano-freer.o)
                              /usr/lib/gcc/arm-none-eabi/6.3.1/../../../arm-none-eabi/lib/thumb/v7e-m/fpv4-sp/hard/libc_nano.a(lib_a-wsetup.o) (_free_r)
/usr/lib/gcc/arm-none-eabi/6.3.1/../../../arm-none-eabi/lib/thumb/v7e-m/fpv4-sp/hard/libc_nano.a(lib_a-nano-mallocr.o)
                              /usr/lib/gcc/arm-none-eabi/6.3.1/../../../arm-none-eabi/lib/thumb/v7e-m/fpv4-sp/hard/libc_nano.a(lib_a-findfp.o) (_malloc_r)
/usr/lib/gcc/arm-none-eabi/6.3.1/../../../arm-none-eabi/lib/thumb/v7e-m/fpv4-sp/hard/libc_nano.a(lib_a-nano-vfprintf.o)
                              /usr/lib/gcc/arm-none-eabi/6.3.1/../../../arm-none-eabi/lib/thumb/v7e-m/fpv4-sp/hard/libc_nano.a(lib_a-printf.o) (_vfprintf_r)
[...]
Memory Configuration

Name             Origin             Length             Attributes
RAM              0x0000000020000000 0x0000000000018000 xrw
RAM2             0x0000000010000000 0x0000000000008000 xrw
FLASH            0x0000000008000000 0x0000000000100000 xr
*default*        0x0000000000000000 0xffffffffffffffff

Linker script and memory map

LOAD /usr/lib/gcc/arm-none-eabi/6.3.1/thumb/v7e-m/fpv4-sp/hard/crti.o
LOAD /usr/lib/gcc/arm-none-eabi/6.3.1/thumb/v7e-m/fpv4-sp/hard/crtbegin.o
LOAD /usr/lib/gcc/arm-none-eabi/6.3.1/../../../arm-none-eabi/lib/thumb/v7e-m/fpv4-sp/hard/crt0.o
LOAD build/main.o
LOAD build/stm32l4xx_it.o
LOAD build/stm32l4xx_hal_msp.o
LOAD build/stm32l4xx_hal_tim.o
LOAD build/stm32l4xx_hal_tim_ex.o
LOAD build/stm32l4xx_hal_uart.o
LOAD build/stm32l4xx_hal_uart_ex.o
LOAD build/stm32l4xx_hal.o
LOAD build/stm32l4xx_hal_i2c.o
LOAD build/stm32l4xx_hal_i2c_ex.o
LOAD build/stm32l4xx_hal_rcc.o
LOAD build/stm32l4xx_hal_rcc_ex.o
LOAD build/stm32l4xx_hal_flash.o
LOAD build/stm32l4xx_hal_flash_ex.o
LOAD build/stm32l4xx_hal_flash_ramfunc.o
LOAD build/stm32l4xx_hal_gpio.o
LOAD build/stm32l4xx_hal_dma.o
LOAD build/stm32l4xx_hal_dma_ex.o
LOAD build/stm32l4xx_hal_pwr.o
LOAD build/stm32l4xx_hal_pwr_ex.o
LOAD build/stm32l4xx_hal_cortex.o
LOAD build/stm32l4xx_hal_exti.o
LOAD build/stm32l4xx_hal_qspi.o
LOAD build/stm32l475e_iot01.o
LOAD build/stm32l475e_iot01_qspi.o
LOAD build/system_stm32l4xx.o
LOAD build/stm32l4xx_hal_dac.o
LOAD build/stm32l4xx_hal_dac_ex.o
LOAD build/startup_stm32l475xx.o
LOAD /usr/lib/gcc/arm-none-eabi/6.3.1/../../../arm-none-eabi/lib/thumb/v7e-m/fpv4-sp/hard/libc_nano.a
LOAD /usr/lib/gcc/arm-none-eabi/6.3.1/../../../arm-none-eabi/lib/thumb/v7e-m/fpv4-sp/hard/libm.a
LOAD /usr/lib/gcc/arm-none-eabi/6.3.1/../../../arm-none-eabi/lib/thumb/v7e-m/fpv4-sp/hard/libnosys.a
START GROUP
LOAD /usr/lib/gcc/arm-none-eabi/6.3.1/thumb/v7e-m/fpv4-sp/hard/libgcc.a
LOAD /usr/lib/gcc/arm-none-eabi/6.3.1/../../../arm-none-eabi/lib/thumb/v7e-m/fpv4-sp/hard/libc_nano.a
END GROUP
START GROUP
LOAD /usr/lib/gcc/arm-none-eabi/6.3.1/thumb/v7e-m/fpv4-sp/hard/libgcc.a
LOAD /usr/lib/gcc/arm-none-eabi/6.3.1/../../../arm-none-eabi/lib/thumb/v7e-m/fpv4-sp/hard/libc_nano.a
END GROUP
LOAD /usr/lib/gcc/arm-none-eabi/6.3.1/thumb/v7e-m/fpv4-sp/hard/crtend.o
LOAD /usr/lib/gcc/arm-none-eabi/6.3.1/thumb/v7e-m/fpv4-sp/hard/crtn.o
                0x0000000020018000                _estack = 0x20018000
                0x0000000000000200                _Min_Heap_Size = 0x200
                0x0000000000000400                _Min_Stack_Size = 0x400

.isr_vector     0x0000000008000000      0x188
                0x0000000008000000                . = ALIGN (0x8)
 *(.isr_vector)
 .isr_vector    0x0000000008000000      0x188 build/startup_stm32l475xx.o
                0x0000000008000000                g_pfnVectors
                0x0000000008000188                . = ALIGN (0x8)

.text           0x0000000008000190     0x44b0
                0x0000000008000190                . = ALIGN (0x8)
 *(.text)
 .text          0x0000000008000190       0xa4 /usr/lib/gcc/arm-none-eabi/6.3.1/thumb/v7e-m/fpv4-sp/hard/crtbegin.o
 .text          0x0000000008000234       0x50 /usr/lib/gcc/arm-none-eabi/6.3.1/../../../arm-none-eabi/lib/thumb/v7e-m/fpv4-sp/hard/libc_nano.a(lib_a-init.o)
                0x0000000008000234                __libc_init_array
 .text          0x0000000008000284       0x9c /usr/lib/gcc/arm-none-eabi/6.3.1/../../../arm-none-eabi/lib/thumb/v7e-m/fpv4-sp/hard/libc_nano.a(lib_a-memset.o)
                0x0000000008000284                memset
 .text          0x0000000008000320       0x60 /usr/lib/gcc/arm-none-eabi/6.3.1/../../../arm-none-eabi/lib/thumb/v7e-m/fpv4-sp/hard/libc_nano.a(lib_a-printf.o)
                0x0000000008000320                _printf_r
                0x0000000008000320                _iprintf_r
                0x000000000800034c                printf
                0x000000000800034c                iprintf
 .text          0x0000000008000380       0xf0 /usr/lib/gcc/arm-none-eabi/6.3.1/../../../arm-none-eabi/lib/thumb/v7e-m/fpv4-sp/hard/libc_nano.a(lib_a-puts.o)
                0x0000000008000380                _puts_r
                0x0000000008000460                puts
 .text          0x0000000008000470       0xc4 /usr/lib/gcc/arm-none-eabi/6.3.1/../../../arm-none-eabi/lib/thumb/v7e-m/fpv4-sp/hard/libc_nano.a(lib_a-wbuf.o)
                0x0000000008000470                __swbuf_r
                0x0000000008000524                __swbuf
 .text          0x0000000008000534       0xf4 /usr/lib/gcc/arm-none-eabi/6.3.1/../../../arm-none-eabi/lib/thumb/v7e-m/fpv4-sp/hard/libc_nano.a(lib_a-wsetup.o)
                0x0000000008000534                __swsetup_r
 .text          0x0000000008000628      0x1b0 /usr/lib/gcc/arm-none-eabi/6.3.1/../../../arm-none-eabi/lib/thumb/v7e-m/fpv4-sp/hard/libc_nano.a(lib_a-fflush.o)
                0x0000000008000628                __sflush_r
                0x0000000008000750                _fflush_r
                0x00000000080007b4                fflush
 .text          0x00000000080007d8      0x230 /usr/lib/gcc/arm-none-eabi/6.3.1/../../../arm-none-eabi/lib/thumb/v7e-m/fpv4-sp/hard/libc_nano.a(lib_a-findfp.o)
                0x00000000080007dc                _cleanup_r
                0x00000000080007ec                __sfmoreglue
                0x000000000800081c                __sfp
                0x00000000080009b4                _cleanup
                0x00000000080009c8                __sinit
                0x00000000080009d0                __sfp_lock_acquire
                0x00000000080009d4                __sfp_lock_release
                0x00000000080009d8                __sinit_lock_acquire
                0x00000000080009dc                __sinit_lock_release
                0x00000000080009e0                __fp_lock_all
                0x00000000080009f4                __fp_unlock_all
 .text          0x0000000008000a08       0xa0 /usr/lib/gcc/arm-none-eabi/6.3.1/../../../arm-none-eabi/lib/thumb/v7e-m/fpv4-sp/hard/libc_nano.a(lib_a-fwalk.o)
                0x0000000008000a08                _fwalk
                0x0000000008000a54                _fwalk_reent
 .text          0x0000000008000aa8       0xe4 /usr/lib/gcc/arm-none-eabi/6.3.1/../../../arm-none-eabi/lib/thumb/v7e-m/fpv4-sp/hard/libc_nano.a(lib_a-makebuf.o)
                0x0000000008000aa8                __swhatbuf_r
                0x0000000008000b04                __smakebuf_r
 .text          0x0000000008000b8c       0x90 /usr/lib/gcc/arm-none-eabi/6.3.1/../../../arm-none-eabi/lib/thumb/v7e-m/fpv4-sp/hard/libc_nano.a(lib_a-nano-freer.o)
                0x0000000008000b8c                _free_r
 .text          0x0000000008000c1c       0xbc /usr/lib/gcc/arm-none-eabi/6.3.1/../../../arm-none-eabi/lib/thumb/v7e-m/fpv4-sp/hard/libc_nano.a(lib_a-nano-mallocr.o)
                0x0000000008000c1c                _malloc_r
 .text          0x0000000008000cd8      0x2f8 /usr/lib/gcc/arm-none-eabi/6.3.1/../../../arm-none-eabi/lib/thumb/v7e-m/fpv4-sp/hard/libc_nano.a(lib_a-nano-vfprintf.o)
                0x0000000008000d0c                __sfputs_r
                0x0000000008000d38                __sprint_r
                0x0000000008000d54                _vfiprintf_r
                0x0000000008000d54                _vfprintf_r
                0x0000000008000fb8                vfiprintf
                0x0000000008000fb8                vfprintf
 .text          0x0000000008000fd0      0x3d4 /usr/lib/gcc/arm-none-eabi/6.3.1/../../../arm-none-eabi/lib/thumb/v7e-m/fpv4-sp/hard/libc_nano.a(lib_a-nano-vfprintf_i.o)
                0x0000000008000fd0                _printf_common
                0x0000000008001104                _printf_i
 .text          0x00000000080013a4       0x24 /usr/lib/gcc/arm-none-eabi/6.3.1/../../../arm-none-eabi/lib/thumb/v7e-m/fpv4-sp/hard/libc_nano.a(lib_a-sbrkr.o)
                0x00000000080013a4                _sbrk_r
 .text          0x00000000080013c8       0x8c /usr/lib/gcc/arm-none-eabi/6.3.1/../../../arm-none-eabi/lib/thumb/v7e-m/fpv4-sp/hard/libc_nano.a(lib_a-stdio.o)
                0x00000000080013c8                __sread
                0x00000000080013ec                __seofread
                0x00000000080013f0                __swrite
                0x000000000800142c                __sseek
                0x000000000800144c                __sclose
 .text          0x0000000008001454       0x2c /usr/lib/gcc/arm-none-eabi/6.3.1/../../../arm-none-eabi/lib/thumb/v7e-m/fpv4-sp/hard/libc_nano.a(lib_a-writer.o)
                0x0000000008001454                _write_r
 .text          0x0000000008001480       0x24 /usr/lib/gcc/arm-none-eabi/6.3.1/../../../arm-none-eabi/lib/thumb/v7e-m/fpv4-sp/hard/libc_nano.a(lib_a-closer.o)
                0x0000000008001480                _close_r
 .text          0x00000000080014a4       0x28 /usr/lib/gcc/arm-none-eabi/6.3.1/../../../arm-none-eabi/lib/thumb/v7e-m/fpv4-sp/hard/libc_nano.a(lib_a-fstatr.o)
                0x00000000080014a4                _fstat_r
 .text          0x00000000080014cc      0x2f0 /usr/lib/gcc/arm-none-eabi/6.3.1/../../../arm-none-eabi/lib/thumb/v7e-m/fpv4-sp/hard/libc_nano.a(lib_a-fvwrite.o)
                0x00000000080014cc                __sfvwrite_r
 .text          0x00000000080017bc       0x24 /usr/lib/gcc/arm-none-eabi/6.3.1/../../../arm-none-eabi/lib/thumb/v7e-m/fpv4-sp/hard/libc_nano.a(lib_a-isattyr.o)
                0x00000000080017bc                _isatty_r
 .text          0x00000000080017e0       0x2c /usr/lib/gcc/arm-none-eabi/6.3.1/../../../arm-none-eabi/lib/thumb/v7e-m/fpv4-sp/hard/libc_nano.a(lib_a-lseekr.o)
                0x00000000080017e0                _lseek_r
 *fill*         0x000000000800180c        0x4 
 .text          0x0000000008001810       0xa0 /usr/lib/gcc/arm-none-eabi/6.3.1/../../../arm-none-eabi/lib/thumb/v7e-m/fpv4-sp/hard/libc_nano.a(lib_a-memchr.o)
                0x0000000008001810                memchr
 .text          0x00000000080018b0      0x134 /usr/lib/gcc/arm-none-eabi/6.3.1/../../../arm-none-eabi/lib/thumb/v7e-m/fpv4-sp/hard/libc_nano.a(lib_a-memcpy.o)
                0x00000000080018b0                memcpy
 .text          0x00000000080019e4       0xc8 /usr/lib/gcc/arm-none-eabi/6.3.1/../../../arm-none-eabi/lib/thumb/v7e-m/fpv4-sp/hard/libc_nano.a(lib_a-memmove.o)
                0x00000000080019e4                memmove
 .text          0x0000000008001aac       0x50 /usr/lib/gcc/arm-none-eabi/6.3.1/../../../arm-none-eabi/lib/thumb/v7e-m/fpv4-sp/hard/libc_nano.a(lib_a-nano-reallocr.o)
                0x0000000008001aac                _realloc_r
 .text          0x0000000008001afc       0x2c /usr/lib/gcc/arm-none-eabi/6.3.1/../../../arm-none-eabi/lib/thumb/v7e-m/fpv4-sp/hard/libc_nano.a(lib_a-readr.o)
                0x0000000008001afc                _read_r
 .text          0x0000000008001b28       0x14 /usr/lib/gcc/arm-none-eabi/6.3.1/../../../arm-none-eabi/lib/thumb/v7e-m/fpv4-sp/hard/libc_nano.a(lib_a-nano-msizer.o)
                0x0000000008001b28                _malloc_usable_size_r
 .text          0x0000000008001b3c       0x10 /usr/lib/gcc/arm-none-eabi/6.3.1/../../../arm-none-eabi/lib/thumb/v7e-m/fpv4-sp/hard/libnosys.a(close.o)
                0x0000000008001b3c                _close
 .text          0x0000000008001b4c       0x10 /usr/lib/gcc/arm-none-eabi/6.3.1/../../../arm-none-eabi/lib/thumb/v7e-m/fpv4-sp/hard/libnosys.a(fstat.o)
                0x0000000008001b4c                _fstat
 .text          0x0000000008001b5c       0x10 /usr/lib/gcc/arm-none-eabi/6.3.1/../../../arm-none-eabi/lib/thumb/v7e-m/fpv4-sp/hard/libnosys.a(isatty.o)
                0x0000000008001b5c                _isatty
 .text          0x0000000008001b6c       0x10 /usr/lib/gcc/arm-none-eabi/6.3.1/../../../arm-none-eabi/lib/thumb/v7e-m/fpv4-sp/hard/libnosys.a(lseek.o)
                0x0000000008001b6c                _lseek
 .text          0x0000000008001b7c       0x1c /usr/lib/gcc/arm-none-eabi/6.3.1/../../../arm-none-eabi/lib/thumb/v7e-m/fpv4-sp/hard/libnosys.a(sbrk.o)
                0x0000000008001b7c                _sbrk
 .text          0x0000000008001b98       0x30 /usr/lib/gcc/arm-none-eabi/6.3.1/thumb/v7e-m/fpv4-sp/hard/libgcc.a(_aeabi_uldivmod.o)
                0x0000000008001b98                __aeabi_uldivmod
 .text          0x0000000008001bc8      0x2dc /usr/lib/gcc/arm-none-eabi/6.3.1/thumb/v7e-m/fpv4-sp/hard/libgcc.a(_udivmoddi4.o)
                0x0000000008001bc8                __udivmoddi4
 .text          0x0000000008001ea4        0x4 /usr/lib/gcc/arm-none-eabi/6.3.1/thumb/v7e-m/fpv4-sp/hard/libgcc.a(_dvmd_tls.o)
                0x0000000008001ea4                __aeabi_ldiv0
                0x0000000008001ea4                __aeabi_idiv0
 *(.text*)
 .text._write   0x0000000008001ea8       0x24 build/main.o
                0x0000000008001ea8                _write
 .text._read    0x0000000008001ecc       0x64 build/main.o
                0x0000000008001ecc                _read
 .text.SystemClock_Config
                0x0000000008001f30       0x78 build/main.o
                0x0000000008001f30                SystemClock_Config
 .text.startup.main
                0x0000000008001fa8      0x170 build/main.o
                0x0000000008001fa8                main
 .text.NMI_Handler
                0x0000000008002118        0x4 build/stm32l4xx_it.o
                0x0000000008002118                NMI_Handler
 .text.HardFault_Handler
                0x000000000800211c        0x4 build/stm32l4xx_it.o
                0x000000000800211c                HardFault_Handler
 .text.MemManage_Handler
                0x0000000008002120        0x4 build/stm32l4xx_it.o
                0x0000000008002120                MemManage_Handler
 .text.BusFault_Handler
                0x0000000008002124        0x4 build/stm32l4xx_it.o
                0x0000000008002124                BusFault_Handler
 .text.UsageFault_Handler
                0x0000000008002128        0x4 build/stm32l4xx_it.o
                0x0000000008002128                UsageFault_Handler
 .text.SVC_Handler
                0x000000000800212c        0x4 build/stm32l4xx_it.o
                0x000000000800212c                SVC_Handler
 .text.DebugMon_Handler
                0x0000000008002130        0x4 build/stm32l4xx_it.o
                0x0000000008002130                DebugMon_Handler
 .text.PendSV_Handler
                0x0000000008002134        0x4 build/stm32l4xx_it.o
                0x0000000008002134                PendSV_Handler
 .text.SysTick_Handler
                0x0000000008002138        0x4 build/stm32l4xx_it.o
                0x0000000008002138                SysTick_Handler
 .text.TIM2_IRQHandler
                0x000000000800213c        0xc build/stm32l4xx_it.o
                0x000000000800213c                TIM2_IRQHandler
 .text.HAL_MspInit
                0x0000000008002148       0x30 build/stm32l4xx_hal_msp.o
                0x0000000008002148                HAL_MspInit
 .text.HAL_DAC_MspInit
                0x0000000008002178       0x64 build/stm32l4xx_hal_msp.o
                0x0000000008002178                HAL_DAC_MspInit
 .text.HAL_QSPI_MspInit
                0x00000000080021dc       0x70 build/stm32l4xx_hal_msp.o
                0x00000000080021dc                HAL_QSPI_MspInit
 .text.HAL_TIM_Base_MspInit
                0x000000000800224c       0x3c build/stm32l4xx_hal_msp.o
                0x000000000800224c                HAL_TIM_Base_MspInit
 .text.HAL_UART_MspInit
                0x0000000008002288       0x6c build/stm32l4xx_hal_msp.o
                0x0000000008002288                HAL_UART_MspInit
 .text.HAL_TIM_Base_Init
                0x00000000080022f4      0x134 build/stm32l4xx_hal_tim.o
                0x00000000080022f4                HAL_TIM_Base_Init
 .text.HAL_TIM_ConfigClockSource
                0x0000000008002428      0x150 build/stm32l4xx_hal_tim.o
                0x0000000008002428                HAL_TIM_ConfigClockSource
 .text.HAL_TIM_PeriodElapsedCallback
                0x0000000008002578        0x4 build/stm32l4xx_hal_tim.o
                0x0000000008002578                HAL_TIM_PeriodElapsedCallback
 .text.HAL_TIM_OC_DelayElapsedCallback
                0x000000000800257c        0x4 build/stm32l4xx_hal_tim.o
                0x000000000800257c                HAL_TIM_OC_DelayElapsedCallback
 .text.HAL_TIM_IC_CaptureCallback
                0x0000000008002580        0x4 build/stm32l4xx_hal_tim.o
                0x0000000008002580                HAL_TIM_IC_CaptureCallback
 .text.HAL_TIM_PWM_PulseFinishedCallback
                0x0000000008002584        0x4 build/stm32l4xx_hal_tim.o
                0x0000000008002584                HAL_TIM_PWM_PulseFinishedCallback
 .text.HAL_TIM_TriggerCallback
                0x0000000008002588        0x4 build/stm32l4xx_hal_tim.o
                0x0000000008002588                HAL_TIM_TriggerCallback
 .text.HAL_TIM_IRQHandler
                0x000000000800258c      0x170 build/stm32l4xx_hal_tim.o
                0x000000000800258c                HAL_TIM_IRQHandler
 .text.HAL_TIMEx_MasterConfigSynchronization
                0x00000000080026fc       0x60 build/stm32l4xx_hal_tim_ex.o
                0x00000000080026fc                HAL_TIMEx_MasterConfigSynchronization
 .text.HAL_TIMEx_CommutCallback
                0x000000000800275c        0x4 build/stm32l4xx_hal_tim_ex.o
                0x000000000800275c                HAL_TIMEx_CommutCallback
 .text.HAL_TIMEx_BreakCallback
                0x0000000008002760        0x4 build/stm32l4xx_hal_tim_ex.o
                0x0000000008002760                HAL_TIMEx_BreakCallback
 .text.HAL_TIMEx_Break2Callback
                0x0000000008002764        0x4 build/stm32l4xx_hal_tim_ex.o
                0x0000000008002764                HAL_TIMEx_Break2Callback
 .text.HAL_UART_Transmit
                0x0000000008002768      0x108 build/stm32l4xx_hal_uart.o
                0x0000000008002768                HAL_UART_Transmit
 .text.HAL_UART_Receive
                0x0000000008002870      0x13c build/stm32l4xx_hal_uart.o
                0x0000000008002870                HAL_UART_Receive
 .text.UART_AdvFeatureConfig
                0x00000000080029ac       0xb0 build/stm32l4xx_hal_uart.o
                0x00000000080029ac                UART_AdvFeatureConfig
 .text.HAL_UART_Init
                0x0000000008002a5c      0x440 build/stm32l4xx_hal_uart.o
                0x0000000008002a5c                HAL_UART_Init
 .text.HAL_InitTick
                0x0000000008002e9c       0x4c build/stm32l4xx_hal.o
                0x0000000008002e9c                HAL_InitTick
 .text.HAL_Init
                0x0000000008002ee8       0x28 build/stm32l4xx_hal.o
                0x0000000008002ee8                HAL_Init
 .text.HAL_IncTick
                0x0000000008002f10       0x18 build/stm32l4xx_hal.o
                0x0000000008002f10                HAL_IncTick
 .text.HAL_GetTick
                0x0000000008002f28        0xc build/stm32l4xx_hal.o
                0x0000000008002f28                HAL_GetTick
 .text.HAL_Delay
                0x0000000008002f34       0x24 build/stm32l4xx_hal.o
                0x0000000008002f34                HAL_Delay
 .text.HAL_RCC_GetSysClockFreq
                0x0000000008002f58       0xb4 build/stm32l4xx_hal_rcc.o
                0x0000000008002f58                HAL_RCC_GetSysClockFreq
 .text.HAL_RCC_OscConfig
                0x000000000800300c      0x6b4 build/stm32l4xx_hal_rcc.o
                0x000000000800300c                HAL_RCC_OscConfig
 .text.HAL_RCC_ClockConfig
                0x00000000080036c0      0x134 build/stm32l4xx_hal_rcc.o
                0x00000000080036c0                HAL_RCC_ClockConfig
 .text.HAL_RCC_GetPCLK1Freq
                0x00000000080037f4       0x24 build/stm32l4xx_hal_rcc.o
                0x00000000080037f4                HAL_RCC_GetPCLK1Freq
 .text.HAL_RCC_GetPCLK2Freq
                0x0000000008003818       0x24 build/stm32l4xx_hal_rcc.o
                0x0000000008003818                HAL_RCC_GetPCLK2Freq
 .text.RCCEx_PLLSAI1_Config
                0x000000000800383c      0x124 build/stm32l4xx_hal_rcc_ex.o
 .text.RCCEx_PLLSAI2_Config
                0x0000000008003960      0x104 build/stm32l4xx_hal_rcc_ex.o
 .text.HAL_RCCEx_PeriphCLKConfig
                0x0000000008003a64      0x428 build/stm32l4xx_hal_rcc_ex.o
                0x0000000008003a64                HAL_RCCEx_PeriphCLKConfig
 .text.HAL_GPIO_Init
                0x0000000008003e8c      0x234 build/stm32l4xx_hal_gpio.o
                0x0000000008003e8c                HAL_GPIO_Init
 .text.HAL_GPIO_ReadPin
                0x00000000080040c0        0xc build/stm32l4xx_hal_gpio.o
                0x00000000080040c0                HAL_GPIO_ReadPin
 .text.HAL_GPIO_WritePin
                0x00000000080040cc        0xc build/stm32l4xx_hal_gpio.o
                0x00000000080040cc                HAL_GPIO_WritePin
 .text.HAL_PWREx_GetVoltageRange
                0x00000000080040d8       0x10 build/stm32l4xx_hal_pwr_ex.o
                0x00000000080040d8                HAL_PWREx_GetVoltageRange
 .text.HAL_PWREx_ControlVoltageScaling
                0x00000000080040e8       0x94 build/stm32l4xx_hal_pwr_ex.o
                0x00000000080040e8                HAL_PWREx_ControlVoltageScaling
 .text.HAL_NVIC_SetPriorityGrouping
                0x000000000800417c       0x24 build/stm32l4xx_hal_cortex.o
                0x000000000800417c                HAL_NVIC_SetPriorityGrouping
 .text.HAL_NVIC_SetPriority
                0x00000000080041a0       0x6c build/stm32l4xx_hal_cortex.o
                0x00000000080041a0                HAL_NVIC_SetPriority
 .text.HAL_NVIC_EnableIRQ
                0x000000000800420c       0x1c build/stm32l4xx_hal_cortex.o
                0x000000000800420c                HAL_NVIC_EnableIRQ
 .text.HAL_SYSTICK_Config
                0x0000000008004228       0x34 build/stm32l4xx_hal_cortex.o
                0x0000000008004228                HAL_SYSTICK_Config
 .text.HAL_QSPI_Init
                0x000000000800425c       0xd4 build/stm32l4xx_hal_qspi.o
                0x000000000800425c                HAL_QSPI_Init
 .text.BSP_LED_Init
                0x0000000008004330       0x44 build/stm32l475e_iot01.o
                0x0000000008004330                BSP_LED_Init
 .text.BSP_LED_On
                0x0000000008004374       0x14 build/stm32l475e_iot01.o
                0x0000000008004374                BSP_LED_On
 .text.BSP_LED_Off
                0x0000000008004388       0x14 build/stm32l475e_iot01.o
                0x0000000008004388                BSP_LED_Off
 .text.BSP_PB_Init
                0x000000000800439c       0x80 build/stm32l475e_iot01.o
                0x000000000800439c                BSP_PB_Init
 .text.BSP_PB_GetState
                0x000000000800441c       0x18 build/stm32l475e_iot01.o
                0x000000000800441c                BSP_PB_GetState
 .text.SystemInit
                0x0000000008004434       0x50 build/system_stm32l4xx.o
                0x0000000008004434                SystemInit
 .text.HAL_DAC_Init
                0x0000000008004484       0x2c build/stm32l4xx_hal_dac.o
                0x0000000008004484                HAL_DAC_Init
 .text.HAL_DAC_ConfigChannel
                0x00000000080044b0      0x124 build/stm32l4xx_hal_dac.o
                0x00000000080044b0                HAL_DAC_ConfigChannel
 .text.Reset_Handler
                0x00000000080045d4       0x50 build/startup_stm32l475xx.o
                0x00000000080045d4                Reset_Handler
 .text.Default_Handler
                0x0000000008004624        0x2 build/startup_stm32l475xx.o
                0x0000000008004624                RTC_Alarm_IRQHandler
                0x0000000008004624                EXTI2_IRQHandler
                0x0000000008004624                TIM8_TRG_COM_IRQHandler
                0x0000000008004624                TIM8_CC_IRQHandler
                0x0000000008004624                TIM1_CC_IRQHandler
                0x0000000008004624                TSC_IRQHandler
                0x0000000008004624                TAMP_STAMP_IRQHandler
                0x0000000008004624                EXTI3_IRQHandler
                0x0000000008004624                LPTIM2_IRQHandler
                0x0000000008004624                DFSDM1_FLT1_IRQHandler
                0x0000000008004624                I2C3_ER_IRQHandler
                0x0000000008004624                DFSDM1_FLT2_IRQHandler
                0x0000000008004624                EXTI0_IRQHandler
                0x0000000008004624                I2C2_EV_IRQHandler
                0x0000000008004624                CAN1_RX0_IRQHandler
                0x0000000008004624                FPU_IRQHandler
                0x0000000008004624                TIM1_UP_TIM16_IRQHandler
                0x0000000008004624                ADC1_2_IRQHandler
                0x0000000008004624                SPI1_IRQHandler
                0x0000000008004624                TIM6_DAC_IRQHandler
                0x0000000008004624                TIM8_UP_IRQHandler
                0x0000000008004624                DMA2_Channel2_IRQHandler
                0x0000000008004624                DMA1_Channel4_IRQHandler
                0x0000000008004624                SAI2_IRQHandler
                0x0000000008004624                DFSDM1_FLT3_IRQHandler
                0x0000000008004624                USART3_IRQHandler
                0x0000000008004624                DMA1_Channel7_IRQHandler
                0x0000000008004624                CAN1_RX1_IRQHandler
                0x0000000008004624                UART5_IRQHandler
                0x0000000008004624                ADC3_IRQHandler
                0x0000000008004624                TIM4_IRQHandler
                0x0000000008004624                DMA2_Channel1_IRQHandler
                0x0000000008004624                QUADSPI_IRQHandler
                0x0000000008004624                I2C1_EV_IRQHandler
                0x0000000008004624                DMA1_Channel6_IRQHandler
                0x0000000008004624                UART4_IRQHandler
                0x0000000008004624                DMA2_Channel4_IRQHandler
                0x0000000008004624                TIM3_IRQHandler
                0x0000000008004624                RCC_IRQHandler
                0x0000000008004624                DMA1_Channel1_IRQHandler
                0x0000000008004624                Default_Handler
                0x0000000008004624                DMA2_Channel7_IRQHandler
                0x0000000008004624                EXTI15_10_IRQHandler
                0x0000000008004624                TIM7_IRQHandler
                0x0000000008004624                SDMMC1_IRQHandler
                0x0000000008004624                TIM5_IRQHandler
                0x0000000008004624                I2C3_EV_IRQHandler
                0x0000000008004624                EXTI9_5_IRQHandler
                0x0000000008004624                RTC_WKUP_IRQHandler
                0x0000000008004624                PVD_PVM_IRQHandler
                0x0000000008004624                SPI2_IRQHandler
                0x0000000008004624                CAN1_TX_IRQHandler
                0x0000000008004624                DMA2_Channel5_IRQHandler
                0x0000000008004624                DMA1_Channel5_IRQHandler
                0x0000000008004624                EXTI4_IRQHandler
                0x0000000008004624                RNG_IRQHandler
                0x0000000008004624                TIM1_TRG_COM_TIM17_IRQHandler
                0x0000000008004624                DMA1_Channel3_IRQHandler
                0x0000000008004624                COMP_IRQHandler
                0x0000000008004624                WWDG_IRQHandler
                0x0000000008004624                LPUART1_IRQHandler
                0x0000000008004624                DMA2_Channel6_IRQHandler
                0x0000000008004624                EXTI1_IRQHandler
                0x0000000008004624                USART2_IRQHandler
                0x0000000008004624                DFSDM1_FLT0_IRQHandler
                0x0000000008004624                I2C2_ER_IRQHandler
                0x0000000008004624                DMA1_Channel2_IRQHandler
                0x0000000008004624                TIM8_BRK_IRQHandler
                0x0000000008004624                CAN1_SCE_IRQHandler
                0x0000000008004624                FLASH_IRQHandler
                0x0000000008004624                USART1_IRQHandler
                0x0000000008004624                OTG_FS_IRQHandler
                0x0000000008004624                SPI3_IRQHandler
                0x0000000008004624                I2C1_ER_IRQHandler
                0x0000000008004624                FMC_IRQHandler
                0x0000000008004624                SWPMI1_IRQHandler
                0x0000000008004624                LPTIM1_IRQHandler
                0x0000000008004624                SAI1_IRQHandler
                0x0000000008004624                DMA2_Channel3_IRQHandler
                0x0000000008004624                TIM1_BRK_TIM15_IRQHandler
 *(.glue_7)
 .glue_7        0x0000000008004626        0x0 linker stubs
 *(.glue_7t)
 .glue_7t       0x0000000008004626        0x0 linker stubs
 *(.eh_frame)
 *fill*         0x0000000008004626        0x2 
 .eh_frame      0x0000000008004628        0x0 /usr/lib/gcc/arm-none-eabi/6.3.1/thumb/v7e-m/fpv4-sp/hard/crtbegin.o
 *(.init)
 .init          0x0000000008004628        0x4 /usr/lib/gcc/arm-none-eabi/6.3.1/thumb/v7e-m/fpv4-sp/hard/crti.o
                0x0000000008004628                _init
 .init          0x000000000800462c        0x8 /usr/lib/gcc/arm-none-eabi/6.3.1/thumb/v7e-m/fpv4-sp/hard/crtn.o
 *(.fini)
 .fini          0x0000000008004634        0x4 /usr/lib/gcc/arm-none-eabi/6.3.1/thumb/v7e-m/fpv4-sp/hard/crti.o
                0x0000000008004634                _fini
 .fini          0x0000000008004638        0x8 /usr/lib/gcc/arm-none-eabi/6.3.1/thumb/v7e-m/fpv4-sp/hard/crtn.o
                0x0000000008004640                . = ALIGN (0x8)
                0x0000000008004640                _etext = .

.vfp11_veneer   0x0000000008004640        0x0
 .vfp11_veneer  0x0000000008004640        0x0 linker stubs

.v4_bx          0x0000000008004640        0x0
 .v4_bx         0x0000000008004640        0x0 linker stubs

.iplt           0x0000000008004640        0x0
 .iplt          0x0000000008004640        0x0 /usr/lib/gcc/arm-none-eabi/6.3.1/thumb/v7e-m/fpv4-sp/hard/crtbegin.o

.rodata         0x0000000008004640      0x138
                0x0000000008004640                . = ALIGN (0x8)
 *(.rodata)
 .rodata        0x0000000008004640        0x4 /usr/lib/gcc/arm-none-eabi/6.3.1/../../../arm-none-eabi/lib/thumb/v7e-m/fpv4-sp/hard/libc_nano.a(lib_a-impure.o)
                0x0000000008004640                _global_impure_ptr
 .rodata        0x0000000008004644       0x60 /usr/lib/gcc/arm-none-eabi/6.3.1/../../../arm-none-eabi/lib/thumb/v7e-m/fpv4-sp/hard/libc_nano.a(lib_a-findfp.o)
                0x0000000008004644                __sf_fake_stderr
                0x0000000008004664                __sf_fake_stdout
                0x0000000008004684                __sf_fake_stdin
 *(.rodata*)
 .rodata._read.str1.4
                0x00000000080046a4        0xa build/main.o
 *fill*         0x00000000080046ae        0x2 
 .rodata.main.str1.4
                0x00000000080046b0       0x29 build/main.o
 *fill*         0x00000000080046d9        0x3 
 .rodata.CSWTCH.49
                0x00000000080046dc        0x4 build/stm32l4xx_hal_uart.o
 .rodata.CSWTCH.50
                0x00000000080046e0        0xd build/stm32l4xx_hal_uart.o
 *fill*         0x00000000080046ed        0x3 
 .rodata.AHBPrescTable
                0x00000000080046f0       0x10 build/system_stm32l4xx.o
                0x00000000080046f0                AHBPrescTable
 .rodata.APBPrescTable
                0x0000000008004700        0x8 build/system_stm32l4xx.o
                0x0000000008004700                APBPrescTable
 .rodata.MSIRangeTable
                0x0000000008004708       0x30 build/system_stm32l4xx.o
                0x0000000008004708                MSIRangeTable
 .rodata.str1.4
                0x0000000008004738        0x2 /usr/lib/gcc/arm-none-eabi/6.3.1/../../../arm-none-eabi/lib/thumb/v7e-m/fpv4-sp/hard/libc_nano.a(lib_a-impure.o)
 *fill*         0x000000000800473a        0x2 
 .rodata.str1.4
                0x000000000800473c       0x13 /usr/lib/gcc/arm-none-eabi/6.3.1/../../../arm-none-eabi/lib/thumb/v7e-m/fpv4-sp/hard/libc_nano.a(lib_a-nano-vfprintf.o)
 *fill*         0x000000000800474f        0x1 
 .rodata.str1.4
                0x0000000008004750       0x28 /usr/lib/gcc/arm-none-eabi/6.3.1/../../../arm-none-eabi/lib/thumb/v7e-m/fpv4-sp/hard/libc_nano.a(lib_a-nano-vfprintf_i.o)
                                         0x25 (size before relaxing)
                0x0000000008004778                . = ALIGN (0x8)

.ARM.extab      0x0000000008004778        0x0
                0x0000000008004778                . = ALIGN (0x8)
 *(.ARM.extab* .gnu.linkonce.armextab.*)
                0x0000000008004778                . = ALIGN (0x8)

.ARM            0x0000000008004778        0x8
                0x0000000008004778                . = ALIGN (0x8)
                0x0000000008004778                __exidx_start = .
 *(.ARM.exidx*)
 .ARM.exidx     0x0000000008004778        0x8 /usr/lib/gcc/arm-none-eabi/6.3.1/thumb/v7e-m/fpv4-sp/hard/libgcc.a(_udivmoddi4.o)
                0x0000000008004780                __exidx_end = .
                0x0000000008004780                . = ALIGN (0x8)

.rel.dyn        0x0000000008004780        0x0
 .rel.iplt      0x0000000008004780        0x0 /usr/lib/gcc/arm-none-eabi/6.3.1/thumb/v7e-m/fpv4-sp/hard/crtbegin.o

.preinit_array  0x0000000008004780        0x0
                0x0000000008004780                . = ALIGN (0x8)
                0x0000000008004780                PROVIDE (__preinit_array_start, .)
 *(.preinit_array*)
                0x0000000008004780                PROVIDE (__preinit_array_end, .)
                0x0000000008004780                . = ALIGN (0x8)

.init_array     0x0000000008004780        0x8
                0x0000000008004780                . = ALIGN (0x8)
                0x0000000008004780                PROVIDE (__init_array_start, .)
 *(SORT(.init_array.*))
 *(.init_array*)
 .init_array    0x0000000008004780        0x4 /usr/lib/gcc/arm-none-eabi/6.3.1/thumb/v7e-m/fpv4-sp/hard/crtbegin.o
                0x0000000008004784                PROVIDE (__init_array_end, .)
                0x0000000008004788                . = ALIGN (0x8)
 *fill*         0x0000000008004784        0x4 

.fini_array     0x0000000008004788        0x8
                0x0000000008004788                . = ALIGN (0x8)
                0x0000000008004788                PROVIDE (__fini_array_start, .)
 *(SORT(.fini_array.*))
 *(.fini_array*)
 .fini_array    0x0000000008004788        0x4 /usr/lib/gcc/arm-none-eabi/6.3.1/thumb/v7e-m/fpv4-sp/hard/crtbegin.o
                0x000000000800478c                PROVIDE (__fini_array_end, .)
                0x0000000008004790                . = ALIGN (0x8)
 *fill*         0x000000000800478c        0x4 
                0x0000000008004790                _sidata = LOADADDR (.data)

.data           0x0000000020000000       0x78 load address 0x0000000008004790
                0x0000000020000000                . = ALIGN (0x8)
                0x0000000020000000                _sdata = .
 *(.data)
 .data          0x0000000020000000       0x64 /usr/lib/gcc/arm-none-eabi/6.3.1/../../../arm-none-eabi/lib/thumb/v7e-m/fpv4-sp/hard/libc_nano.a(lib_a-impure.o)
                0x0000000020000000                _impure_ptr
 *(.data*)
 .data.uwTickFreq
                0x0000000020000064        0x4 build/stm32l4xx_hal.o
                0x0000000020000064                uwTickFreq
 .data.uwTickPrio
                0x0000000020000068        0x4 build/stm32l4xx_hal.o
                0x0000000020000068                uwTickPrio
 .data.BUTTON_PORT
                0x000000002000006c        0x4 build/stm32l475e_iot01.o
                0x000000002000006c                BUTTON_PORT
 .data.GPIO_PORT
                0x0000000020000070        0x4 build/stm32l475e_iot01.o
                0x0000000020000070                GPIO_PORT
 .data.SystemCoreClock
                0x0000000020000074        0x4 build/system_stm32l4xx.o
                0x0000000020000074                SystemCoreClock
                0x0000000020000078                . = ALIGN (0x8)
                0x0000000020000078                _edata = .

.jcr            0x0000000020000078        0x0 load address 0x0000000008004808
 .jcr           0x0000000020000078        0x0 /usr/lib/gcc/arm-none-eabi/6.3.1/thumb/v7e-m/fpv4-sp/hard/crtbegin.o

.tm_clone_table
                0x0000000020000078        0x0 load address 0x0000000008004808
 .tm_clone_table
                0x0000000020000078        0x0 /usr/lib/gcc/arm-none-eabi/6.3.1/thumb/v7e-m/fpv4-sp/hard/crtbegin.o
 .tm_clone_table
                0x0000000020000078        0x0 /usr/lib/gcc/arm-none-eabi/6.3.1/thumb/v7e-m/fpv4-sp/hard/crtend.o

.igot.plt       0x0000000020000078        0x0 load address 0x0000000008004808
 .igot.plt      0x0000000020000078        0x0 /usr/lib/gcc/arm-none-eabi/6.3.1/thumb/v7e-m/fpv4-sp/hard/crtbegin.o
                0x0000000020000078                . = ALIGN (0x4)

.bss            0x0000000020000078      0x148 load address 0x0000000008004808
                0x0000000020000078                _sbss = .
                0x0000000020000078                __bss_start__ = _sbss
 *(.bss)
 .bss           0x0000000020000078       0x1c /usr/lib/gcc/arm-none-eabi/6.3.1/thumb/v7e-m/fpv4-sp/hard/crtbegin.o
 .bss           0x0000000020000094        0x8 /usr/lib/gcc/arm-none-eabi/6.3.1/../../../arm-none-eabi/lib/thumb/v7e-m/fpv4-sp/hard/libc_nano.a(lib_a-nano-mallocr.o)
                0x0000000020000094                __malloc_free_list
                0x0000000020000098                __malloc_sbrk_start
 .bss           0x000000002000009c        0x4 /usr/lib/gcc/arm-none-eabi/6.3.1/../../../arm-none-eabi/lib/thumb/v7e-m/fpv4-sp/hard/libnosys.a(sbrk.o)
 *(.bss*)
 *(COMMON)
 COMMON         0x00000000200000a0      0x118 build/main.o
                0x00000000200000a0                hdac1
                0x00000000200000b4                huart1
                0x0000000020000134                htim2
                0x0000000020000174                hqspi
 COMMON         0x00000000200001b8        0x4 build/stm32l4xx_hal.o
                0x00000000200001b8                uwTick
 COMMON         0x00000000200001bc        0x4 /usr/lib/gcc/arm-none-eabi/6.3.1/../../../arm-none-eabi/lib/thumb/v7e-m/fpv4-sp/hard/libc_nano.a(lib_a-reent.o)
                0x00000000200001bc                errno
                0x00000000200001c0                . = ALIGN (0x4)
                0x00000000200001c0                _ebss = .
                0x00000000200001c0                __bss_end__ = _ebss

._user_heap_stack
                0x00000000200001c0      0x600 load address 0x0000000008004808
                0x00000000200001c0                . = ALIGN (0x8)
                0x00000000200001c0                PROVIDE (end, .)
                [!provide]                        PROVIDE (_end, .)
                0x00000000200003c0                . = (. + _Min_Heap_Size)
 *fill*         0x00000000200001c0      0x200 
                0x00000000200007c0                . = (. + _Min_Stack_Size)
 *fill*         0x00000000200003c0      0x400 
                0x00000000200007c0                . = ALIGN (0x8)

/DISCARD/
 libc.a(*)
 libm.a(*)
 libgcc.a(*)

.ARM.attributes
                0x0000000000000000       0x30
 *(.ARM.attributes)
 .ARM.attributes
                0x0000000000000000       0x22 /usr/lib/gcc/arm-none-eabi/6.3.1/thumb/v7e-m/fpv4-sp/hard/crti.o
 .ARM.attributes
                0x0000000000000022       0x34 /usr/lib/gcc/arm-none-eabi/6.3.1/thumb/v7e-m/fpv4-sp/hard/crtbegin.o
 .ARM.attributes
                0x0000000000000056       0x39 build/main.o
 .ARM.attributes
                0x000000000000008f       0x39 build/stm32l4xx_it.o
 .ARM.attributes
                0x00000000000000c8       0x39 build/stm32l4xx_hal_msp.o
 .ARM.attributes
                0x0000000000000101       0x39 build/stm32l4xx_hal_tim.o
 .ARM.attributes
                0x000000000000013a       0x39 build/stm32l4xx_hal_tim_ex.o
 .ARM.attributes
                0x0000000000000173       0x39 build/stm32l4xx_hal_uart.o
 .ARM.attributes
                0x00000000000001ac       0x39 build/stm32l4xx_hal.o
 .ARM.attributes
                0x00000000000001e5       0x39 build/stm32l4xx_hal_rcc.o
 .ARM.attributes
                0x000000000000021e       0x39 build/stm32l4xx_hal_rcc_ex.o
 .ARM.attributes
                0x0000000000000257       0x39 build/stm32l4xx_hal_gpio.o
 .ARM.attributes
                0x0000000000000290       0x39 build/stm32l4xx_hal_pwr_ex.o
 .ARM.attributes
                0x00000000000002c9       0x39 build/stm32l4xx_hal_cortex.o
 .ARM.attributes
                0x0000000000000302       0x39 build/stm32l4xx_hal_qspi.o
 .ARM.attributes
                0x000000000000033b       0x39 build/stm32l475e_iot01.o
 .ARM.attributes
                0x0000000000000374       0x39 build/system_stm32l4xx.o
 .ARM.attributes
                0x00000000000003ad       0x39 build/stm32l4xx_hal_dac.o
 .ARM.attributes
                0x00000000000003e6       0x21 build/startup_stm32l475xx.o
 .ARM.attributes
                0x0000000000000407       0x34 /usr/lib/gcc/arm-none-eabi/6.3.1/../../../arm-none-eabi/lib/thumb/v7e-m/fpv4-sp/hard/libc_nano.a(lib_a-impure.o)
 .ARM.attributes
                0x000000000000043b       0x34 /usr/lib/gcc/arm-none-eabi/6.3.1/../../../arm-none-eabi/lib/thumb/v7e-m/fpv4-sp/hard/libc_nano.a(lib_a-init.o)
 .ARM.attributes
                0x000000000000046f       0x34 /usr/lib/gcc/arm-none-eabi/6.3.1/../../../arm-none-eabi/lib/thumb/v7e-m/fpv4-sp/hard/libc_nano.a(lib_a-memset.o)
 .ARM.attributes
                0x00000000000004a3       0x34 /usr/lib/gcc/arm-none-eabi/6.3.1/../../../arm-none-eabi/lib/thumb/v7e-m/fpv4-sp/hard/libc_nano.a(lib_a-printf.o)
 .ARM.attributes
                0x00000000000004d7       0x34 /usr/lib/gcc/arm-none-eabi/6.3.1/../../../arm-none-eabi/lib/thumb/v7e-m/fpv4-sp/hard/libc_nano.a(lib_a-puts.o)
 .ARM.attributes
                0x000000000000050b       0x34 /usr/lib/gcc/arm-none-eabi/6.3.1/../../../arm-none-eabi/lib/thumb/v7e-m/fpv4-sp/hard/libc_nano.a(lib_a-wbuf.o)
 .ARM.attributes
                0x000000000000053f       0x34 /usr/lib/gcc/arm-none-eabi/6.3.1/../../../arm-none-eabi/lib/thumb/v7e-m/fpv4-sp/hard/libc_nano.a(lib_a-wsetup.o)
 .ARM.attributes
                0x0000000000000573       0x34 /usr/lib/gcc/arm-none-eabi/6.3.1/../../../arm-none-eabi/lib/thumb/v7e-m/fpv4-sp/hard/libc_nano.a(lib_a-fflush.o)
 .ARM.attributes
                0x00000000000005a7       0x34 /usr/lib/gcc/arm-none-eabi/6.3.1/../../../arm-none-eabi/lib/thumb/v7e-m/fpv4-sp/hard/libc_nano.a(lib_a-findfp.o)
 .ARM.attributes
                0x00000000000005db       0x34 /usr/lib/gcc/arm-none-eabi/6.3.1/../../../arm-none-eabi/lib/thumb/v7e-m/fpv4-sp/hard/libc_nano.a(lib_a-fwalk.o)
 .ARM.attributes
                0x000000000000060f       0x34 /usr/lib/gcc/arm-none-eabi/6.3.1/../../../arm-none-eabi/lib/thumb/v7e-m/fpv4-sp/hard/libc_nano.a(lib_a-makebuf.o)
 .ARM.attributes
                0x0000000000000643       0x34 /usr/lib/gcc/arm-none-eabi/6.3.1/../../../arm-none-eabi/lib/thumb/v7e-m/fpv4-sp/hard/libc_nano.a(lib_a-nano-freer.o)
 .ARM.attributes
                0x0000000000000677       0x34 /usr/lib/gcc/arm-none-eabi/6.3.1/../../../arm-none-eabi/lib/thumb/v7e-m/fpv4-sp/hard/libc_nano.a(lib_a-nano-mallocr.o)
 .ARM.attributes
                0x00000000000006ab       0x34 /usr/lib/gcc/arm-none-eabi/6.3.1/../../../arm-none-eabi/lib/thumb/v7e-m/fpv4-sp/hard/libc_nano.a(lib_a-nano-vfprintf.o)
 .ARM.attributes
                0x00000000000006df       0x34 /usr/lib/gcc/arm-none-eabi/6.3.1/../../../arm-none-eabi/lib/thumb/v7e-m/fpv4-sp/hard/libc_nano.a(lib_a-nano-vfprintf_i.o)
 .ARM.attributes
                0x0000000000000713       0x34 /usr/lib/gcc/arm-none-eabi/6.3.1/../../../arm-none-eabi/lib/thumb/v7e-m/fpv4-sp/hard/libc_nano.a(lib_a-sbrkr.o)
 .ARM.attributes
                0x0000000000000747       0x34 /usr/lib/gcc/arm-none-eabi/6.3.1/../../../arm-none-eabi/lib/thumb/v7e-m/fpv4-sp/hard/libc_nano.a(lib_a-stdio.o)
 .ARM.attributes
                0x000000000000077b       0x34 /usr/lib/gcc/arm-none-eabi/6.3.1/../../../arm-none-eabi/lib/thumb/v7e-m/fpv4-sp/hard/libc_nano.a(lib_a-writer.o)
 .ARM.attributes
                0x00000000000007af       0x34 /usr/lib/gcc/arm-none-eabi/6.3.1/../../../arm-none-eabi/lib/thumb/v7e-m/fpv4-sp/hard/libc_nano.a(lib_a-closer.o)
 .ARM.attributes
                0x00000000000007e3       0x34 /usr/lib/gcc/arm-none-eabi/6.3.1/../../../arm-none-eabi/lib/thumb/v7e-m/fpv4-sp/hard/libc_nano.a(lib_a-fstatr.o)
 .ARM.attributes
                0x0000000000000817       0x34 /usr/lib/gcc/arm-none-eabi/6.3.1/../../../arm-none-eabi/lib/thumb/v7e-m/fpv4-sp/hard/libc_nano.a(lib_a-fvwrite.o)
 .ARM.attributes
                0x000000000000084b       0x34 /usr/lib/gcc/arm-none-eabi/6.3.1/../../../arm-none-eabi/lib/thumb/v7e-m/fpv4-sp/hard/libc_nano.a(lib_a-isattyr.o)
 .ARM.attributes
                0x000000000000087f       0x34 /usr/lib/gcc/arm-none-eabi/6.3.1/../../../arm-none-eabi/lib/thumb/v7e-m/fpv4-sp/hard/libc_nano.a(lib_a-lseekr.o)
 .ARM.attributes
                0x00000000000008b3       0x20 /usr/lib/gcc/arm-none-eabi/6.3.1/../../../arm-none-eabi/lib/thumb/v7e-m/fpv4-sp/hard/libc_nano.a(lib_a-memchr.o)
 .ARM.attributes
                0x00000000000008d3       0x20 /usr/lib/gcc/arm-none-eabi/6.3.1/../../../arm-none-eabi/lib/thumb/v7e-m/fpv4-sp/hard/libc_nano.a(lib_a-memcpy.o)
 .ARM.attributes
                0x00000000000008f3       0x34 /usr/lib/gcc/arm-none-eabi/6.3.1/../../../arm-none-eabi/lib/thumb/v7e-m/fpv4-sp/hard/libc_nano.a(lib_a-memmove.o)
 .ARM.attributes
                0x0000000000000927       0x34 /usr/lib/gcc/arm-none-eabi/6.3.1/../../../arm-none-eabi/lib/thumb/v7e-m/fpv4-sp/hard/libc_nano.a(lib_a-nano-reallocr.o)
 .ARM.attributes
                0x000000000000095b       0x34 /usr/lib/gcc/arm-none-eabi/6.3.1/../../../arm-none-eabi/lib/thumb/v7e-m/fpv4-sp/hard/libc_nano.a(lib_a-readr.o)
 .ARM.attributes
                0x000000000000098f       0x34 /usr/lib/gcc/arm-none-eabi/6.3.1/../../../arm-none-eabi/lib/thumb/v7e-m/fpv4-sp/hard/libc_nano.a(lib_a-reent.o)
 .ARM.attributes
                0x00000000000009c3       0x34 /usr/lib/gcc/arm-none-eabi/6.3.1/../../../arm-none-eabi/lib/thumb/v7e-m/fpv4-sp/hard/libc_nano.a(lib_a-nano-msizer.o)
 .ARM.attributes
                0x00000000000009f7       0x34 /usr/lib/gcc/arm-none-eabi/6.3.1/../../../arm-none-eabi/lib/thumb/v7e-m/fpv4-sp/hard/libnosys.a(close.o)
 .ARM.attributes
                0x0000000000000a2b       0x34 /usr/lib/gcc/arm-none-eabi/6.3.1/../../../arm-none-eabi/lib/thumb/v7e-m/fpv4-sp/hard/libnosys.a(fstat.o)
 .ARM.attributes
                0x0000000000000a5f       0x34 /usr/lib/gcc/arm-none-eabi/6.3.1/../../../arm-none-eabi/lib/thumb/v7e-m/fpv4-sp/hard/libnosys.a(isatty.o)
 .ARM.attributes
                0x0000000000000a93       0x34 /usr/lib/gcc/arm-none-eabi/6.3.1/../../../arm-none-eabi/lib/thumb/v7e-m/fpv4-sp/hard/libnosys.a(lseek.o)
 .ARM.attributes
                0x0000000000000ac7       0x34 /usr/lib/gcc/arm-none-eabi/6.3.1/../../../arm-none-eabi/lib/thumb/v7e-m/fpv4-sp/hard/libnosys.a(sbrk.o)
 .ARM.attributes
                0x0000000000000afb       0x22 /usr/lib/gcc/arm-none-eabi/6.3.1/thumb/v7e-m/fpv4-sp/hard/libgcc.a(_aeabi_uldivmod.o)
 .ARM.attributes
                0x0000000000000b1d       0x34 /usr/lib/gcc/arm-none-eabi/6.3.1/thumb/v7e-m/fpv4-sp/hard/libgcc.a(_udivmoddi4.o)
 .ARM.attributes
                0x0000000000000b51       0x22 /usr/lib/gcc/arm-none-eabi/6.3.1/thumb/v7e-m/fpv4-sp/hard/libgcc.a(_dvmd_tls.o)
 .ARM.attributes
                0x0000000000000b73       0x34 /usr/lib/gcc/arm-none-eabi/6.3.1/thumb/v7e-m/fpv4-sp/hard/crtend.o
 .ARM.attributes
                0x0000000000000ba7       0x22 /usr/lib/gcc/arm-none-eabi/6.3.1/thumb/v7e-m/fpv4-sp/hard/crtn.o
OUTPUT(build/TestMakefile.elf elf32-littlearm)

.comment        0x0000000000000000       0x31
 .comment       0x0000000000000000       0x31 /usr/lib/gcc/arm-none-eabi/6.3.1/thumb/v7e-m/fpv4-sp/hard/crtbegin.o
                                         0x32 (size before relaxing)
 .comment       0x0000000000000031       0x32 build/main.o
 .comment       0x0000000000000031       0x32 build/stm32l4xx_it.o
 .comment       0x0000000000000031       0x32 build/stm32l4xx_hal_msp.o
 .comment       0x0000000000000031       0x32 build/stm32l4xx_hal_tim.o
 .comment       0x0000000000000031       0x32 build/stm32l4xx_hal_tim_ex.o
 .comment       0x0000000000000031       0x32 build/stm32l4xx_hal_uart.o
 .comment       0x0000000000000031       0x32 build/stm32l4xx_hal.o
 .comment       0x0000000000000031       0x32 build/stm32l4xx_hal_rcc.o
 .comment       0x0000000000000031       0x32 build/stm32l4xx_hal_rcc_ex.o
 .comment       0x0000000000000031       0x32 build/stm32l4xx_hal_gpio.o
 .comment       0x0000000000000031       0x32 build/stm32l4xx_hal_pwr_ex.o
 .comment       0x0000000000000031       0x32 build/stm32l4xx_hal_cortex.o
 .comment       0x0000000000000031       0x32 build/stm32l4xx_hal_qspi.o
 .comment       0x0000000000000031       0x32 build/stm32l475e_iot01.o
 .comment       0x0000000000000031       0x32 build/system_stm32l4xx.o
 .comment       0x0000000000000031       0x32 build/stm32l4xx_hal_dac.o
 .comment       0x0000000000000031       0x32 /usr/lib/gcc/arm-none-eabi/6.3.1/../../../arm-none-eabi/lib/thumb/v7e-m/fpv4-sp/hard/libc_nano.a(lib_a-impure.o)
 .comment       0x0000000000000031       0x32 /usr/lib/gcc/arm-none-eabi/6.3.1/../../../arm-none-eabi/lib/thumb/v7e-m/fpv4-sp/hard/libc_nano.a(lib_a-init.o)
 .comment       0x0000000000000031       0x32 /usr/lib/gcc/arm-none-eabi/6.3.1/../../../arm-none-eabi/lib/thumb/v7e-m/fpv4-sp/hard/libc_nano.a(lib_a-memset.o)
 .comment       0x0000000000000031       0x32 /usr/lib/gcc/arm-none-eabi/6.3.1/../../../arm-none-eabi/lib/thumb/v7e-m/fpv4-sp/hard/libc_nano.a(lib_a-printf.o)
 .comment       0x0000000000000031       0x32 /usr/lib/gcc/arm-none-eabi/6.3.1/../../../arm-none-eabi/lib/thumb/v7e-m/fpv4-sp/hard/libc_nano.a(lib_a-puts.o)
 .comment       0x0000000000000031       0x32 /usr/lib/gcc/arm-none-eabi/6.3.1/../../../arm-none-eabi/lib/thumb/v7e-m/fpv4-sp/hard/libc_nano.a(lib_a-wbuf.o)
 .comment       0x0000000000000031       0x32 /usr/lib/gcc/arm-none-eabi/6.3.1/../../../arm-none-eabi/lib/thumb/v7e-m/fpv4-sp/hard/libc_nano.a(lib_a-wsetup.o)
 .comment       0x0000000000000031       0x32 /usr/lib/gcc/arm-none-eabi/6.3.1/../../../arm-none-eabi/lib/thumb/v7e-m/fpv4-sp/hard/libc_nano.a(lib_a-fflush.o)
 .comment       0x0000000000000031       0x32 /usr/lib/gcc/arm-none-eabi/6.3.1/../../../arm-none-eabi/lib/thumb/v7e-m/fpv4-sp/hard/libc_nano.a(lib_a-findfp.o)
 .comment       0x0000000000000031       0x32 /usr/lib/gcc/arm-none-eabi/6.3.1/../../../arm-none-eabi/lib/thumb/v7e-m/fpv4-sp/hard/libc_nano.a(lib_a-fwalk.o)
 .comment       0x0000000000000031       0x32 /usr/lib/gcc/arm-none-eabi/6.3.1/../../../arm-none-eabi/lib/thumb/v7e-m/fpv4-sp/hard/libc_nano.a(lib_a-makebuf.o)
 .comment       0x0000000000000031       0x32 /usr/lib/gcc/arm-none-eabi/6.3.1/../../../arm-none-eabi/lib/thumb/v7e-m/fpv4-sp/hard/libc_nano.a(lib_a-nano-freer.o)
 .comment       0x0000000000000031       0x32 /usr/lib/gcc/arm-none-eabi/6.3.1/../../../arm-none-eabi/lib/thumb/v7e-m/fpv4-sp/hard/libc_nano.a(lib_a-nano-mallocr.o)
 .comment       0x0000000000000031       0x32 /usr/lib/gcc/arm-none-eabi/6.3.1/../../../arm-none-eabi/lib/thumb/v7e-m/fpv4-sp/hard/libc_nano.a(lib_a-nano-vfprintf.o)
 .comment       0x0000000000000031       0x32 /usr/lib/gcc/arm-none-eabi/6.3.1/../../../arm-none-eabi/lib/thumb/v7e-m/fpv4-sp/hard/libc_nano.a(lib_a-nano-vfprintf_i.o)
 .comment       0x0000000000000031       0x32 /usr/lib/gcc/arm-none-eabi/6.3.1/../../../arm-none-eabi/lib/thumb/v7e-m/fpv4-sp/hard/libc_nano.a(lib_a-sbrkr.o)
 .comment       0x0000000000000031       0x32 /usr/lib/gcc/arm-none-eabi/6.3.1/../../../arm-none-eabi/lib/thumb/v7e-m/fpv4-sp/hard/libc_nano.a(lib_a-stdio.o)
 .comment       0x0000000000000031       0x32 /usr/lib/gcc/arm-none-eabi/6.3.1/../../../arm-none-eabi/lib/thumb/v7e-m/fpv4-sp/hard/libc_nano.a(lib_a-writer.o)
 .comment       0x0000000000000031       0x32 /usr/lib/gcc/arm-none-eabi/6.3.1/../../../arm-none-eabi/lib/thumb/v7e-m/fpv4-sp/hard/libc_nano.a(lib_a-closer.o)
 .comment       0x0000000000000031       0x32 /usr/lib/gcc/arm-none-eabi/6.3.1/../../../arm-none-eabi/lib/thumb/v7e-m/fpv4-sp/hard/libc_nano.a(lib_a-fstatr.o)
 .comment       0x0000000000000031       0x32 /usr/lib/gcc/arm-none-eabi/6.3.1/../../../arm-none-eabi/lib/thumb/v7e-m/fpv4-sp/hard/libc_nano.a(lib_a-fvwrite.o)
 .comment       0x0000000000000031       0x32 /usr/lib/gcc/arm-none-eabi/6.3.1/../../../arm-none-eabi/lib/thumb/v7e-m/fpv4-sp/hard/libc_nano.a(lib_a-isattyr.o)
 .comment       0x0000000000000031       0x32 /usr/lib/gcc/arm-none-eabi/6.3.1/../../../arm-none-eabi/lib/thumb/v7e-m/fpv4-sp/hard/libc_nano.a(lib_a-lseekr.o)
 .comment       0x0000000000000031       0x32 /usr/lib/gcc/arm-none-eabi/6.3.1/../../../arm-none-eabi/lib/thumb/v7e-m/fpv4-sp/hard/libc_nano.a(lib_a-memmove.o)
 .comment       0x0000000000000031       0x32 /usr/lib/gcc/arm-none-eabi/6.3.1/../../../arm-none-eabi/lib/thumb/v7e-m/fpv4-sp/hard/libc_nano.a(lib_a-nano-reallocr.o)
 .comment       0x0000000000000031       0x32 /usr/lib/gcc/arm-none-eabi/6.3.1/../../../arm-none-eabi/lib/thumb/v7e-m/fpv4-sp/hard/libc_nano.a(lib_a-readr.o)
 .comment       0x0000000000000031       0x32 /usr/lib/gcc/arm-none-eabi/6.3.1/../../../arm-none-eabi/lib/thumb/v7e-m/fpv4-sp/hard/libc_nano.a(lib_a-reent.o)
 .comment       0x0000000000000031       0x32 /usr/lib/gcc/arm-none-eabi/6.3.1/../../../arm-none-eabi/lib/thumb/v7e-m/fpv4-sp/hard/libc_nano.a(lib_a-nano-msizer.o)
 .comment       0x0000000000000031       0x32 /usr/lib/gcc/arm-none-eabi/6.3.1/../../../arm-none-eabi/lib/thumb/v7e-m/fpv4-sp/hard/libnosys.a(close.o)
 .comment       0x0000000000000031       0x32 /usr/lib/gcc/arm-none-eabi/6.3.1/../../../arm-none-eabi/lib/thumb/v7e-m/fpv4-sp/hard/libnosys.a(fstat.o)
 .comment       0x0000000000000031       0x32 /usr/lib/gcc/arm-none-eabi/6.3.1/../../../arm-none-eabi/lib/thumb/v7e-m/fpv4-sp/hard/libnosys.a(isatty.o)
 .comment       0x0000000000000031       0x32 /usr/lib/gcc/arm-none-eabi/6.3.1/../../../arm-none-eabi/lib/thumb/v7e-m/fpv4-sp/hard/libnosys.a(lseek.o)
 .comment       0x0000000000000031       0x32 /usr/lib/gcc/arm-none-eabi/6.3.1/../../../arm-none-eabi/lib/thumb/v7e-m/fpv4-sp/hard/libnosys.a(sbrk.o)
 .comment       0x0000000000000031       0x32 /usr/lib/gcc/arm-none-eabi/6.3.1/thumb/v7e-m/fpv4-sp/hard/libgcc.a(_udivmoddi4.o)
 .comment       0x0000000000000031       0x32 /usr/lib/gcc/arm-none-eabi/6.3.1/thumb/v7e-m/fpv4-sp/hard/crtend.o

.debug_info     0x0000000000000000    0x2ee36
 .debug_info    0x0000000000000000     0x27b9 build/main.o
 .debug_info    0x00000000000027b9      0x8d5 build/stm32l4xx_it.o
 .debug_info    0x000000000000308e     0x18e9 build/stm32l4xx_hal_msp.o
 .debug_info    0x0000000000004977     0x4328 build/stm32l4xx_hal_tim.o
 .debug_info    0x0000000000008c9f     0x1974 build/stm32l4xx_hal_tim_ex.o
 .debug_info    0x000000000000a613     0x2664 build/stm32l4xx_hal_uart.o
 .debug_info    0x000000000000cc77      0xe05 build/stm32l4xx_hal.o
 .debug_info    0x000000000000da7c     0x1104 build/stm32l4xx_hal_rcc.o
 .debug_info    0x000000000000eb80     0x1350 build/stm32l4xx_hal_rcc_ex.o
 .debug_info    0x000000000000fed0      0xa74 build/stm32l4xx_hal_gpio.o
 .debug_info    0x0000000000010944      0xc46 build/stm32l4xx_hal_pwr_ex.o
 .debug_info    0x000000000001158a     0x119a build/stm32l4xx_hal_cortex.o
 .debug_info    0x0000000000012724     0x1d53 build/stm32l4xx_hal_qspi.o
 .debug_info    0x0000000000014477     0x27f9 build/stm32l475e_iot01.o
 .debug_info    0x0000000000016c70      0x7a7 build/system_stm32l4xx.o
 .debug_info    0x0000000000017417      0xdba build/stm32l4xx_hal_dac.o
 .debug_info    0x00000000000181d1       0x7d build/startup_stm32l475xx.o
 .debug_info    0x000000000001824e      0x8a0 /usr/lib/gcc/arm-none-eabi/6.3.1/../../../arm-none-eabi/lib/thumb/v7e-m/fpv4-sp/hard/libc_nano.a(lib_a-impure.o)
 .debug_info    0x0000000000018aee      0x110 /usr/lib/gcc/arm-none-eabi/6.3.1/../../../arm-none-eabi/lib/thumb/v7e-m/fpv4-sp/hard/libc_nano.a(lib_a-init.o)
 .debug_info    0x0000000000018bfe      0x916 /usr/lib/gcc/arm-none-eabi/6.3.1/../../../arm-none-eabi/lib/thumb/v7e-m/fpv4-sp/hard/libc_nano.a(lib_a-memset.o)
 .debug_info    0x0000000000019514      0xbb0 /usr/lib/gcc/arm-none-eabi/6.3.1/../../../arm-none-eabi/lib/thumb/v7e-m/fpv4-sp/hard/libc_nano.a(lib_a-printf.o)
 .debug_info    0x000000000001a0c4      0xc31 /usr/lib/gcc/arm-none-eabi/6.3.1/../../../arm-none-eabi/lib/thumb/v7e-m/fpv4-sp/hard/libc_nano.a(lib_a-puts.o)
 .debug_info    0x000000000001acf5      0xbc9 /usr/lib/gcc/arm-none-eabi/6.3.1/../../../arm-none-eabi/lib/thumb/v7e-m/fpv4-sp/hard/libc_nano.a(lib_a-wbuf.o)
 .debug_info    0x000000000001b8be      0xb48 /usr/lib/gcc/arm-none-eabi/6.3.1/../../../arm-none-eabi/lib/thumb/v7e-m/fpv4-sp/hard/libc_nano.a(lib_a-wsetup.o)
 .debug_info    0x000000000001c406      0xc8a /usr/lib/gcc/arm-none-eabi/6.3.1/../../../arm-none-eabi/lib/thumb/v7e-m/fpv4-sp/hard/libc_nano.a(lib_a-fflush.o)
 .debug_info    0x000000000001d090      0xff9 /usr/lib/gcc/arm-none-eabi/6.3.1/../../../arm-none-eabi/lib/thumb/v7e-m/fpv4-sp/hard/libc_nano.a(lib_a-findfp.o)
 .debug_info    0x000000000001e089      0xbc7 /usr/lib/gcc/arm-none-eabi/6.3.1/../../../arm-none-eabi/lib/thumb/v7e-m/fpv4-sp/hard/libc_nano.a(lib_a-fwalk.o)
 .debug_info    0x000000000001ec50      0xe43 /usr/lib/gcc/arm-none-eabi/6.3.1/../../../arm-none-eabi/lib/thumb/v7e-m/fpv4-sp/hard/libc_nano.a(lib_a-makebuf.o)
 .debug_info    0x000000000001fa93      0xa51 /usr/lib/gcc/arm-none-eabi/6.3.1/../../../arm-none-eabi/lib/thumb/v7e-m/fpv4-sp/hard/libc_nano.a(lib_a-nano-freer.o)
 .debug_info    0x00000000000204e4      0xb1f /usr/lib/gcc/arm-none-eabi/6.3.1/../../../arm-none-eabi/lib/thumb/v7e-m/fpv4-sp/hard/libc_nano.a(lib_a-nano-mallocr.o)
 .debug_info    0x0000000000021003     0x113f /usr/lib/gcc/arm-none-eabi/6.3.1/../../../arm-none-eabi/lib/thumb/v7e-m/fpv4-sp/hard/libc_nano.a(lib_a-nano-vfprintf.o)
 .debug_info    0x0000000000022142      0xfb4 /usr/lib/gcc/arm-none-eabi/6.3.1/../../../arm-none-eabi/lib/thumb/v7e-m/fpv4-sp/hard/libc_nano.a(lib_a-nano-vfprintf_i.o)
 .debug_info    0x00000000000230f6      0x955 /usr/lib/gcc/arm-none-eabi/6.3.1/../../../arm-none-eabi/lib/thumb/v7e-m/fpv4-sp/hard/libc_nano.a(lib_a-sbrkr.o)
 .debug_info    0x0000000000023a4b      0xd51 /usr/lib/gcc/arm-none-eabi/6.3.1/../../../arm-none-eabi/lib/thumb/v7e-m/fpv4-sp/hard/libc_nano.a(lib_a-stdio.o)
 .debug_info    0x000000000002479c      0x993 /usr/lib/gcc/arm-none-eabi/6.3.1/../../../arm-none-eabi/lib/thumb/v7e-m/fpv4-sp/hard/libc_nano.a(lib_a-writer.o)
 .debug_info    0x000000000002512f      0x94b /usr/lib/gcc/arm-none-eabi/6.3.1/../../../arm-none-eabi/lib/thumb/v7e-m/fpv4-sp/hard/libc_nano.a(lib_a-closer.o)
 .debug_info    0x0000000000025a7a      0xb5d /usr/lib/gcc/arm-none-eabi/6.3.1/../../../arm-none-eabi/lib/thumb/v7e-m/fpv4-sp/hard/libc_nano.a(lib_a-fstatr.o)
 .debug_info    0x00000000000265d7      0xe12 /usr/lib/gcc/arm-none-eabi/6.3.1/../../../arm-none-eabi/lib/thumb/v7e-m/fpv4-sp/hard/libc_nano.a(lib_a-fvwrite.o)
 .debug_info    0x00000000000273e9      0x94b /usr/lib/gcc/arm-none-eabi/6.3.1/../../../arm-none-eabi/lib/thumb/v7e-m/fpv4-sp/hard/libc_nano.a(lib_a-isattyr.o)
 .debug_info    0x0000000000027d34      0x976 /usr/lib/gcc/arm-none-eabi/6.3.1/../../../arm-none-eabi/lib/thumb/v7e-m/fpv4-sp/hard/libc_nano.a(lib_a-lseekr.o)
 .debug_info    0x00000000000286aa       0xda /usr/lib/gcc/arm-none-eabi/6.3.1/../../../arm-none-eabi/lib/thumb/v7e-m/fpv4-sp/hard/libc_nano.a(lib_a-memchr.o)
 .debug_info    0x0000000000028784       0xe1 /usr/lib/gcc/arm-none-eabi/6.3.1/../../../arm-none-eabi/lib/thumb/v7e-m/fpv4-sp/hard/libc_nano.a(lib_a-memcpy.o)
 .debug_info    0x0000000000028865      0x925 /usr/lib/gcc/arm-none-eabi/6.3.1/../../../arm-none-eabi/lib/thumb/v7e-m/fpv4-sp/hard/libc_nano.a(lib_a-memmove.o)
 .debug_info    0x000000000002918a      0xac0 /usr/lib/gcc/arm-none-eabi/6.3.1/../../../arm-none-eabi/lib/thumb/v7e-m/fpv4-sp/hard/libc_nano.a(lib_a-nano-reallocr.o)
 .debug_info    0x0000000000029c4a      0x98c /usr/lib/gcc/arm-none-eabi/6.3.1/../../../arm-none-eabi/lib/thumb/v7e-m/fpv4-sp/hard/libc_nano.a(lib_a-readr.o)
 .debug_info    0x000000000002a5d6      0xa67 /usr/lib/gcc/arm-none-eabi/6.3.1/../../../arm-none-eabi/lib/thumb/v7e-m/fpv4-sp/hard/libc_nano.a(lib_a-reent.o)
 .debug_info    0x000000000002b03d      0x9f7 /usr/lib/gcc/arm-none-eabi/6.3.1/../../../arm-none-eabi/lib/thumb/v7e-m/fpv4-sp/hard/libc_nano.a(lib_a-nano-msizer.o)
 .debug_info    0x000000000002ba34      0x8e1 /usr/lib/gcc/arm-none-eabi/6.3.1/../../../arm-none-eabi/lib/thumb/v7e-m/fpv4-sp/hard/libnosys.a(close.o)
 .debug_info    0x000000000002c315      0xaed /usr/lib/gcc/arm-none-eabi/6.3.1/../../../arm-none-eabi/lib/thumb/v7e-m/fpv4-sp/hard/libnosys.a(fstat.o)
 .debug_info    0x000000000002ce02      0x8e1 /usr/lib/gcc/arm-none-eabi/6.3.1/../../../arm-none-eabi/lib/thumb/v7e-m/fpv4-sp/hard/libnosys.a(isatty.o)
 .debug_info    0x000000000002d6e3      0x8fd /usr/lib/gcc/arm-none-eabi/6.3.1/../../../arm-none-eabi/lib/thumb/v7e-m/fpv4-sp/hard/libnosys.a(lseek.o)
 .debug_info    0x000000000002dfe0       0x90 /usr/lib/gcc/arm-none-eabi/6.3.1/../../../arm-none-eabi/lib/thumb/v7e-m/fpv4-sp/hard/libnosys.a(sbrk.o)
 .debug_info    0x000000000002e070       0xcf /usr/lib/gcc/arm-none-eabi/6.3.1/thumb/v7e-m/fpv4-sp/hard/libgcc.a(_aeabi_uldivmod.o)
 .debug_info    0x000000000002e13f      0xc24 /usr/lib/gcc/arm-none-eabi/6.3.1/thumb/v7e-m/fpv4-sp/hard/libgcc.a(_udivmoddi4.o)
 .debug_info    0x000000000002ed63       0xd3 /usr/lib/gcc/arm-none-eabi/6.3.1/thumb/v7e-m/fpv4-sp/hard/libgcc.a(_dvmd_tls.o)

.debug_abbrev   0x0000000000000000     0x6fb1
 .debug_abbrev  0x0000000000000000      0x3ba build/main.o
 .debug_abbrev  0x00000000000003ba      0x1a7 build/stm32l4xx_it.o
 .debug_abbrev  0x0000000000000561      0x237 build/stm32l4xx_hal_msp.o
 .debug_abbrev  0x0000000000000798      0x374 build/stm32l4xx_hal_tim.o
 .debug_abbrev  0x0000000000000b0c      0x31d build/stm32l4xx_hal_tim_ex.o
 .debug_abbrev  0x0000000000000e29      0x3b4 build/stm32l4xx_hal_uart.o
 .debug_abbrev  0x00000000000011dd      0x2bf build/stm32l4xx_hal.o
 .debug_abbrev  0x000000000000149c      0x2c2 build/stm32l4xx_hal_rcc.o
 .debug_abbrev  0x000000000000175e      0x29b build/stm32l4xx_hal_rcc_ex.o
 .debug_abbrev  0x00000000000019f9      0x21e build/stm32l4xx_hal_gpio.o
 .debug_abbrev  0x0000000000001c17      0x242 build/stm32l4xx_hal_pwr_ex.o
 .debug_abbrev  0x0000000000001e59      0x32c build/stm32l4xx_hal_cortex.o
 .debug_abbrev  0x0000000000002185      0x32f build/stm32l4xx_hal_qspi.o
 .debug_abbrev  0x00000000000024b4      0x440 build/stm32l475e_iot01.o
 .debug_abbrev  0x00000000000028f4      0x14d build/system_stm32l4xx.o
 .debug_abbrev  0x0000000000002a41      0x262 build/stm32l4xx_hal_dac.o
 .debug_abbrev  0x0000000000002ca3       0x12 build/startup_stm32l475xx.o
 .debug_abbrev  0x0000000000002cb5      0x153 /usr/lib/gcc/arm-none-eabi/6.3.1/../../../arm-none-eabi/lib/thumb/v7e-m/fpv4-sp/hard/libc_nano.a(lib_a-impure.o)
 .debug_abbrev  0x0000000000002e08       0xba /usr/lib/gcc/arm-none-eabi/6.3.1/../../../arm-none-eabi/lib/thumb/v7e-m/fpv4-sp/hard/libc_nano.a(lib_a-init.o)
 .debug_abbrev  0x0000000000002ec2      0x197 /usr/lib/gcc/arm-none-eabi/6.3.1/../../../arm-none-eabi/lib/thumb/v7e-m/fpv4-sp/hard/libc_nano.a(lib_a-memset.o)
 .debug_abbrev  0x0000000000003059      0x244 /usr/lib/gcc/arm-none-eabi/6.3.1/../../../arm-none-eabi/lib/thumb/v7e-m/fpv4-sp/hard/libc_nano.a(lib_a-printf.o)
 .debug_abbrev  0x000000000000329d      0x28c /usr/lib/gcc/arm-none-eabi/6.3.1/../../../arm-none-eabi/lib/thumb/v7e-m/fpv4-sp/hard/libc_nano.a(lib_a-puts.o)
 .debug_abbrev  0x0000000000003529      0x243 /usr/lib/gcc/arm-none-eabi/6.3.1/../../../arm-none-eabi/lib/thumb/v7e-m/fpv4-sp/hard/libc_nano.a(lib_a-wbuf.o)
 .debug_abbrev  0x000000000000376c      0x1ff /usr/lib/gcc/arm-none-eabi/6.3.1/../../../arm-none-eabi/lib/thumb/v7e-m/fpv4-sp/hard/libc_nano.a(lib_a-wsetup.o)
 .debug_abbrev  0x000000000000396b      0x293 /usr/lib/gcc/arm-none-eabi/6.3.1/../../../arm-none-eabi/lib/thumb/v7e-m/fpv4-sp/hard/libc_nano.a(lib_a-fflush.o)
 .debug_abbrev  0x0000000000003bfe      0x364 /usr/lib/gcc/arm-none-eabi/6.3.1/../../../arm-none-eabi/lib/thumb/v7e-m/fpv4-sp/hard/libc_nano.a(lib_a-findfp.o)
 .debug_abbrev  0x0000000000003f62      0x1d4 /usr/lib/gcc/arm-none-eabi/6.3.1/../../../arm-none-eabi/lib/thumb/v7e-m/fpv4-sp/hard/libc_nano.a(lib_a-fwalk.o)
 .debug_abbrev  0x0000000000004136      0x2a3 /usr/lib/gcc/arm-none-eabi/6.3.1/../../../arm-none-eabi/lib/thumb/v7e-m/fpv4-sp/hard/libc_nano.a(lib_a-makebuf.o)
 .debug_abbrev  0x00000000000043d9      0x1ef /usr/lib/gcc/arm-none-eabi/6.3.1/../../../arm-none-eabi/lib/thumb/v7e-m/fpv4-sp/hard/libc_nano.a(lib_a-nano-freer.o)
 .debug_abbrev  0x00000000000045c8      0x274 /usr/lib/gcc/arm-none-eabi/6.3.1/../../../arm-none-eabi/lib/thumb/v7e-m/fpv4-sp/hard/libc_nano.a(lib_a-nano-mallocr.o)
 .debug_abbrev  0x000000000000483c      0x2eb /usr/lib/gcc/arm-none-eabi/6.3.1/../../../arm-none-eabi/lib/thumb/v7e-m/fpv4-sp/hard/libc_nano.a(lib_a-nano-vfprintf.o)
 .debug_abbrev  0x0000000000004b27      0x27c /usr/lib/gcc/arm-none-eabi/6.3.1/../../../arm-none-eabi/lib/thumb/v7e-m/fpv4-sp/hard/libc_nano.a(lib_a-nano-vfprintf_i.o)
 .debug_abbrev  0x0000000000004da3      0x1d6 /usr/lib/gcc/arm-none-eabi/6.3.1/../../../arm-none-eabi/lib/thumb/v7e-m/fpv4-sp/hard/libc_nano.a(lib_a-sbrkr.o)
 .debug_abbrev  0x0000000000004f79      0x237 /usr/lib/gcc/arm-none-eabi/6.3.1/../../../arm-none-eabi/lib/thumb/v7e-m/fpv4-sp/hard/libc_nano.a(lib_a-stdio.o)
 .debug_abbrev  0x00000000000051b0      0x1d6 /usr/lib/gcc/arm-none-eabi/6.3.1/../../../arm-none-eabi/lib/thumb/v7e-m/fpv4-sp/hard/libc_nano.a(lib_a-writer.o)
 .debug_abbrev  0x0000000000005386      0x1d1 /usr/lib/gcc/arm-none-eabi/6.3.1/../../../arm-none-eabi/lib/thumb/v7e-m/fpv4-sp/hard/libc_nano.a(lib_a-closer.o)
 .debug_abbrev  0x0000000000005557      0x1e0 /usr/lib/gcc/arm-none-eabi/6.3.1/../../../arm-none-eabi/lib/thumb/v7e-m/fpv4-sp/hard/libc_nano.a(lib_a-fstatr.o)
 .debug_abbrev  0x0000000000005737      0x22e /usr/lib/gcc/arm-none-eabi/6.3.1/../../../arm-none-eabi/lib/thumb/v7e-m/fpv4-sp/hard/libc_nano.a(lib_a-fvwrite.o)
 .debug_abbrev  0x0000000000005965      0x1d1 /usr/lib/gcc/arm-none-eabi/6.3.1/../../../arm-none-eabi/lib/thumb/v7e-m/fpv4-sp/hard/libc_nano.a(lib_a-isattyr.o)
 .debug_abbrev  0x0000000000005b36      0x1e0 /usr/lib/gcc/arm-none-eabi/6.3.1/../../../arm-none-eabi/lib/thumb/v7e-m/fpv4-sp/hard/libc_nano.a(lib_a-lseekr.o)
 .debug_abbrev  0x0000000000005d16       0x14 /usr/lib/gcc/arm-none-eabi/6.3.1/../../../arm-none-eabi/lib/thumb/v7e-m/fpv4-sp/hard/libc_nano.a(lib_a-memchr.o)
 .debug_abbrev  0x0000000000005d2a       0x14 /usr/lib/gcc/arm-none-eabi/6.3.1/../../../arm-none-eabi/lib/thumb/v7e-m/fpv4-sp/hard/libc_nano.a(lib_a-memcpy.o)
 .debug_abbrev  0x0000000000005d3e      0x19c /usr/lib/gcc/arm-none-eabi/6.3.1/../../../arm-none-eabi/lib/thumb/v7e-m/fpv4-sp/hard/libc_nano.a(lib_a-memmove.o)
 .debug_abbrev  0x0000000000005eda      0x1ee /usr/lib/gcc/arm-none-eabi/6.3.1/../../../arm-none-eabi/lib/thumb/v7e-m/fpv4-sp/hard/libc_nano.a(lib_a-nano-reallocr.o)
 .debug_abbrev  0x00000000000060c8      0x1d1 /usr/lib/gcc/arm-none-eabi/6.3.1/../../../arm-none-eabi/lib/thumb/v7e-m/fpv4-sp/hard/libc_nano.a(lib_a-readr.o)
 .debug_abbrev  0x0000000000006299      0x228 /usr/lib/gcc/arm-none-eabi/6.3.1/../../../arm-none-eabi/lib/thumb/v7e-m/fpv4-sp/hard/libc_nano.a(lib_a-reent.o)
 .debug_abbrev  0x00000000000064c1      0x1ab /usr/lib/gcc/arm-none-eabi/6.3.1/../../../arm-none-eabi/lib/thumb/v7e-m/fpv4-sp/hard/libc_nano.a(lib_a-nano-msizer.o)
 .debug_abbrev  0x000000000000666c      0x1b4 /usr/lib/gcc/arm-none-eabi/6.3.1/../../../arm-none-eabi/lib/thumb/v7e-m/fpv4-sp/hard/libnosys.a(close.o)
 .debug_abbrev  0x0000000000006820      0x1c5 /usr/lib/gcc/arm-none-eabi/6.3.1/../../../arm-none-eabi/lib/thumb/v7e-m/fpv4-sp/hard/libnosys.a(fstat.o)
 .debug_abbrev  0x00000000000069e5      0x1b4 /usr/lib/gcc/arm-none-eabi/6.3.1/../../../arm-none-eabi/lib/thumb/v7e-m/fpv4-sp/hard/libnosys.a(isatty.o)
 .debug_abbrev  0x0000000000006b99      0x1d2 /usr/lib/gcc/arm-none-eabi/6.3.1/../../../arm-none-eabi/lib/thumb/v7e-m/fpv4-sp/hard/libnosys.a(lseek.o)
 .debug_abbrev  0x0000000000006d6b       0x92 /usr/lib/gcc/arm-none-eabi/6.3.1/../../../arm-none-eabi/lib/thumb/v7e-m/fpv4-sp/hard/libnosys.a(sbrk.o)
 .debug_abbrev  0x0000000000006dfd       0x14 /usr/lib/gcc/arm-none-eabi/6.3.1/thumb/v7e-m/fpv4-sp/hard/libgcc.a(_aeabi_uldivmod.o)
 .debug_abbrev  0x0000000000006e11      0x18c /usr/lib/gcc/arm-none-eabi/6.3.1/thumb/v7e-m/fpv4-sp/hard/libgcc.a(_udivmoddi4.o)
 .debug_abbrev  0x0000000000006f9d       0x14 /usr/lib/gcc/arm-none-eabi/6.3.1/thumb/v7e-m/fpv4-sp/hard/libgcc.a(_dvmd_tls.o)

.debug_loc      0x0000000000000000    0x1557d
 .debug_loc     0x0000000000000000      0x240 build/main.o
 .debug_loc     0x0000000000000240      0x25c build/stm32l4xx_hal_msp.o
 .debug_loc     0x000000000000049c     0x6400 build/stm32l4xx_hal_tim.o
 .debug_loc     0x000000000000689c     0x1965 build/stm32l4xx_hal_tim_ex.o
 .debug_loc     0x0000000000008201     0x242a build/stm32l4xx_hal_uart.o
 .debug_loc     0x000000000000a62b      0x315 build/stm32l4xx_hal.o
 .debug_loc     0x000000000000a940      0x9a9 build/stm32l4xx_hal_rcc.o
 .debug_loc     0x000000000000b2e9     0x113d build/stm32l4xx_hal_rcc_ex.o
 .debug_loc     0x000000000000c426      0x45f build/stm32l4xx_hal_gpio.o
 .debug_loc     0x000000000000c885      0x984 build/stm32l4xx_hal_pwr_ex.o
 .debug_loc     0x000000000000d209      0x78e build/stm32l4xx_hal_cortex.o
 .debug_loc     0x000000000000d997     0x1e30 build/stm32l4xx_hal_qspi.o
 .debug_loc     0x000000000000f7c7      0xf61 build/stm32l475e_iot01.o
 .debug_loc     0x0000000000010728      0x1ec build/system_stm32l4xx.o
 .debug_loc     0x0000000000010914      0x9fe build/stm32l4xx_hal_dac.o
 .debug_loc     0x0000000000011312       0xae /usr/lib/gcc/arm-none-eabi/6.3.1/../../../arm-none-eabi/lib/thumb/v7e-m/fpv4-sp/hard/libc_nano.a(lib_a-init.o)
 .debug_loc     0x00000000000113c0      0x1bd /usr/lib/gcc/arm-none-eabi/6.3.1/../../../arm-none-eabi/lib/thumb/v7e-m/fpv4-sp/hard/libc_nano.a(lib_a-memset.o)
 .debug_loc     0x000000000001157d       0x3f /usr/lib/gcc/arm-none-eabi/6.3.1/../../../arm-none-eabi/lib/thumb/v7e-m/fpv4-sp/hard/libc_nano.a(lib_a-printf.o)
 .debug_loc     0x00000000000115bc      0x2bb /usr/lib/gcc/arm-none-eabi/6.3.1/../../../arm-none-eabi/lib/thumb/v7e-m/fpv4-sp/hard/libc_nano.a(lib_a-puts.o)
 .debug_loc     0x0000000000011877      0x12b /usr/lib/gcc/arm-none-eabi/6.3.1/../../../arm-none-eabi/lib/thumb/v7e-m/fpv4-sp/hard/libc_nano.a(lib_a-wbuf.o)
 .debug_loc     0x00000000000119a2       0xaa /usr/lib/gcc/arm-none-eabi/6.3.1/../../../arm-none-eabi/lib/thumb/v7e-m/fpv4-sp/hard/libc_nano.a(lib_a-wsetup.o)
 .debug_loc     0x0000000000011a4c      0x324 /usr/lib/gcc/arm-none-eabi/6.3.1/../../../arm-none-eabi/lib/thumb/v7e-m/fpv4-sp/hard/libc_nano.a(lib_a-fflush.o)
 .debug_loc     0x0000000000011d70      0x312 /usr/lib/gcc/arm-none-eabi/6.3.1/../../../arm-none-eabi/lib/thumb/v7e-m/fpv4-sp/hard/libc_nano.a(lib_a-findfp.o)
 .debug_loc     0x0000000000012082      0x207 /usr/lib/gcc/arm-none-eabi/6.3.1/../../../arm-none-eabi/lib/thumb/v7e-m/fpv4-sp/hard/libc_nano.a(lib_a-fwalk.o)
 .debug_loc     0x0000000000012289      0x120 /usr/lib/gcc/arm-none-eabi/6.3.1/../../../arm-none-eabi/lib/thumb/v7e-m/fpv4-sp/hard/libc_nano.a(lib_a-makebuf.o)
 .debug_loc     0x00000000000123a9      0x140 /usr/lib/gcc/arm-none-eabi/6.3.1/../../../arm-none-eabi/lib/thumb/v7e-m/fpv4-sp/hard/libc_nano.a(lib_a-nano-freer.o)
 .debug_loc     0x00000000000124e9      0x389 /usr/lib/gcc/arm-none-eabi/6.3.1/../../../arm-none-eabi/lib/thumb/v7e-m/fpv4-sp/hard/libc_nano.a(lib_a-nano-mallocr.o)
 .debug_loc     0x0000000000012872      0x5b9 /usr/lib/gcc/arm-none-eabi/6.3.1/../../../arm-none-eabi/lib/thumb/v7e-m/fpv4-sp/hard/libc_nano.a(lib_a-nano-vfprintf.o)
 .debug_loc     0x0000000000012e2b      0x68a /usr/lib/gcc/arm-none-eabi/6.3.1/../../../arm-none-eabi/lib/thumb/v7e-m/fpv4-sp/hard/libc_nano.a(lib_a-nano-vfprintf_i.o)
 .debug_loc     0x00000000000134b5       0x4d /usr/lib/gcc/arm-none-eabi/6.3.1/../../../arm-none-eabi/lib/thumb/v7e-m/fpv4-sp/hard/libc_nano.a(lib_a-sbrkr.o)
 .debug_loc     0x0000000000013502      0x2bf /usr/lib/gcc/arm-none-eabi/6.3.1/../../../arm-none-eabi/lib/thumb/v7e-m/fpv4-sp/hard/libc_nano.a(lib_a-stdio.o)
 .debug_loc     0x00000000000137c1       0xb0 /usr/lib/gcc/arm-none-eabi/6.3.1/../../../arm-none-eabi/lib/thumb/v7e-m/fpv4-sp/hard/libc_nano.a(lib_a-writer.o)
 .debug_loc     0x0000000000013871       0x4d /usr/lib/gcc/arm-none-eabi/6.3.1/../../../arm-none-eabi/lib/thumb/v7e-m/fpv4-sp/hard/libc_nano.a(lib_a-closer.o)
 .debug_loc     0x00000000000138be       0x84 /usr/lib/gcc/arm-none-eabi/6.3.1/../../../arm-none-eabi/lib/thumb/v7e-m/fpv4-sp/hard/libc_nano.a(lib_a-fstatr.o)
 .debug_loc     0x0000000000013942      0x6e8 /usr/lib/gcc/arm-none-eabi/6.3.1/../../../arm-none-eabi/lib/thumb/v7e-m/fpv4-sp/hard/libc_nano.a(lib_a-fvwrite.o)
 .debug_loc     0x000000000001402a       0x4d /usr/lib/gcc/arm-none-eabi/6.3.1/../../../arm-none-eabi/lib/thumb/v7e-m/fpv4-sp/hard/libc_nano.a(lib_a-isattyr.o)
 .debug_loc     0x0000000000014077       0xb0 /usr/lib/gcc/arm-none-eabi/6.3.1/../../../arm-none-eabi/lib/thumb/v7e-m/fpv4-sp/hard/libc_nano.a(lib_a-lseekr.o)
 .debug_loc     0x0000000000014127      0x269 /usr/lib/gcc/arm-none-eabi/6.3.1/../../../arm-none-eabi/lib/thumb/v7e-m/fpv4-sp/hard/libc_nano.a(lib_a-memmove.o)
 .debug_loc     0x0000000000014390      0x185 /usr/lib/gcc/arm-none-eabi/6.3.1/../../../arm-none-eabi/lib/thumb/v7e-m/fpv4-sp/hard/libc_nano.a(lib_a-nano-reallocr.o)
 .debug_loc     0x0000000000014515       0xb0 /usr/lib/gcc/arm-none-eabi/6.3.1/../../../arm-none-eabi/lib/thumb/v7e-m/fpv4-sp/hard/libc_nano.a(lib_a-readr.o)
 .debug_loc     0x00000000000145c5       0xec /usr/lib/gcc/arm-none-eabi/6.3.1/../../../arm-none-eabi/lib/thumb/v7e-m/fpv4-sp/hard/libc_nano.a(lib_a-reent.o)
 .debug_loc     0x00000000000146b1       0x78 /usr/lib/gcc/arm-none-eabi/6.3.1/../../../arm-none-eabi/lib/thumb/v7e-m/fpv4-sp/hard/libc_nano.a(lib_a-nano-msizer.o)
 .debug_loc     0x0000000000014729       0x21 /usr/lib/gcc/arm-none-eabi/6.3.1/../../../arm-none-eabi/lib/thumb/v7e-m/fpv4-sp/hard/libnosys.a(close.o)
 .debug_loc     0x000000000001474a       0x21 /usr/lib/gcc/arm-none-eabi/6.3.1/../../../arm-none-eabi/lib/thumb/v7e-m/fpv4-sp/hard/libnosys.a(fstat.o)
 .debug_loc     0x000000000001476b       0x21 /usr/lib/gcc/arm-none-eabi/6.3.1/../../../arm-none-eabi/lib/thumb/v7e-m/fpv4-sp/hard/libnosys.a(isatty.o)
 .debug_loc     0x000000000001478c       0x42 /usr/lib/gcc/arm-none-eabi/6.3.1/../../../arm-none-eabi/lib/thumb/v7e-m/fpv4-sp/hard/libnosys.a(lseek.o)
 .debug_loc     0x00000000000147ce       0x38 /usr/lib/gcc/arm-none-eabi/6.3.1/../../../arm-none-eabi/lib/thumb/v7e-m/fpv4-sp/hard/libnosys.a(sbrk.o)
 .debug_loc     0x0000000000014806      0xd77 /usr/lib/gcc/arm-none-eabi/6.3.1/thumb/v7e-m/fpv4-sp/hard/libgcc.a(_udivmoddi4.o)

.debug_aranges  0x0000000000000000     0x1200
 .debug_aranges
                0x0000000000000000       0x40 build/main.o
 .debug_aranges
                0x0000000000000040       0x50 build/stm32l4xx_it.o
 .debug_aranges
                0x0000000000000090       0x60 build/stm32l4xx_hal_msp.o
 .debug_aranges
                0x00000000000000f0      0x258 build/stm32l4xx_hal_tim.o
 .debug_aranges
                0x0000000000000348      0x100 build/stm32l4xx_hal_tim_ex.o
 .debug_aranges
                0x0000000000000448      0x198 build/stm32l4xx_hal_uart.o
 .debug_aranges
                0x00000000000005e0      0x128 build/stm32l4xx_hal.o
 .debug_aranges
                0x0000000000000708       0x80 build/stm32l4xx_hal_rcc.o
 .debug_aranges
                0x0000000000000788       0xc0 build/stm32l4xx_hal_rcc_ex.o
 .debug_aranges
                0x0000000000000848       0x58 build/stm32l4xx_hal_gpio.o
 .debug_aranges
                0x00000000000008a0      0x130 build/stm32l4xx_hal_pwr_ex.o
 .debug_aranges
                0x00000000000009d0       0xa8 build/stm32l4xx_hal_cortex.o
 .debug_aranges
                0x0000000000000a78      0x100 build/stm32l4xx_hal_qspi.o
 .debug_aranges
                0x0000000000000b78       0xe8 build/stm32l475e_iot01.o
 .debug_aranges
                0x0000000000000c60       0x28 build/system_stm32l4xx.o
 .debug_aranges
                0x0000000000000c88       0x98 build/stm32l4xx_hal_dac.o
 .debug_aranges
                0x0000000000000d20       0x28 build/startup_stm32l475xx.o
 .debug_aranges
                0x0000000000000d48       0x18 /usr/lib/gcc/arm-none-eabi/6.3.1/../../../arm-none-eabi/lib/thumb/v7e-m/fpv4-sp/hard/libc_nano.a(lib_a-impure.o)
 .debug_aranges
                0x0000000000000d60       0x20 /usr/lib/gcc/arm-none-eabi/6.3.1/../../../arm-none-eabi/lib/thumb/v7e-m/fpv4-sp/hard/libc_nano.a(lib_a-init.o)
 .debug_aranges
                0x0000000000000d80       0x20 /usr/lib/gcc/arm-none-eabi/6.3.1/../../../arm-none-eabi/lib/thumb/v7e-m/fpv4-sp/hard/libc_nano.a(lib_a-memset.o)
 .debug_aranges
                0x0000000000000da0       0x20 /usr/lib/gcc/arm-none-eabi/6.3.1/../../../arm-none-eabi/lib/thumb/v7e-m/fpv4-sp/hard/libc_nano.a(lib_a-printf.o)
 .debug_aranges
                0x0000000000000dc0       0x20 /usr/lib/gcc/arm-none-eabi/6.3.1/../../../arm-none-eabi/lib/thumb/v7e-m/fpv4-sp/hard/libc_nano.a(lib_a-puts.o)
 .debug_aranges
                0x0000000000000de0       0x20 /usr/lib/gcc/arm-none-eabi/6.3.1/../../../arm-none-eabi/lib/thumb/v7e-m/fpv4-sp/hard/libc_nano.a(lib_a-wbuf.o)
 .debug_aranges
                0x0000000000000e00       0x20 /usr/lib/gcc/arm-none-eabi/6.3.1/../../../arm-none-eabi/lib/thumb/v7e-m/fpv4-sp/hard/libc_nano.a(lib_a-wsetup.o)
 .debug_aranges
                0x0000000000000e20       0x20 /usr/lib/gcc/arm-none-eabi/6.3.1/../../../arm-none-eabi/lib/thumb/v7e-m/fpv4-sp/hard/libc_nano.a(lib_a-fflush.o)
 .debug_aranges
                0x0000000000000e40       0x20 /usr/lib/gcc/arm-none-eabi/6.3.1/../../../arm-none-eabi/lib/thumb/v7e-m/fpv4-sp/hard/libc_nano.a(lib_a-findfp.o)
 .debug_aranges
                0x0000000000000e60       0x20 /usr/lib/gcc/arm-none-eabi/6.3.1/../../../arm-none-eabi/lib/thumb/v7e-m/fpv4-sp/hard/libc_nano.a(lib_a-fwalk.o)
 .debug_aranges
                0x0000000000000e80       0x20 /usr/lib/gcc/arm-none-eabi/6.3.1/../../../arm-none-eabi/lib/thumb/v7e-m/fpv4-sp/hard/libc_nano.a(lib_a-makebuf.o)
 .debug_aranges
                0x0000000000000ea0       0x20 /usr/lib/gcc/arm-none-eabi/6.3.1/../../../arm-none-eabi/lib/thumb/v7e-m/fpv4-sp/hard/libc_nano.a(lib_a-nano-freer.o)
 .debug_aranges
                0x0000000000000ec0       0x20 /usr/lib/gcc/arm-none-eabi/6.3.1/../../../arm-none-eabi/lib/thumb/v7e-m/fpv4-sp/hard/libc_nano.a(lib_a-nano-mallocr.o)
 .debug_aranges
                0x0000000000000ee0       0x20 /usr/lib/gcc/arm-none-eabi/6.3.1/../../../arm-none-eabi/lib/thumb/v7e-m/fpv4-sp/hard/libc_nano.a(lib_a-nano-vfprintf.o)
 .debug_aranges
                0x0000000000000f00       0x20 /usr/lib/gcc/arm-none-eabi/6.3.1/../../../arm-none-eabi/lib/thumb/v7e-m/fpv4-sp/hard/libc_nano.a(lib_a-nano-vfprintf_i.o)
 .debug_aranges
                0x0000000000000f20       0x20 /usr/lib/gcc/arm-none-eabi/6.3.1/../../../arm-none-eabi/lib/thumb/v7e-m/fpv4-sp/hard/libc_nano.a(lib_a-sbrkr.o)
 .debug_aranges
                0x0000000000000f40       0x20 /usr/lib/gcc/arm-none-eabi/6.3.1/../../../arm-none-eabi/lib/thumb/v7e-m/fpv4-sp/hard/libc_nano.a(lib_a-stdio.o)
 .debug_aranges
                0x0000000000000f60       0x20 /usr/lib/gcc/arm-none-eabi/6.3.1/../../../arm-none-eabi/lib/thumb/v7e-m/fpv4-sp/hard/libc_nano.a(lib_a-writer.o)
 .debug_aranges
                0x0000000000000f80       0x20 /usr/lib/gcc/arm-none-eabi/6.3.1/../../../arm-none-eabi/lib/thumb/v7e-m/fpv4-sp/hard/libc_nano.a(lib_a-closer.o)
 .debug_aranges
                0x0000000000000fa0       0x20 /usr/lib/gcc/arm-none-eabi/6.3.1/../../../arm-none-eabi/lib/thumb/v7e-m/fpv4-sp/hard/libc_nano.a(lib_a-fstatr.o)
 .debug_aranges
                0x0000000000000fc0       0x20 /usr/lib/gcc/arm-none-eabi/6.3.1/../../../arm-none-eabi/lib/thumb/v7e-m/fpv4-sp/hard/libc_nano.a(lib_a-fvwrite.o)
 .debug_aranges
                0x0000000000000fe0       0x20 /usr/lib/gcc/arm-none-eabi/6.3.1/../../../arm-none-eabi/lib/thumb/v7e-m/fpv4-sp/hard/libc_nano.a(lib_a-isattyr.o)
 .debug_aranges
                0x0000000000001000       0x20 /usr/lib/gcc/arm-none-eabi/6.3.1/../../../arm-none-eabi/lib/thumb/v7e-m/fpv4-sp/hard/libc_nano.a(lib_a-lseekr.o)
 .debug_aranges
                0x0000000000001020       0x20 /usr/lib/gcc/arm-none-eabi/6.3.1/../../../arm-none-eabi/lib/thumb/v7e-m/fpv4-sp/hard/libc_nano.a(lib_a-memchr.o)
 .debug_aranges
                0x0000000000001040       0x20 /usr/lib/gcc/arm-none-eabi/6.3.1/../../../arm-none-eabi/lib/thumb/v7e-m/fpv4-sp/hard/libc_nano.a(lib_a-memcpy.o)
 .debug_aranges
                0x0000000000001060       0x20 /usr/lib/gcc/arm-none-eabi/6.3.1/../../../arm-none-eabi/lib/thumb/v7e-m/fpv4-sp/hard/libc_nano.a(lib_a-memmove.o)
 .debug_aranges
                0x0000000000001080       0x20 /usr/lib/gcc/arm-none-eabi/6.3.1/../../../arm-none-eabi/lib/thumb/v7e-m/fpv4-sp/hard/libc_nano.a(lib_a-nano-reallocr.o)
 .debug_aranges
                0x00000000000010a0       0x20 /usr/lib/gcc/arm-none-eabi/6.3.1/../../../arm-none-eabi/lib/thumb/v7e-m/fpv4-sp/hard/libc_nano.a(lib_a-readr.o)
 .debug_aranges
                0x00000000000010c0       0x20 /usr/lib/gcc/arm-none-eabi/6.3.1/../../../arm-none-eabi/lib/thumb/v7e-m/fpv4-sp/hard/libc_nano.a(lib_a-reent.o)
 .debug_aranges
                0x00000000000010e0       0x20 /usr/lib/gcc/arm-none-eabi/6.3.1/../../../arm-none-eabi/lib/thumb/v7e-m/fpv4-sp/hard/libc_nano.a(lib_a-nano-msizer.o)
 .debug_aranges
                0x0000000000001100       0x20 /usr/lib/gcc/arm-none-eabi/6.3.1/../../../arm-none-eabi/lib/thumb/v7e-m/fpv4-sp/hard/libnosys.a(close.o)
 .debug_aranges
                0x0000000000001120       0x20 /usr/lib/gcc/arm-none-eabi/6.3.1/../../../arm-none-eabi/lib/thumb/v7e-m/fpv4-sp/hard/libnosys.a(fstat.o)
 .debug_aranges
                0x0000000000001140       0x20 /usr/lib/gcc/arm-none-eabi/6.3.1/../../../arm-none-eabi/lib/thumb/v7e-m/fpv4-sp/hard/libnosys.a(isatty.o)
 .debug_aranges
                0x0000000000001160       0x20 /usr/lib/gcc/arm-none-eabi/6.3.1/../../../arm-none-eabi/lib/thumb/v7e-m/fpv4-sp/hard/libnosys.a(lseek.o)
 .debug_aranges
                0x0000000000001180       0x20 /usr/lib/gcc/arm-none-eabi/6.3.1/../../../arm-none-eabi/lib/thumb/v7e-m/fpv4-sp/hard/libnosys.a(sbrk.o)
 .debug_aranges
                0x00000000000011a0       0x20 /usr/lib/gcc/arm-none-eabi/6.3.1/thumb/v7e-m/fpv4-sp/hard/libgcc.a(_aeabi_uldivmod.o)
 .debug_aranges
                0x00000000000011c0       0x20 /usr/lib/gcc/arm-none-eabi/6.3.1/thumb/v7e-m/fpv4-sp/hard/libgcc.a(_udivmoddi4.o)
 .debug_aranges
                0x00000000000011e0       0x20 /usr/lib/gcc/arm-none-eabi/6.3.1/thumb/v7e-m/fpv4-sp/hard/libgcc.a(_dvmd_tls.o)

.debug_ranges   0x0000000000000000     0x2040
 .debug_ranges  0x0000000000000000      0x118 build/main.o
 .debug_ranges  0x0000000000000118       0x40 build/stm32l4xx_it.o
 .debug_ranges  0x0000000000000158      0x120 build/stm32l4xx_hal_msp.o
 .debug_ranges  0x0000000000000278      0x7b8 build/stm32l4xx_hal_tim.o
 .debug_ranges  0x0000000000000a30      0x108 build/stm32l4xx_hal_tim_ex.o
 .debug_ranges  0x0000000000000b38      0x470 build/stm32l4xx_hal_uart.o
 .debug_ranges  0x0000000000000fa8      0x118 build/stm32l4xx_hal.o
 .debug_ranges  0x00000000000010c0      0x138 build/stm32l4xx_hal_rcc.o
 .debug_ranges  0x00000000000011f8       0xe8 build/stm32l4xx_hal_rcc_ex.o
 .debug_ranges  0x00000000000012e0       0x60 build/stm32l4xx_hal_gpio.o
 .debug_ranges  0x0000000000001340      0x120 build/stm32l4xx_hal_pwr_ex.o
 .debug_ranges  0x0000000000001460      0x160 build/stm32l4xx_hal_cortex.o
 .debug_ranges  0x00000000000015c0      0x2f0 build/stm32l4xx_hal_qspi.o
 .debug_ranges  0x00000000000018b0      0x270 build/stm32l475e_iot01.o
 .debug_ranges  0x0000000000001b20       0x18 build/system_stm32l4xx.o
 .debug_ranges  0x0000000000001b38       0x88 build/stm32l4xx_hal_dac.o
 .debug_ranges  0x0000000000001bc0       0x20 build/startup_stm32l475xx.o
 .debug_ranges  0x0000000000001be0       0x60 /usr/lib/gcc/arm-none-eabi/6.3.1/../../../arm-none-eabi/lib/thumb/v7e-m/fpv4-sp/hard/libc_nano.a(lib_a-puts.o)
 .debug_ranges  0x0000000000001c40       0x18 /usr/lib/gcc/arm-none-eabi/6.3.1/../../../arm-none-eabi/lib/thumb/v7e-m/fpv4-sp/hard/libc_nano.a(lib_a-wbuf.o)
 .debug_ranges  0x0000000000001c58       0x30 /usr/lib/gcc/arm-none-eabi/6.3.1/../../../arm-none-eabi/lib/thumb/v7e-m/fpv4-sp/hard/libc_nano.a(lib_a-wsetup.o)
 .debug_ranges  0x0000000000001c88       0x58 /usr/lib/gcc/arm-none-eabi/6.3.1/../../../arm-none-eabi/lib/thumb/v7e-m/fpv4-sp/hard/libc_nano.a(lib_a-fflush.o)
 .debug_ranges  0x0000000000001ce0       0x68 /usr/lib/gcc/arm-none-eabi/6.3.1/../../../arm-none-eabi/lib/thumb/v7e-m/fpv4-sp/hard/libc_nano.a(lib_a-findfp.o)
 .debug_ranges  0x0000000000001d48       0x28 /usr/lib/gcc/arm-none-eabi/6.3.1/../../../arm-none-eabi/lib/thumb/v7e-m/fpv4-sp/hard/libc_nano.a(lib_a-makebuf.o)
 .debug_ranges  0x0000000000001d70       0x40 /usr/lib/gcc/arm-none-eabi/6.3.1/../../../arm-none-eabi/lib/thumb/v7e-m/fpv4-sp/hard/libc_nano.a(lib_a-nano-mallocr.o)
 .debug_ranges  0x0000000000001db0       0x18 /usr/lib/gcc/arm-none-eabi/6.3.1/../../../arm-none-eabi/lib/thumb/v7e-m/fpv4-sp/hard/libc_nano.a(lib_a-nano-vfprintf.o)
 .debug_ranges  0x0000000000001dc8       0xb0 /usr/lib/gcc/arm-none-eabi/6.3.1/../../../arm-none-eabi/lib/thumb/v7e-m/fpv4-sp/hard/libc_nano.a(lib_a-nano-vfprintf_i.o)
 .debug_ranges  0x0000000000001e78       0x28 /usr/lib/gcc/arm-none-eabi/6.3.1/../../../arm-none-eabi/lib/thumb/v7e-m/fpv4-sp/hard/libc_nano.a(lib_a-writer.o)
 .debug_ranges  0x0000000000001ea0       0x20 /usr/lib/gcc/arm-none-eabi/6.3.1/../../../arm-none-eabi/lib/thumb/v7e-m/fpv4-sp/hard/libc_nano.a(lib_a-closer.o)
 .debug_ranges  0x0000000000001ec0       0x20 /usr/lib/gcc/arm-none-eabi/6.3.1/../../../arm-none-eabi/lib/thumb/v7e-m/fpv4-sp/hard/libc_nano.a(lib_a-fstatr.o)
 .debug_ranges  0x0000000000001ee0       0x20 /usr/lib/gcc/arm-none-eabi/6.3.1/../../../arm-none-eabi/lib/thumb/v7e-m/fpv4-sp/hard/libc_nano.a(lib_a-fvwrite.o)
 .debug_ranges  0x0000000000001f00       0x20 /usr/lib/gcc/arm-none-eabi/6.3.1/../../../arm-none-eabi/lib/thumb/v7e-m/fpv4-sp/hard/libc_nano.a(lib_a-isattyr.o)
 .debug_ranges  0x0000000000001f20       0x28 /usr/lib/gcc/arm-none-eabi/6.3.1/../../../arm-none-eabi/lib/thumb/v7e-m/fpv4-sp/hard/libc_nano.a(lib_a-lseekr.o)
 .debug_ranges  0x0000000000001f48       0x28 /usr/lib/gcc/arm-none-eabi/6.3.1/../../../arm-none-eabi/lib/thumb/v7e-m/fpv4-sp/hard/libc_nano.a(lib_a-readr.o)
 .debug_ranges  0x0000000000001f70       0xd0 /usr/lib/gcc/arm-none-eabi/6.3.1/thumb/v7e-m/fpv4-sp/hard/libgcc.a(_udivmoddi4.o)

.debug_line     0x0000000000000000     0xb340
 .debug_line    0x0000000000000000      0x41d build/main.o
 .debug_line    0x000000000000041d      0x201 build/stm32l4xx_it.o
 .debug_line    0x000000000000061e      0x331 build/stm32l4xx_hal_msp.o
 .debug_line    0x000000000000094f     0x1bd5 build/stm32l4xx_hal_tim.o
 .debug_line    0x0000000000002524      0x8be build/stm32l4xx_hal_tim_ex.o
 .debug_line    0x0000000000002de2     0x13dc build/stm32l4xx_hal_uart.o
 .debug_line    0x00000000000041be      0x430 build/stm32l4xx_hal.o
 .debug_line    0x00000000000045ee      0x5f1 build/stm32l4xx_hal_rcc.o
 .debug_line    0x0000000000004bdf      0x744 build/stm32l4xx_hal_rcc_ex.o
 .debug_line    0x0000000000005323      0x37a build/stm32l4xx_hal_gpio.o
 .debug_line    0x000000000000569d      0x601 build/stm32l4xx_hal_pwr_ex.o
 .debug_line    0x0000000000005c9e      0x42c build/stm32l4xx_hal_cortex.o
 .debug_line    0x00000000000060ca      0x9ba build/stm32l4xx_hal_qspi.o
 .debug_line    0x0000000000006a84      0x5b3 build/stm32l475e_iot01.o
 .debug_line    0x0000000000007037      0x1e0 build/system_stm32l4xx.o
 .debug_line    0x0000000000007217      0x4b0 build/stm32l4xx_hal_dac.o
 .debug_line    0x00000000000076c7       0x73 build/startup_stm32l475xx.o
 .debug_line    0x000000000000773a       0xef /usr/lib/gcc/arm-none-eabi/6.3.1/../../../arm-none-eabi/lib/thumb/v7e-m/fpv4-sp/hard/libc_nano.a(lib_a-impure.o)
 .debug_line    0x0000000000007829       0xbe /usr/lib/gcc/arm-none-eabi/6.3.1/../../../arm-none-eabi/lib/thumb/v7e-m/fpv4-sp/hard/libc_nano.a(lib_a-init.o)
 .debug_line    0x00000000000078e7      0x17c /usr/lib/gcc/arm-none-eabi/6.3.1/../../../arm-none-eabi/lib/thumb/v7e-m/fpv4-sp/hard/libc_nano.a(lib_a-memset.o)
 .debug_line    0x0000000000007a63      0x1b0 /usr/lib/gcc/arm-none-eabi/6.3.1/../../../arm-none-eabi/lib/thumb/v7e-m/fpv4-sp/hard/libc_nano.a(lib_a-printf.o)
 .debug_line    0x0000000000007c13      0x210 /usr/lib/gcc/arm-none-eabi/6.3.1/../../../arm-none-eabi/lib/thumb/v7e-m/fpv4-sp/hard/libc_nano.a(lib_a-puts.o)
 .debug_line    0x0000000000007e23      0x1e5 /usr/lib/gcc/arm-none-eabi/6.3.1/../../../arm-none-eabi/lib/thumb/v7e-m/fpv4-sp/hard/libc_nano.a(lib_a-wbuf.o)
 .debug_line    0x0000000000008008      0x1e5 /usr/lib/gcc/arm-none-eabi/6.3.1/../../../arm-none-eabi/lib/thumb/v7e-m/fpv4-sp/hard/libc_nano.a(lib_a-wsetup.o)
 .debug_line    0x00000000000081ed      0x244 /usr/lib/gcc/arm-none-eabi/6.3.1/../../../arm-none-eabi/lib/thumb/v7e-m/fpv4-sp/hard/libc_nano.a(lib_a-fflush.o)
 .debug_line    0x0000000000008431      0x29e /usr/lib/gcc/arm-none-eabi/6.3.1/../../../arm-none-eabi/lib/thumb/v7e-m/fpv4-sp/hard/libc_nano.a(lib_a-findfp.o)
 .debug_line    0x00000000000086cf      0x1ca /usr/lib/gcc/arm-none-eabi/6.3.1/../../../arm-none-eabi/lib/thumb/v7e-m/fpv4-sp/hard/libc_nano.a(lib_a-fwalk.o)
 .debug_line    0x0000000000008899      0x279 /usr/lib/gcc/arm-none-eabi/6.3.1/../../../arm-none-eabi/lib/thumb/v7e-m/fpv4-sp/hard/libc_nano.a(lib_a-makebuf.o)
 .debug_line    0x0000000000008b12      0x165 /usr/lib/gcc/arm-none-eabi/6.3.1/../../../arm-none-eabi/lib/thumb/v7e-m/fpv4-sp/hard/libc_nano.a(lib_a-nano-freer.o)
 .debug_line    0x0000000000008c77      0x1a8 /usr/lib/gcc/arm-none-eabi/6.3.1/../../../arm-none-eabi/lib/thumb/v7e-m/fpv4-sp/hard/libc_nano.a(lib_a-nano-mallocr.o)
 .debug_line    0x0000000000008e1f      0x362 /usr/lib/gcc/arm-none-eabi/6.3.1/../../../arm-none-eabi/lib/thumb/v7e-m/fpv4-sp/hard/libc_nano.a(lib_a-nano-vfprintf.o)
 .debug_line    0x0000000000009181      0x3a1 /usr/lib/gcc/arm-none-eabi/6.3.1/../../../arm-none-eabi/lib/thumb/v7e-m/fpv4-sp/hard/libc_nano.a(lib_a-nano-vfprintf_i.o)
 .debug_line    0x0000000000009522      0x160 /usr/lib/gcc/arm-none-eabi/6.3.1/../../../arm-none-eabi/lib/thumb/v7e-m/fpv4-sp/hard/libc_nano.a(lib_a-sbrkr.o)
 .debug_line    0x0000000000009682      0x1bb /usr/lib/gcc/arm-none-eabi/6.3.1/../../../arm-none-eabi/lib/thumb/v7e-m/fpv4-sp/hard/libc_nano.a(lib_a-stdio.o)
 .debug_line    0x000000000000983d      0x163 /usr/lib/gcc/arm-none-eabi/6.3.1/../../../arm-none-eabi/lib/thumb/v7e-m/fpv4-sp/hard/libc_nano.a(lib_a-writer.o)
 .debug_line    0x00000000000099a0      0x161 /usr/lib/gcc/arm-none-eabi/6.3.1/../../../arm-none-eabi/lib/thumb/v7e-m/fpv4-sp/hard/libc_nano.a(lib_a-closer.o)
 .debug_line    0x0000000000009b01      0x1ea /usr/lib/gcc/arm-none-eabi/6.3.1/../../../arm-none-eabi/lib/thumb/v7e-m/fpv4-sp/hard/libc_nano.a(lib_a-fstatr.o)
 .debug_line    0x0000000000009ceb      0x2c1 /usr/lib/gcc/arm-none-eabi/6.3.1/../../../arm-none-eabi/lib/thumb/v7e-m/fpv4-sp/hard/libc_nano.a(lib_a-fvwrite.o)
 .debug_line    0x0000000000009fac      0x162 /usr/lib/gcc/arm-none-eabi/6.3.1/../../../arm-none-eabi/lib/thumb/v7e-m/fpv4-sp/hard/libc_nano.a(lib_a-isattyr.o)
 .debug_line    0x000000000000a10e      0x163 /usr/lib/gcc/arm-none-eabi/6.3.1/../../../arm-none-eabi/lib/thumb/v7e-m/fpv4-sp/hard/libc_nano.a(lib_a-lseekr.o)
 .debug_line    0x000000000000a271       0xa7 /usr/lib/gcc/arm-none-eabi/6.3.1/../../../arm-none-eabi/lib/thumb/v7e-m/fpv4-sp/hard/libc_nano.a(lib_a-memchr.o)
 .debug_line    0x000000000000a318       0xc1 /usr/lib/gcc/arm-none-eabi/6.3.1/../../../arm-none-eabi/lib/thumb/v7e-m/fpv4-sp/hard/libc_nano.a(lib_a-memcpy.o)
 .debug_line    0x000000000000a3d9      0x182 /usr/lib/gcc/arm-none-eabi/6.3.1/../../../arm-none-eabi/lib/thumb/v7e-m/fpv4-sp/hard/libc_nano.a(lib_a-memmove.o)
 .debug_line    0x000000000000a55b      0x181 /usr/lib/gcc/arm-none-eabi/6.3.1/../../../arm-none-eabi/lib/thumb/v7e-m/fpv4-sp/hard/libc_nano.a(lib_a-nano-reallocr.o)
 .debug_line    0x000000000000a6dc      0x162 /usr/lib/gcc/arm-none-eabi/6.3.1/../../../arm-none-eabi/lib/thumb/v7e-m/fpv4-sp/hard/libc_nano.a(lib_a-readr.o)
 .debug_line    0x000000000000a83e      0x182 /usr/lib/gcc/arm-none-eabi/6.3.1/../../../arm-none-eabi/lib/thumb/v7e-m/fpv4-sp/hard/libc_nano.a(lib_a-reent.o)
 .debug_line    0x000000000000a9c0      0x115 /usr/lib/gcc/arm-none-eabi/6.3.1/../../../arm-none-eabi/lib/thumb/v7e-m/fpv4-sp/hard/libc_nano.a(lib_a-nano-msizer.o)
 .debug_line    0x000000000000aad5      0x107 /usr/lib/gcc/arm-none-eabi/6.3.1/../../../arm-none-eabi/lib/thumb/v7e-m/fpv4-sp/hard/libnosys.a(close.o)
 .debug_line    0x000000000000abdc      0x1ce /usr/lib/gcc/arm-none-eabi/6.3.1/../../../arm-none-eabi/lib/thumb/v7e-m/fpv4-sp/hard/libnosys.a(fstat.o)
 .debug_line    0x000000000000adaa      0x108 /usr/lib/gcc/arm-none-eabi/6.3.1/../../../arm-none-eabi/lib/thumb/v7e-m/fpv4-sp/hard/libnosys.a(isatty.o)